Archive member included to satisfy reference by file (symbol)

/usr/lib/gcc/arm-none-eabi/13.2.1/thumb/v6-m/nofp/libgcc.a(_dvmd_tls.o)
                              CMakeFiles/test.dir/home/alex/pico/pico-sdk/src/rp2_common/pico_divider/divider_hardware.S.o (__aeabi_idiv0)
/usr/lib/gcc/arm-none-eabi/13.2.1/../../../arm-none-eabi/lib/thumb/v6-m/nofp/libg.a(libc_a-strncpy.o)
                              CMakeFiles/test.dir/lib/no-OS-FatFS-SD-SPI-RPi-Pico/FatFs_SPI/src/ff_stdio.c.o (strncpy)
/usr/lib/gcc/arm-none-eabi/13.2.1/../../../arm-none-eabi/lib/thumb/v6-m/nofp/libg.a(libc_a-strchr.o)
                              CMakeFiles/test.dir/lib/no-OS-FatFS-SD-SPI-RPi-Pico/FatFs_SPI/ff15/source/ff.c.o (strchr)
/usr/lib/gcc/arm-none-eabi/13.2.1/../../../arm-none-eabi/lib/thumb/v6-m/nofp/libg.a(libc_a-strcmp.o)
                              CMakeFiles/test.dir/lib/no-OS-FatFS-SD-SPI-RPi-Pico/FatFs_SPI/src/ff_stdio.c.o (strcmp)
/usr/lib/gcc/arm-none-eabi/13.2.1/../../../arm-none-eabi/lib/thumb/v6-m/nofp/libg.a(libc_a-fflush.o)
                              CMakeFiles/test.dir/lib/no-OS-FatFS-SD-SPI-RPi-Pico/FatFs_SPI/sd_driver/demo_logging.c.o (fflush)
/usr/lib/gcc/arm-none-eabi/13.2.1/../../../arm-none-eabi/lib/thumb/v6-m/nofp/libg.a(libc_a-calloc.o)
                              CMakeFiles/test.dir/home/alex/pico/pico-sdk/src/rp2_common/pico_malloc/malloc.c.o (calloc)
/usr/lib/gcc/arm-none-eabi/13.2.1/../../../arm-none-eabi/lib/thumb/v6-m/nofp/libg.a(libc_a-errno.o)
                              CMakeFiles/test.dir/lib/no-OS-FatFS-SD-SPI-RPi-Pico/FatFs_SPI/src/ff_stdio.c.o (__errno)
/usr/lib/gcc/arm-none-eabi/13.2.1/../../../arm-none-eabi/lib/thumb/v6-m/nofp/libg.a(libc_a-impure.o)
                              CMakeFiles/test.dir/lib/no-OS-FatFS-SD-SPI-RPi-Pico/FatFs_SPI/sd_driver/demo_logging.c.o (_impure_ptr)
/usr/lib/gcc/arm-none-eabi/13.2.1/../../../arm-none-eabi/lib/thumb/v6-m/nofp/libg.a(libc_a-callocr.o)
                              /usr/lib/gcc/arm-none-eabi/13.2.1/../../../arm-none-eabi/lib/thumb/v6-m/nofp/libg.a(libc_a-calloc.o) (_calloc_r)
/usr/lib/gcc/arm-none-eabi/13.2.1/../../../arm-none-eabi/lib/thumb/v6-m/nofp/libg.a(libc_a-realloc.o)
                              CMakeFiles/test.dir/home/alex/pico/pico-sdk/src/rp2_common/pico_malloc/malloc.c.o (realloc)
/usr/lib/gcc/arm-none-eabi/13.2.1/../../../arm-none-eabi/lib/thumb/v6-m/nofp/libg.a(libc_a-mallocr.o)
                              /usr/lib/gcc/arm-none-eabi/13.2.1/../../../arm-none-eabi/lib/thumb/v6-m/nofp/libg.a(libc_a-callocr.o) (_malloc_r)
/usr/lib/gcc/arm-none-eabi/13.2.1/../../../arm-none-eabi/lib/thumb/v6-m/nofp/libg.a(libc_a-freer.o)
                              /usr/lib/gcc/arm-none-eabi/13.2.1/../../../arm-none-eabi/lib/thumb/v6-m/nofp/libg.a(libc_a-fflush.o) (_free_r)
/usr/lib/gcc/arm-none-eabi/13.2.1/../../../arm-none-eabi/lib/thumb/v6-m/nofp/libg.a(libc_a-memcmp.o)
                              CMakeFiles/test.dir/home/alex/pico/pico-sdk/src/rp2_common/pico_atomic/atomic.c.o (memcmp)
/usr/lib/gcc/arm-none-eabi/13.2.1/../../../arm-none-eabi/lib/thumb/v6-m/nofp/libg.a(libc_a-malloc.o)
                              CMakeFiles/test.dir/home/alex/pico/pico-sdk/src/rp2_common/pico_malloc/malloc.c.o (malloc)
/usr/lib/gcc/arm-none-eabi/13.2.1/../../../arm-none-eabi/lib/thumb/v6-m/nofp/libg.a(libc_a-sysconf.o)
                              /usr/lib/gcc/arm-none-eabi/13.2.1/../../../arm-none-eabi/lib/thumb/v6-m/nofp/libg.a(libc_a-mallocr.o) (sysconf)
/usr/lib/gcc/arm-none-eabi/13.2.1/../../../arm-none-eabi/lib/thumb/v6-m/nofp/libg.a(libc_a-init.o)
                              /usr/lib/gcc/arm-none-eabi/13.2.1/../../../arm-none-eabi/lib/thumb/v6-m/nofp/crt0.o (__libc_init_array)
/usr/lib/gcc/arm-none-eabi/13.2.1/../../../arm-none-eabi/lib/thumb/v6-m/nofp/libg.a(libc_a-reallocr.o)
                              /usr/lib/gcc/arm-none-eabi/13.2.1/../../../arm-none-eabi/lib/thumb/v6-m/nofp/libg.a(libc_a-realloc.o) (_realloc_r)
/usr/lib/gcc/arm-none-eabi/13.2.1/../../../arm-none-eabi/lib/thumb/v6-m/nofp/libg.a(libc_a-mktime.o)
                              CMakeFiles/test.dir/home/alex/pico/pico-sdk/src/common/pico_util/datetime.c.o (mktime)
/usr/lib/gcc/arm-none-eabi/13.2.1/../../../arm-none-eabi/lib/thumb/v6-m/nofp/libg.a(libc_a-mlock.o)
                              /usr/lib/gcc/arm-none-eabi/13.2.1/../../../arm-none-eabi/lib/thumb/v6-m/nofp/libg.a(libc_a-mallocr.o) (__malloc_lock)
/usr/lib/gcc/arm-none-eabi/13.2.1/../../../arm-none-eabi/lib/thumb/v6-m/nofp/libg.a(libc_a-findfp.o)
                              /usr/lib/gcc/arm-none-eabi/13.2.1/../../../arm-none-eabi/lib/thumb/v6-m/nofp/libg.a(libc_a-impure.o) (__sf)
/usr/lib/gcc/arm-none-eabi/13.2.1/../../../arm-none-eabi/lib/thumb/v6-m/nofp/libg.a(libc_a-tzlock.o)
                              /usr/lib/gcc/arm-none-eabi/13.2.1/../../../arm-none-eabi/lib/thumb/v6-m/nofp/libg.a(libc_a-mktime.o) (__tz_lock)
[...]
Memory Configuration

Name             Origin             Length             Attributes
FLASH            0x10000000         0x00200000         xr
RAM              0x20000000         0x00040000         xrw
SCRATCH_X        0x20040000         0x00001000         xrw
SCRATCH_Y        0x20041000         0x00001000         xrw
*default*        0x00000000         0xffffffff

Linker script and memory map

LOAD /usr/lib/gcc/arm-none-eabi/13.2.1/thumb/v6-m/nofp/crti.o
LOAD /usr/lib/gcc/arm-none-eabi/13.2.1/thumb/v6-m/nofp/crtbegin.o
LOAD /usr/lib/gcc/arm-none-eabi/13.2.1/../../../arm-none-eabi/lib/thumb/v6-m/nofp/crt0.o

.flash_begin    0x10000000        0x0
                0x10000000                        __flash_binary_start = .

.boot2          0x10000000      0x100
                0x10000000                        __boot2_start__ = .
 *(.boot2)
 .boot2         0x10000000      0x100 pico-sdk/src/rp2040/boot_stage2/CMakeFiles/bs2_default_library.dir/bs2_default_padded_checksummed.S.o
                0x10000100                        __boot2_end__ = .
                0x00000001                        ASSERT (((__boot2_end__ - __boot2_start__) == 0x100), ERROR: Pico second stage bootloader must be 256 bytes in size)

.text           0x10000100     0xfbf0
                0x10000100                        __logical_binary_start = .
 *(.vectors)
 .vectors       0x10000100       0xd4 CMakeFiles/test.dir/home/alex/pico/pico-sdk/src/rp2_common/pico_crt0/crt0.S.o
                0x10000100                __vectors
                0x10000100                __VECTOR_TABLE
                0x100001c0                isr_irq30
                0x100001c0                __unhandled_user_irq
                0x100001c0                isr_irq13
                0x100001c0                isr_irq27
                0x100001c0                isr_irq31
                0x100001c0                isr_irq5
                0x100001c0                isr_irq11
                0x100001c0                isr_irq23
                0x100001c0                isr_irq18
                0x100001c0                isr_irq28
                0x100001c0                isr_irq19
                0x100001c0                isr_irq0
                0x100001c0                isr_irq6
                0x100001c0                isr_irq22
                0x100001c0                isr_irq17
                0x100001c0                isr_irq14
                0x100001c0                __vectors_end
                0x100001c0                __default_isrs_start
                0x100001c0                isr_irq2
                0x100001c0                isr_irq10
                0x100001c0                isr_irq8
                0x100001c0                isr_irq24
                0x100001c0                isr_irq1
                0x100001c0                isr_irq7
                0x100001c0                isr_irq21
                0x100001c0                isr_irq20
                0x100001c0                isr_irq15
                0x100001c0                isr_irq25
                0x100001c0                isr_irq4
                0x100001c0                isr_irq16
                0x100001c0                isr_irq29
                0x100001c0                isr_irq26
                0x100001c0                isr_irq3
                0x100001c0                isr_irq12
                0x100001c0                isr_irq9
                0x100001c6                unhandled_user_irq_num_in_r0
                0x100001c8                isr_invalid
                0x100001ca                isr_nmi
                0x100001cc                isr_hardfault
                0x100001ce                isr_svcall
                0x100001d0                isr_pendsv
                0x100001d2                isr_systick
                0x100001d4                __default_isrs_end
 *(.binary_info_header)
 .binary_info_header
                0x100001d4       0x14 CMakeFiles/test.dir/home/alex/pico/pico-sdk/src/rp2_common/pico_crt0/crt0.S.o
                0x100001e8                        __binary_info_header_end = .
 *(.embedded_block)
                0x100001e8                        __embedded_block_end = .
 *(.reset)
 .reset         0x100001e8       0x9c CMakeFiles/test.dir/home/alex/pico/pico-sdk/src/rp2_common/pico_crt0/crt0.S.o
                0x100001e8                _entry_point
 *(.init)
 .init          0x10000284        0x4 /usr/lib/gcc/arm-none-eabi/13.2.1/thumb/v6-m/nofp/crti.o
                0x10000284                _init
 *(EXCLUDE_FILE(*libm.a: *libc.a:*lib_a-mem*.o *libgcc.a:) .text*)
 .text          0x10000288       0x98 /usr/lib/gcc/arm-none-eabi/13.2.1/thumb/v6-m/nofp/crtbegin.o
 .text.startup.main
                0x10000320      0x2f8 CMakeFiles/test.dir/main.cpp.o
                0x10000320                main
 .text._ZN8JoystickC2Eii
                0x10000618        0x8 CMakeFiles/test.dir/Joystick.cpp.o
                0x10000618                Joystick::Joystick(int, int)
                0x10000618                Joystick::Joystick(int, int)
 .text._ZN8Joystick4initEv
                0x10000620       0x44 CMakeFiles/test.dir/Joystick.cpp.o
                0x10000620                Joystick::init()
 .text._ZN8Joystick8getAngleEv
                0x10000664       0x3c CMakeFiles/test.dir/Joystick.cpp.o
                0x10000664                Joystick::getAngle()
 .text._ZN10ServoMotorC2Em
                0x100006a0        0xc CMakeFiles/test.dir/ServoMotor.cpp.o
                0x100006a0                ServoMotor::ServoMotor(unsigned long)
                0x100006a0                ServoMotor::ServoMotor(unsigned long)
 .text._ZN10ServoMotor4initEv
                0x100006ac       0x50 CMakeFiles/test.dir/ServoMotor.cpp.o
                0x100006ac                ServoMotor::init()
 .text._ZN10ServoMotor8setAngleEf
                0x100006fc       0xa0 CMakeFiles/test.dir/ServoMotor.cpp.o
                0x100006fc                ServoMotor::setAngle(float)
 .text._ZN8Qmc5883lC2Eh
                0x1000079c       0x18 CMakeFiles/test.dir/Qmc5883l.cpp.o
                0x1000079c                Qmc5883l::Qmc5883l(unsigned char)
                0x1000079c                Qmc5883l::Qmc5883l(unsigned char)
 .text._ZN8Qmc5883l4initEv
                0x100007b4       0x6c CMakeFiles/test.dir/Qmc5883l.cpp.o
                0x100007b4                Qmc5883l::init()
 .text._ZN8Qmc5883l7readRawEv
                0x10000820       0x44 CMakeFiles/test.dir/Qmc5883l.cpp.o
                0x10000820                Qmc5883l::readRaw()
 .text._ZN8Qmc5883l10getHeadingEv
                0x10000864       0x80 CMakeFiles/test.dir/Qmc5883l.cpp.o
                0x10000864                Qmc5883l::getHeading()
 .text._ZN8Qmc5883l17updateCalibrationEv
                0x100008e4       0x68 CMakeFiles/test.dir/Qmc5883l.cpp.o
                0x100008e4                Qmc5883l::updateCalibration()
 .text._ZN8Qmc5883l21getCalibrationHeadingEv
                0x1000094c       0xd8 CMakeFiles/test.dir/Qmc5883l.cpp.o
                0x1000094c                Qmc5883l::getCalibrationHeading()
 .text._ZN6Bmp280C2Eh
                0x10000a24       0x10 CMakeFiles/test.dir/Bmp280.cpp.o
                0x10000a24                Bmp280::Bmp280(unsigned char)
                0x10000a24                Bmp280::Bmp280(unsigned char)
 .text._ZN6Bmp28019readCalibrationDataEv
                0x10000a34       0x68 CMakeFiles/test.dir/Bmp280.cpp.o
                0x10000a34                Bmp280::readCalibrationData()
 .text._ZN6Bmp2804initEv
                0x10000a9c       0xb0 CMakeFiles/test.dir/Bmp280.cpp.o
                0x10000a9c                Bmp280::init()
 .text._ZN6Bmp28018compensatePressureEm
                0x10000b4c      0x1cc CMakeFiles/test.dir/Bmp280.cpp.o
                0x10000b4c                Bmp280::compensatePressure(unsigned long)
 .text._ZN6Bmp28015readTemperatureEv
                0x10000d18       0x80 CMakeFiles/test.dir/Bmp280.cpp.o
                0x10000d18                Bmp280::readTemperature()
 .text._ZN6Bmp28012readPressureEv
                0x10000d98       0x80 CMakeFiles/test.dir/Bmp280.cpp.o
                0x10000d98                Bmp280::readPressure()
 .text._ZN6Bmp28012readAltitudeEv
                0x10000e18       0xa4 CMakeFiles/test.dir/Bmp280.cpp.o
                0x10000e18                Bmp280::readAltitude()
 .text.spi_get_num
                0x10000ebc        0x4 CMakeFiles/test.dir/hw_config.c.o
                0x10000ebc                spi_get_num
 .text.spi_get_by_num
                0x10000ec0       0x10 CMakeFiles/test.dir/hw_config.c.o
                0x10000ec0                spi_get_by_num
 .text.sd_get_num
                0x10000ed0        0x4 CMakeFiles/test.dir/hw_config.c.o
                0x10000ed0                sd_get_num
 .text.sd_get_by_num
                0x10000ed4       0x10 CMakeFiles/test.dir/hw_config.c.o
                0x10000ed4                sd_get_by_num
 .text._ZN8SDLoggerC2Ev
                0x10000ee4        0xc CMakeFiles/test.dir/SDLogger.cpp.o
                0x10000ee4                SDLogger::SDLogger()
                0x10000ee4                SDLogger::SDLogger()
 .text._ZN8SDLogger4initEv
                0x10000ef0       0x48 CMakeFiles/test.dir/SDLogger.cpp.o
                0x10000ef0                SDLogger::init()
 .text._ZN8SDLogger8openFileEPKc
                0x10000f38       0x5c CMakeFiles/test.dir/SDLogger.cpp.o
                0x10000f38                SDLogger::openFile(char const*)
 .text._ZN8SDLogger9writeLineEPKc
                0x10000f94       0x60 CMakeFiles/test.dir/SDLogger.cpp.o
                0x10000f94                SDLogger::writeLine(char const*)
 .text._ZN15LoRaTransmitterC2Em
                0x10000ff4        0x4 CMakeFiles/test.dir/LoRaE220Transmitter.cpp.o
                0x10000ff4                LoRaTransmitter::LoRaTransmitter(unsigned long)
                0x10000ff4                LoRaTransmitter::LoRaTransmitter(unsigned long)
 .text._ZN15LoRaTransmitter4initEv
                0x10000ff8       0x2c CMakeFiles/test.dir/LoRaE220Transmitter.cpp.o
                0x10000ff8                LoRaTransmitter::init()
 .text._ZN15LoRaTransmitter11sendMessageEPKc
                0x10001024       0x5c CMakeFiles/test.dir/LoRaE220Transmitter.cpp.o
                0x10001024                LoRaTransmitter::sendMessage(char const*)
 .text.gpio_set_function
                0x10001080       0x34 CMakeFiles/test.dir/home/alex/pico/pico-sdk/src/rp2_common/hardware_gpio/gpio.c.o
                0x10001080                gpio_set_function
 .text.gpio_set_pulls
                0x100010b4       0x28 CMakeFiles/test.dir/home/alex/pico/pico-sdk/src/rp2_common/hardware_gpio/gpio.c.o
                0x100010b4                gpio_set_pulls
 .text.gpio_set_drive_strength
                0x100010dc       0x24 CMakeFiles/test.dir/home/alex/pico/pico-sdk/src/rp2_common/hardware_gpio/gpio.c.o
                0x100010dc                gpio_set_drive_strength
 .text.gpio_set_input_enabled
                0x10001100       0x28 CMakeFiles/test.dir/home/alex/pico/pico-sdk/src/rp2_common/hardware_gpio/gpio.c.o
                0x10001100                gpio_set_input_enabled
 .text.gpio_init
                0x10001128       0x40 CMakeFiles/test.dir/home/alex/pico/pico-sdk/src/rp2_common/hardware_gpio/gpio.c.o
                0x10001128                gpio_init
 .text.rp2040_chip_version
                0x10001168        0xc CMakeFiles/test.dir/home/alex/pico/pico-sdk/src/rp2040/pico_platform/platform.c.o
                0x10001168                rp2040_chip_version
 .text.panic    0x10001174       0x30 CMakeFiles/test.dir/home/alex/pico/pico-sdk/src/rp2_common/pico_platform_panic/panic.c.o
                0x10001174                panic
 .text.hw_claim_or_assert
                0x100011a4       0x44 CMakeFiles/test.dir/home/alex/pico/pico-sdk/src/common/hardware_claim/claim.c.o
                0x100011a4                hw_claim_or_assert
 .text.hw_claim_unused_from_range
                0x100011e8       0x9c CMakeFiles/test.dir/home/alex/pico/pico-sdk/src/common/hardware_claim/claim.c.o
                0x100011e8                hw_claim_unused_from_range
 .text.next_striped_spin_lock_num
                0x10001284       0x18 CMakeFiles/test.dir/home/alex/pico/pico-sdk/src/rp2_common/hardware_sync/sync.c.o
                0x10001284                next_striped_spin_lock_num
 .text.spin_lock_claim_unused
                0x1000129c       0x24 CMakeFiles/test.dir/home/alex/pico/pico-sdk/src/rp2_common/hardware_sync/sync.c.o
                0x1000129c                spin_lock_claim_unused
 .text.spin_locks_reset
                0x100012c0       0x1c CMakeFiles/test.dir/home/alex/pico/pico-sdk/src/rp2_common/hardware_sync_spin_lock/sync_spin_lock.c.o
                0x100012c0                spin_locks_reset
 .text.runtime_init_per_core_irq_priorities
                0x100012dc       0x24 CMakeFiles/test.dir/home/alex/pico/pico-sdk/src/rp2_common/hardware_irq/irq.c.o
                0x100012dc                runtime_init_per_core_irq_priorities
 .text.irq_set_enabled
                0x10001300       0x24 CMakeFiles/test.dir/home/alex/pico/pico-sdk/src/rp2_common/hardware_irq/irq.c.o
                0x10001300                irq_set_enabled
 .text.irq_is_enabled
                0x10001324       0x18 CMakeFiles/test.dir/home/alex/pico/pico-sdk/src/rp2_common/hardware_irq/irq.c.o
                0x10001324                irq_is_enabled
 .text.irq_set_pending
                0x1000133c       0x10 CMakeFiles/test.dir/home/alex/pico/pico-sdk/src/rp2_common/hardware_irq/irq.c.o
                0x1000133c                irq_set_pending
 .text.irq_has_shared_handler
                0x1000134c       0x24 CMakeFiles/test.dir/home/alex/pico/pico-sdk/src/rp2_common/hardware_irq/irq.c.o
                0x1000134c                irq_has_shared_handler
 .text.irq_set_exclusive_handler
                0x10001370       0x54 CMakeFiles/test.dir/home/alex/pico/pico-sdk/src/rp2_common/hardware_irq/irq.c.o
                0x10001370                irq_set_exclusive_handler
 .text.irq_add_shared_handler
                0x100013c4      0x1f4 CMakeFiles/test.dir/home/alex/pico/pico-sdk/src/rp2_common/hardware_irq/irq.c.o
                0x100013c4                irq_add_shared_handler
 .text.irq_add_tail_to_free_list
                0x100015b8       0xb4 CMakeFiles/test.dir/home/alex/pico/pico-sdk/src/rp2_common/hardware_irq/irq.c.o
                0x100015b8                irq_add_tail_to_free_list
 .text.user_irq_claim_unused
                0x1000166c       0x2c CMakeFiles/test.dir/home/alex/pico/pico-sdk/src/rp2_common/hardware_irq/irq.c.o
                0x1000166c                user_irq_claim_unused
 .text.sem_init
                0x10001698       0x20 CMakeFiles/test.dir/home/alex/pico/pico-sdk/src/common/pico_sync/sem.c.o
                0x10001698                sem_init
 .text.lock_init
                0x100016b8       0x10 CMakeFiles/test.dir/home/alex/pico/pico-sdk/src/common/pico_sync/lock_core.c.o
                0x100016b8                lock_init
 .text.runtime_init_mutex
                0x100016c8       0x50 CMakeFiles/test.dir/home/alex/pico/pico-sdk/src/common/pico_sync/mutex.c.o
                0x100016c8                runtime_init_mutex
 .text.mutex_init
                0x10001718       0x1c CMakeFiles/test.dir/home/alex/pico/pico-sdk/src/common/pico_sync/mutex.c.o
                0x10001718                mutex_init
 .text.critical_section_init
                0x10001734       0x1c CMakeFiles/test.dir/home/alex/pico/pico-sdk/src/common/pico_sync/critical_section.c.o
                0x10001734                critical_section_init
 .text.critical_section_init_with_lock_num
                0x10001750       0x14 CMakeFiles/test.dir/home/alex/pico/pico-sdk/src/common/pico_sync/critical_section.c.o
                0x10001750                critical_section_init_with_lock_num
 .text.sleep_until_callback
                0x10001764       0x30 CMakeFiles/test.dir/home/alex/pico/pico-sdk/src/common/pico_time/time.c.o
 .text.alarm_pool_irq_handler
                0x10001794      0x2fc CMakeFiles/test.dir/home/alex/pico/pico-sdk/src/common/pico_time/time.c.o
 .text.runtime_init_default_alarm_pool
                0x10001a90       0xdc CMakeFiles/test.dir/home/alex/pico/pico-sdk/src/common/pico_time/time.c.o
                0x10001a90                runtime_init_default_alarm_pool
 .text.alarm_pool_get_default
                0x10001b6c        0x8 CMakeFiles/test.dir/home/alex/pico/pico-sdk/src/common/pico_time/time.c.o
                0x10001b6c                alarm_pool_get_default
 .text.alarm_pool_add_alarm_at
                0x10001b74       0xd4 CMakeFiles/test.dir/home/alex/pico/pico-sdk/src/common/pico_time/time.c.o
                0x10001b74                alarm_pool_add_alarm_at
 .text.alarm_pool_add_alarm_at_force_in_context
                0x10001c48       0xb0 CMakeFiles/test.dir/home/alex/pico/pico-sdk/src/common/pico_time/time.c.o
                0x10001c48                alarm_pool_add_alarm_at_force_in_context
 .text.alarm_pool_cancel_alarm
                0x10001cf8       0x74 CMakeFiles/test.dir/home/alex/pico/pico-sdk/src/common/pico_time/time.c.o
                0x10001cf8                alarm_pool_cancel_alarm
 .text.alarm_pool_core_num
                0x10001d6c        0x4 CMakeFiles/test.dir/home/alex/pico/pico-sdk/src/common/pico_time/time.c.o
                0x10001d6c                alarm_pool_core_num
 .text.sleep_until
                0x10001d70       0xd8 CMakeFiles/test.dir/home/alex/pico/pico-sdk/src/common/pico_time/time.c.o
                0x10001d70                sleep_until
 .text.sleep_ms
                0x10001e48       0x38 CMakeFiles/test.dir/home/alex/pico/pico-sdk/src/common/pico_time/time.c.o
                0x10001e48                sleep_ms
 .text.best_effort_wfe_or_timeout
                0x10001e80       0xf8 CMakeFiles/test.dir/home/alex/pico/pico-sdk/src/common/pico_time/time.c.o
                0x10001e80                best_effort_wfe_or_timeout
 .text.timer_hardware_alarm_claim
                0x10001f78       0x14 CMakeFiles/test.dir/home/alex/pico/pico-sdk/src/rp2_common/hardware_timer/timer.c.o
                0x10001f78                timer_hardware_alarm_claim
 .text.timer_time_us_64
                0x10001f8c       0x10 CMakeFiles/test.dir/home/alex/pico/pico-sdk/src/rp2_common/hardware_timer/timer.c.o
                0x10001f8c                timer_time_us_64
 .text.time_us_64
                0x10001f9c       0x14 CMakeFiles/test.dir/home/alex/pico/pico-sdk/src/rp2_common/hardware_timer/timer.c.o
                0x10001f9c                time_us_64
 .text.busy_wait_us
                0x10001fb0       0x68 CMakeFiles/test.dir/home/alex/pico/pico-sdk/src/rp2_common/hardware_timer/timer.c.o
                0x10001fb0                busy_wait_us
 .text.busy_wait_until
                0x10002018       0x20 CMakeFiles/test.dir/home/alex/pico/pico-sdk/src/rp2_common/hardware_timer/timer.c.o
                0x10002018                busy_wait_until
 .text.uart_init
                0x10002038      0x120 CMakeFiles/test.dir/home/alex/pico/pico-sdk/src/rp2_common/hardware_uart/uart.c.o
                0x10002038                uart_init
 .text.clock_configure_int_divider
                0x10002158       0xf4 CMakeFiles/test.dir/home/alex/pico/pico-sdk/src/rp2_common/hardware_clocks/clocks.c.o
                0x10002158                clock_configure_int_divider
 .text.clock_configure_undivided
                0x1000224c       0xe8 CMakeFiles/test.dir/home/alex/pico/pico-sdk/src/rp2_common/hardware_clocks/clocks.c.o
                0x1000224c                clock_configure_undivided
 .text.clock_get_hz
                0x10002334        0xc CMakeFiles/test.dir/home/alex/pico/pico-sdk/src/rp2_common/hardware_clocks/clocks.c.o
                0x10002334                clock_get_hz
 .text.pll_init
                0x10002340       0xa4 CMakeFiles/test.dir/home/alex/pico/pico-sdk/src/rp2_common/hardware_pll/pll.c.o
                0x10002340                pll_init
 .text.watchdog_reboot
                0x100023e4       0x9c CMakeFiles/test.dir/home/alex/pico/pico-sdk/src/rp2_common/hardware_watchdog/watchdog.c.o
                0x100023e4                watchdog_reboot
 .text.tick_start
                0x10002480       0x10 CMakeFiles/test.dir/home/alex/pico/pico-sdk/src/rp2_common/hardware_ticks/ticks.c.o
                0x10002480                tick_start
 .text.rom_func_lookup
                0x10002490       0x10 CMakeFiles/test.dir/home/alex/pico/pico-sdk/src/rp2_common/pico_bootrom/bootrom.c.o
                0x10002490                rom_func_lookup
 .text.rom_data_lookup
                0x100024a0       0x10 CMakeFiles/test.dir/home/alex/pico/pico-sdk/src/rp2_common/pico_bootrom/bootrom.c.o
                0x100024a0                rom_data_lookup
 .text.rom_funcs_lookup
                0x100024b0       0x44 CMakeFiles/test.dir/home/alex/pico/pico-sdk/src/rp2_common/pico_bootrom/bootrom.c.o
                0x100024b0                rom_funcs_lookup
 .text.rom_reset_usb_boot_extra
                0x100024f4       0x28 CMakeFiles/test.dir/home/alex/pico/pico-sdk/src/rp2_common/pico_bootrom/bootrom.c.o
                0x100024f4                rom_reset_usb_boot_extra
 .text.xosc_init
                0x1000251c       0x28 CMakeFiles/test.dir/home/alex/pico/pico-sdk/src/rp2_common/hardware_xosc/xosc.c.o
                0x1000251c                xosc_init
 .text.first_per_core_initializer
                0x10002544        0x4 CMakeFiles/test.dir/home/alex/pico/pico-sdk/src/rp2_common/pico_runtime/runtime.c.o
 .text.hard_assertion_failure
                0x10002548        0xc CMakeFiles/test.dir/home/alex/pico/pico-sdk/src/rp2_common/pico_runtime/runtime.c.o
                0x10002548                hard_assertion_failure
 .text.runtime_run_initializers
                0x10002554       0x28 CMakeFiles/test.dir/home/alex/pico/pico-sdk/src/rp2_common/pico_runtime/runtime.c.o
                0x10002554                runtime_run_initializers
 .text.runtime_init_early_resets
                0x1000257c       0x2c CMakeFiles/test.dir/home/alex/pico/pico-sdk/src/rp2_common/pico_runtime_init/runtime_init.c.o
                0x1000257c                runtime_init_early_resets
 .text.runtime_init_usb_power_down
                0x100025a8       0x1c CMakeFiles/test.dir/home/alex/pico/pico-sdk/src/rp2_common/pico_runtime_init/runtime_init.c.o
                0x100025a8                runtime_init_usb_power_down
 .text.runtime_init_post_clock_resets
                0x100025c4       0x20 CMakeFiles/test.dir/home/alex/pico/pico-sdk/src/rp2_common/pico_runtime_init/runtime_init.c.o
                0x100025c4                runtime_init_post_clock_resets
 .text.runtime_init_rp2040_gpio_ie_disable
                0x100025e4       0x14 CMakeFiles/test.dir/home/alex/pico/pico-sdk/src/rp2_common/pico_runtime_init/runtime_init.c.o
                0x100025e4                runtime_init_rp2040_gpio_ie_disable
 .text.runtime_init_spin_locks_reset
                0x100025f8        0x8 CMakeFiles/test.dir/home/alex/pico/pico-sdk/src/rp2_common/pico_runtime_init/runtime_init.c.o
                0x100025f8                runtime_init_spin_locks_reset
 .text.runtime_init_install_ram_vector_table
                0x10002600       0xb4 CMakeFiles/test.dir/home/alex/pico/pico-sdk/src/rp2_common/pico_runtime_init/runtime_init.c.o
                0x10002600                runtime_init_install_ram_vector_table
 .text.runtime_init_clocks
                0x100026b4       0xd8 CMakeFiles/test.dir/home/alex/pico/pico-sdk/src/rp2_common/pico_runtime_init/runtime_init_clocks.c.o
                0x100026b4                runtime_init_clocks
 .text          0x1000278c       0x10 CMakeFiles/test.dir/home/alex/pico/pico-sdk/src/rp2_common/pico_bit_ops/bit_ops_aeabi.S.o
 .text.__wrap___aeabi_idiv
                0x1000279c       0x50 CMakeFiles/test.dir/home/alex/pico/pico-sdk/src/rp2_common/pico_divider/divider_hardware.S.o
                0x1000279c                __wrap___aeabi_idivmod
                0x1000279c                divmod_s32s32
                0x1000279c                div_s32s32
                0x1000279c                __wrap___aeabi_idiv
                0x100027a4                divmod_s32s32_unsafe
                0x100027d0                divmod_s32s32_savestate
 .text.__wrap___aeabi_uidiv
                0x100027ec       0x4c CMakeFiles/test.dir/home/alex/pico/pico-sdk/src/rp2_common/pico_divider/divider_hardware.S.o
                0x100027ec                __wrap___aeabi_uidiv
                0x100027ec                __wrap___aeabi_uidivmod
                0x100027ec                div_u32u32
                0x100027ec                divmod_u32u32
                0x100027f4                divmod_u32u32_unsafe
                0x1000281c                divmod_u32u32_savestate
 .text.__wrap___aeabi_ldiv
                0x10002838      0x424 CMakeFiles/test.dir/home/alex/pico/pico-sdk/src/rp2_common/pico_divider/divider_hardware.S.o
                0x10002838                div_s64s64
                0x10002838                divmod_s64s64
                0x10002838                __wrap___aeabi_ldivmod
                0x10002868                div_u64u64
                0x10002868                divmod_u64u64
                0x10002868                __wrap___aeabi_uldivmod
                0x10002878                divmod_u64u64_savestate
                0x10002898                divmod_s64s64_unsafe
                0x10002920                divmod_u64u64_unsafe
 .text.__wrap___aeabi_darithmetic
                0x10002c5c       0x80 CMakeFiles/test.dir/home/alex/pico/pico-sdk/src/rp2_common/pico_double/double_aeabi_rp2040.S.o
                0x10002c5c                __wrap___aeabi_drsub
                0x10002c62                __wrap___aeabi_dsub
                0x10002c74                __wrap___aeabi_dadd
                0x10002c86                __wrap___aeabi_ddiv
                0x10002cc2                __wrap___aeabi_dmul
 .text.__wrap___aeabi_cdcmple
                0x10002cdc       0x6c CMakeFiles/test.dir/home/alex/pico/pico-sdk/src/rp2_common/pico_double/double_aeabi_rp2040.S.o
                0x10002cdc                __wrap___aeabi_cdrcmple
                0x10002cec                __wrap___aeabi_cdcmple
                0x10002cec                __wrap___aeabi_cdcmpeq
 .text.__wrap___aeabi_dcmplt
                0x10002d48        0xc CMakeFiles/test.dir/home/alex/pico/pico-sdk/src/rp2_common/pico_double/double_aeabi_rp2040.S.o
                0x10002d48                __wrap___aeabi_dcmplt
 .text.__wrap___aeabi_dcmpge
                0x10002d54       0x10 CMakeFiles/test.dir/home/alex/pico/pico-sdk/src/rp2_common/pico_double/double_aeabi_rp2040.S.o
                0x10002d54                __wrap___aeabi_dcmpge
 .text.__wrap___aeabi_dcmpgt
                0x10002d64        0xa CMakeFiles/test.dir/home/alex/pico/pico-sdk/src/rp2_common/pico_double/double_aeabi_rp2040.S.o
                0x10002d64                __wrap___aeabi_dcmpgt
 .text.__wrap___aeabi_dcmpun
                0x10002d6e       0x18 CMakeFiles/test.dir/home/alex/pico/pico-sdk/src/rp2_common/pico_double/double_aeabi_rp2040.S.o
                0x10002d6e                __wrap___aeabi_dcmpun
 *fill*         0x10002d86        0x2 
 .text.__wrap___aeabi_i2d
                0x10002d88       0x38 CMakeFiles/test.dir/home/alex/pico/pico-sdk/src/rp2_common/pico_double/double_aeabi_rp2040.S.o
                0x10002d88                __wrap___aeabi_ui2d
                0x10002d88                uint2double
                0x10002d90                __wrap___aeabi_i2d
                0x10002d90                int2double
 .text.__wrap___aeabi_d2iz
                0x10002dc0       0x48 CMakeFiles/test.dir/home/alex/pico/pico-sdk/src/rp2_common/pico_double/double_aeabi_rp2040.S.o
                0x10002dc0                __wrap___aeabi_d2iz
                0x10002dc0                double2int_z
 .text.__wrap___aeabi_d2uiz
                0x10002e08       0x18 CMakeFiles/test.dir/home/alex/pico/pico-sdk/src/rp2_common/pico_double/double_aeabi_rp2040.S.o
                0x10002e08                double2uint_z
                0x10002e08                double2uint
                0x10002e08                __wrap___aeabi_d2uiz
 .text.__wrap___aeabi_d2f
                0x10002e20       0x18 CMakeFiles/test.dir/home/alex/pico/pico-sdk/src/rp2_common/pico_double/double_aeabi_rp2040.S.o
                0x10002e20                __wrap___aeabi_d2f
 .text.__wrap_exp
                0x10002e38       0x18 CMakeFiles/test.dir/home/alex/pico/pico-sdk/src/rp2_common/pico_double/double_aeabi_rp2040.S.o
                0x10002e38                __wrap_exp
 .text.__wrap_log
                0x10002e50       0x18 CMakeFiles/test.dir/home/alex/pico/pico-sdk/src/rp2_common/pico_double/double_aeabi_rp2040.S.o
                0x10002e50                __wrap_log
 .text.__aeabi_double_init
                0x10002e68       0xa4 CMakeFiles/test.dir/home/alex/pico/pico-sdk/src/rp2_common/pico_double/double_init_rom_rp2040.c.o
                0x10002e68                __aeabi_double_init
 .text.double_table_shim_on_use_helper
                0x10002f0c       0x2c CMakeFiles/test.dir/home/alex/pico/pico-sdk/src/rp2_common/pico_double/double_v1_rom_shim_rp2040.S.o
                0x10002f0c                double_table_shim_on_use_helper
 .text.__wrap___aeabi_dsub
                0x10002f38       0x10 CMakeFiles/test.dir/home/alex/pico/pico-sdk/src/rp2_common/pico_double/double_v1_rom_shim_rp2040.S.o
                0x10002f38                drsub_shim
                0x10002f3e                dsub_shim
 .text.dadd_shim
                0x10002f48      0x15c CMakeFiles/test.dir/home/alex/pico/pico-sdk/src/rp2_common/pico_double/double_v1_rom_shim_rp2040.S.o
                0x10002f48                dadd_shim
 .text.dmul_shim
                0x100030a4      0x15c CMakeFiles/test.dir/home/alex/pico/pico-sdk/src/rp2_common/pico_double/double_v1_rom_shim_rp2040.S.o
                0x100030a4                dmul_shim
 .text.ddiv_shim
                0x10003200      0x1b0 CMakeFiles/test.dir/home/alex/pico/pico-sdk/src/rp2_common/pico_double/double_v1_rom_shim_rp2040.S.o
                0x10003200                ddiv_shim
 .text.double2uint_shim
                0x100033b0        0xe CMakeFiles/test.dir/home/alex/pico/pico-sdk/src/rp2_common/pico_double/double_v1_rom_shim_rp2040.S.o
                0x100033b0                double2uint_shim
                0x100033b2                double2ufix_shim
 *fill*         0x100033be        0x2 
 .text.double2uint64_shim
                0x100033c0       0x70 CMakeFiles/test.dir/home/alex/pico/pico-sdk/src/rp2_common/pico_double/double_v1_rom_shim_rp2040.S.o
                0x100033c0                double2uint64_shim
                0x100033c2                double2ufix64_shim
                0x100033e2                d2fix_a
 .text.double2float_shim
                0x10003430       0x5c CMakeFiles/test.dir/home/alex/pico/pico-sdk/src/rp2_common/pico_double/double_v1_rom_shim_rp2040.S.o
                0x10003430                double2float_shim
 .text.x2double_shims
                0x1000348c       0x90 CMakeFiles/test.dir/home/alex/pico/pico-sdk/src/rp2_common/pico_double/double_v1_rom_shim_rp2040.S.o
                0x1000348c                uint2double_shim
                0x1000348e                ufix2double_shim
                0x10003494                int2double_shim
                0x10003496                fix2double_shim
                0x1000349c                uint642double_shim
                0x1000349e                ufix642double_shim
                0x100034a4                int642double_shim
                0x100034a6                fix642double_shim
 .text.dunpacks
                0x1000351c       0x3c CMakeFiles/test.dir/home/alex/pico/pico-sdk/src/rp2_common/pico_double/double_v1_rom_shim_rp2040.S.o
                0x1000351c                dunpacks
 .text.dreduce  0x10003558       0x82 CMakeFiles/test.dir/home/alex/pico/pico-sdk/src/rp2_common/pico_double/double_v1_rom_shim_rp2040.S.o
                0x10003558                dreduce
 *fill*         0x100035da        0x2 
 .text.dexp_guts
                0x100035dc      0x268 CMakeFiles/test.dir/home/alex/pico/pico-sdk/src/rp2_common/pico_double/double_v1_rom_shim_rp2040.S.o
                0x100035dc                dexp_shim
                0x10003678                dln_shim
 .text.__aeabi_lmul
                0x10003844       0x32 CMakeFiles/test.dir/home/alex/pico/pico-sdk/src/rp2_common/pico_int64_ops/pico_int64_ops_aeabi.S.o
                0x10003844                __wrap___aeabi_lmul
 *fill*         0x10003876        0x2 
 .text.__wrap___aeabi_farithmetic
                0x10003878       0x48 CMakeFiles/test.dir/home/alex/pico/pico-sdk/src/rp2_common/pico_float/float_aeabi_rp2040.S.o
                0x10003878                __wrap___aeabi_frsub
                0x1000387e                __wrap___aeabi_fsub
                0x10003884                __wrap___aeabi_fadd
                0x1000388a                __wrap___aeabi_fdiv
                0x100038b2                __wrap___aeabi_fmul
 .text.__wrap___aeabi_cfcmple
                0x100038c0       0x50 CMakeFiles/test.dir/home/alex/pico/pico-sdk/src/rp2_common/pico_float/float_aeabi_rp2040.S.o
                0x100038c0                __wrap___aeabi_cfrcmple
                0x100038cc                __wrap___aeabi_cfcmpeq
                0x100038cc                __wrap___aeabi_cfcmple
 .text.__wrap___aeabi_fcmpeq
                0x10003910       0x10 CMakeFiles/test.dir/home/alex/pico/pico-sdk/src/rp2_common/pico_float/float_aeabi_rp2040.S.o
                0x10003910                __wrap___aeabi_fcmpeq
 .text.__wrap___aeabi_fcmplt
                0x10003920        0xc CMakeFiles/test.dir/home/alex/pico/pico-sdk/src/rp2_common/pico_float/float_aeabi_rp2040.S.o
                0x10003920                __wrap___aeabi_fcmplt
 .text.__wrap___aeabi_fcmpgt
                0x1000392c        0xa CMakeFiles/test.dir/home/alex/pico/pico-sdk/src/rp2_common/pico_float/float_aeabi_rp2040.S.o
                0x1000392c                __wrap___aeabi_fcmpgt
 .text.__wrap___aeabi_ui2f
                0x10003936        0xa CMakeFiles/test.dir/home/alex/pico/pico-sdk/src/rp2_common/pico_float/float_aeabi_rp2040.S.o
                0x10003936                uint2float
                0x10003936                __wrap___aeabi_ui2f
 .text.__wrap___aeabi_i2f
                0x10003940       0x44 CMakeFiles/test.dir/home/alex/pico/pico-sdk/src/rp2_common/pico_float/float_aeabi_rp2040.S.o
                0x10003940                int2float
                0x10003940                __wrap___aeabi_i2f
 .text.__wrap___aeabi_f2iz
                0x10003984       0x4e CMakeFiles/test.dir/home/alex/pico/pico-sdk/src/rp2_common/pico_float/float_aeabi_rp2040.S.o
                0x10003984                __wrap___aeabi_f2iz
                0x10003984                float2int_z
 *fill*         0x100039d2        0x2 
 .text.float2int
                0x100039d4       0x14 CMakeFiles/test.dir/home/alex/pico/pico-sdk/src/rp2_common/pico_float/float_aeabi_rp2040.S.o
                0x100039d4                float2int
 .text.__wrap___aeabi_f2uiz
                0x100039e8        0xc CMakeFiles/test.dir/home/alex/pico/pico-sdk/src/rp2_common/pico_float/float_aeabi_rp2040.S.o
                0x100039e8                float2uint
                0x100039e8                float2uint_z
                0x100039e8                __wrap___aeabi_f2uiz
 .text.__wrap___aeabi_l2f
                0x100039f4       0x20 CMakeFiles/test.dir/home/alex/pico/pico-sdk/src/rp2_common/pico_float/float_aeabi_rp2040.S.o
                0x100039f8                int642float
                0x100039f8                __wrap___aeabi_l2f
 .text.__wrap___aeabi_f2d
                0x10003a14       0x14 CMakeFiles/test.dir/home/alex/pico/pico-sdk/src/rp2_common/pico_float/float_aeabi_rp2040.S.o
                0x10003a14                __wrap___aeabi_f2d
 .text.__wrap_atan2f
                0x10003a28       0x14 CMakeFiles/test.dir/home/alex/pico/pico-sdk/src/rp2_common/pico_float/float_aeabi_rp2040.S.o
                0x10003a28                __wrap_atan2f
 .text.__aeabi_float_init
                0x10003a3c       0x64 CMakeFiles/test.dir/home/alex/pico/pico-sdk/src/rp2_common/pico_float/float_init_rom_rp2040.c.o
                0x10003a3c                __aeabi_float_init
 .text.fpow_int2
                0x10003aa0       0xb8 CMakeFiles/test.dir/home/alex/pico/pico-sdk/src/rp2_common/pico_float/float_math.c.o
 .text.fpow_0   0x10003b58       0xfc CMakeFiles/test.dir/home/alex/pico/pico-sdk/src/rp2_common/pico_float/float_math.c.o
 .text.__wrap_powf
                0x10003c54      0x198 CMakeFiles/test.dir/home/alex/pico/pico-sdk/src/rp2_common/pico_float/float_math.c.o
                0x10003c54                __wrap_powf
 .text.float_table_shim_on_use_helper
                0x10003dec       0x2c CMakeFiles/test.dir/home/alex/pico/pico-sdk/src/rp2_common/pico_float/float_v1_rom_shim_rp2040.S.o
                0x10003dec                float_table_shim_on_use_helper
 .text.642float_shims
                0x10003e18       0x44 CMakeFiles/test.dir/home/alex/pico/pico-sdk/src/rp2_common/pico_float/float_v1_rom_shim_rp2040.S.o
                0x10003e18                uint642float_shim
                0x10003e1a                ufix642float_shim
                0x10003e2a                int642float_shim
                0x10003e2c                fix642float_shim
 .text.fatan2_shim
                0x10003e5c       0x88 CMakeFiles/test.dir/home/alex/pico/pico-sdk/src/rp2_common/pico_float/float_v1_rom_shim_rp2040.S.o
                0x10003e5c                fatan2_shim
 .text.float232_shims
                0x10003ee4       0x18 CMakeFiles/test.dir/home/alex/pico/pico-sdk/src/rp2_common/pico_float/float_v1_rom_shim_rp2040.S.o
                0x10003ee4                float2int_shim
                0x10003ee6                float2fix_shim
 .text.float2double_shim
                0x10003efc       0x30 CMakeFiles/test.dir/home/alex/pico/pico-sdk/src/rp2_common/pico_float/float_v1_rom_shim_rp2040.S.o
                0x10003efc                float2double_shim
 .text.__wrap_malloc
                0x10003f2c       0x24 CMakeFiles/test.dir/home/alex/pico/pico-sdk/src/rp2_common/pico_malloc/malloc.c.o
                0x10003f2c                __wrap_malloc
 .text.__wrap_free
                0x10003f50        0x8 CMakeFiles/test.dir/home/alex/pico/pico-sdk/src/rp2_common/pico_malloc/malloc.c.o
                0x10003f50                __wrap_free
 .text          0x10003f58       0x10 CMakeFiles/test.dir/home/alex/pico/pico-sdk/src/rp2_common/pico_mem_ops/mem_ops_aeabi.S.o
                0x10003f58                __aeabi_mem_init
 .text.memset   0x10003f68        0xc CMakeFiles/test.dir/home/alex/pico/pico-sdk/src/rp2_common/pico_mem_ops/mem_ops_aeabi.S.o
                0x10003f68                __wrap_memset
 .text.memcpy   0x10003f74        0xc CMakeFiles/test.dir/home/alex/pico/pico-sdk/src/rp2_common/pico_mem_ops/mem_ops_aeabi.S.o
                0x10003f74                __wrap___aeabi_memcpy
                0x10003f74                __wrap_memcpy
 .text._out_buffer
                0x10003f80        0x8 CMakeFiles/test.dir/home/alex/pico/pico-sdk/src/rp2_common/pico_printf/printf.c.o
 .text._out_null
                0x10003f88        0x4 CMakeFiles/test.dir/home/alex/pico/pico-sdk/src/rp2_common/pico_printf/printf.c.o
 .text._out_rev
                0x10003f8c       0xac CMakeFiles/test.dir/home/alex/pico/pico-sdk/src/rp2_common/pico_printf/printf.c.o
 .text._ntoa_format
                0x10004038      0x250 CMakeFiles/test.dir/home/alex/pico/pico-sdk/src/rp2_common/pico_printf/printf.c.o
 .text._out_char
                0x10004288       0x10 CMakeFiles/test.dir/home/alex/pico/pico-sdk/src/rp2_common/pico_printf/printf.c.o
 .text._out_fct
                0x10004298       0x10 CMakeFiles/test.dir/home/alex/pico/pico-sdk/src/rp2_common/pico_printf/printf.c.o
 .text._etoa    0x100042a8      0x464 CMakeFiles/test.dir/home/alex/pico/pico-sdk/src/rp2_common/pico_printf/printf.c.o
 .text._ftoa    0x1000470c      0x3c0 CMakeFiles/test.dir/home/alex/pico/pico-sdk/src/rp2_common/pico_printf/printf.c.o
 .text._vsnprintf
                0x10004acc      0xbc8 CMakeFiles/test.dir/home/alex/pico/pico-sdk/src/rp2_common/pico_printf/printf.c.o
 .text.__wrap_snprintf
                0x10005694       0x28 CMakeFiles/test.dir/home/alex/pico/pico-sdk/src/rp2_common/pico_printf/printf.c.o
                0x10005694                __wrap_snprintf
 .text.vfctprintf
                0x100056bc       0x20 CMakeFiles/test.dir/home/alex/pico/pico-sdk/src/rp2_common/pico_printf/printf.c.o
                0x100056bc                vfctprintf
 .text.weak_raw_vprintf
                0x100056dc       0x30 CMakeFiles/test.dir/home/alex/pico/pico-sdk/src/rp2_common/pico_printf/printf.c.o
                0x100056dc                weak_raw_vprintf
 .text._exit    0x1000570c        0x4 CMakeFiles/test.dir/home/alex/pico/pico-sdk/src/rp2_common/pico_clib_interface/newlib_interface.c.o
                0x1000570c                _exit
 .text._sbrk    0x10005710       0x34 CMakeFiles/test.dir/home/alex/pico/pico-sdk/src/rp2_common/pico_clib_interface/newlib_interface.c.o
                0x10005710                _sbrk
 .text.exit     0x10005744        0x8 CMakeFiles/test.dir/home/alex/pico/pico-sdk/src/rp2_common/pico_clib_interface/newlib_interface.c.o
                0x10005744                exit
 .text.runtime_init
                0x1000574c       0x2c CMakeFiles/test.dir/home/alex/pico/pico-sdk/src/rp2_common/pico_clib_interface/newlib_interface.c.o
                0x1000574c                runtime_init
 .text.stdio_out_chars_no_crlf
                0x10005778       0x10 CMakeFiles/test.dir/home/alex/pico/pico-sdk/src/rp2_common/pico_stdio/stdio.c.o
 .text.stdio_out_chars_crlf
                0x10005788       0x94 CMakeFiles/test.dir/home/alex/pico/pico-sdk/src/rp2_common/pico_stdio/stdio.c.o
 .text.stdio_buffered_printer
                0x1000581c       0x64 CMakeFiles/test.dir/home/alex/pico/pico-sdk/src/rp2_common/pico_stdio/stdio.c.o
 .text.stdio_put_string
                0x10005880      0x100 CMakeFiles/test.dir/home/alex/pico/pico-sdk/src/rp2_common/pico_stdio/stdio.c.o
                0x10005880                stdio_put_string
 .text.stdio_set_driver_enabled
                0x10005980       0x30 CMakeFiles/test.dir/home/alex/pico/pico-sdk/src/rp2_common/pico_stdio/stdio.c.o
                0x10005980                stdio_set_driver_enabled
 .text.stdio_init_all
                0x100059b0        0x8 CMakeFiles/test.dir/home/alex/pico/pico-sdk/src/rp2_common/pico_stdio/stdio.c.o
                0x100059b0                stdio_init_all
 .text.__wrap_putchar
                0x100059b8       0x98 CMakeFiles/test.dir/home/alex/pico/pico-sdk/src/rp2_common/pico_stdio/stdio.c.o
                0x100059b8                stdio_putchar
                0x100059b8                __wrap_putchar
 .text.__wrap_puts
                0x10005a50       0x3c CMakeFiles/test.dir/home/alex/pico/pico-sdk/src/rp2_common/pico_stdio/stdio.c.o
                0x10005a50                __wrap_puts
                0x10005a50                stdio_puts
 .text.__wrap_vprintf
                0x10005a8c       0xd4 CMakeFiles/test.dir/home/alex/pico/pico-sdk/src/rp2_common/pico_stdio/stdio.c.o
                0x10005a8c                __wrap_vprintf
                0x10005a8c                stdio_vprintf
 .text.__wrap_printf
                0x10005b60       0x18 CMakeFiles/test.dir/home/alex/pico/pico-sdk/src/rp2_common/pico_stdio/stdio.c.o
                0x10005b60                stdio_printf
                0x10005b60                __wrap_printf
 .text.resetd_init
                0x10005b78        0x4 CMakeFiles/test.dir/home/alex/pico/pico-sdk/src/rp2_common/pico_stdio_usb/reset_interface.c.o
 .text.resetd_reset
                0x10005b7c        0xc CMakeFiles/test.dir/home/alex/pico/pico-sdk/src/rp2_common/pico_stdio_usb/reset_interface.c.o
 .text.resetd_open
                0x10005b88       0x28 CMakeFiles/test.dir/home/alex/pico/pico-sdk/src/rp2_common/pico_stdio_usb/reset_interface.c.o
 .text.resetd_xfer_cb
                0x10005bb0        0x4 CMakeFiles/test.dir/home/alex/pico/pico-sdk/src/rp2_common/pico_stdio_usb/reset_interface.c.o
 .text.resetd_control_xfer_cb
                0x10005bb4       0x5c CMakeFiles/test.dir/home/alex/pico/pico-sdk/src/rp2_common/pico_stdio_usb/reset_interface.c.o
 .text.tud_descriptor_bos_cb
                0x10005c10        0x8 CMakeFiles/test.dir/home/alex/pico/pico-sdk/src/rp2_common/pico_stdio_usb/reset_interface.c.o
                0x10005c10                tud_descriptor_bos_cb
 .text.tud_vendor_control_xfer_cb
                0x10005c18       0x34 CMakeFiles/test.dir/home/alex/pico/pico-sdk/src/rp2_common/pico_stdio_usb/reset_interface.c.o
                0x10005c18                tud_vendor_control_xfer_cb
 .text.usbd_app_driver_get_cb
                0x10005c4c        0xc CMakeFiles/test.dir/home/alex/pico/pico-sdk/src/rp2_common/pico_stdio_usb/reset_interface.c.o
                0x10005c4c                usbd_app_driver_get_cb
 .text.tud_cdc_line_coding_cb
                0x10005c58       0x2c CMakeFiles/test.dir/home/alex/pico/pico-sdk/src/rp2_common/pico_stdio_usb/reset_interface.c.o
                0x10005c58                tud_cdc_line_coding_cb
 .text.stdio_usb_set_chars_available_callback
                0x10005c84       0x14 CMakeFiles/test.dir/home/alex/pico/pico-sdk/src/rp2_common/pico_stdio_usb/stdio_usb.c.o
                0x10005c84                stdio_usb_set_chars_available_callback
 .text.usb_irq  0x10005c98       0x10 CMakeFiles/test.dir/home/alex/pico/pico-sdk/src/rp2_common/pico_stdio_usb/stdio_usb.c.o
 .text.timer_task
                0x10005ca8       0x64 CMakeFiles/test.dir/home/alex/pico/pico-sdk/src/rp2_common/pico_stdio_usb/stdio_usb.c.o
 .text.stdio_usb_in_chars
                0x10005d0c       0x90 CMakeFiles/test.dir/home/alex/pico/pico-sdk/src/rp2_common/pico_stdio_usb/stdio_usb.c.o
                0x10005d0c                stdio_usb_in_chars
 .text.stdio_usb_out_flush
                0x10005d9c       0x50 CMakeFiles/test.dir/home/alex/pico/pico-sdk/src/rp2_common/pico_stdio_usb/stdio_usb.c.o
 .text.stdio_usb_out_chars
                0x10005dec      0x104 CMakeFiles/test.dir/home/alex/pico/pico-sdk/src/rp2_common/pico_stdio_usb/stdio_usb.c.o
 .text.low_priority_worker_irq
                0x10005ef0       0xcc CMakeFiles/test.dir/home/alex/pico/pico-sdk/src/rp2_common/pico_stdio_usb/stdio_usb.c.o
 .text.stdio_usb_init
                0x10005fbc       0xec CMakeFiles/test.dir/home/alex/pico/pico-sdk/src/rp2_common/pico_stdio_usb/stdio_usb.c.o
                0x10005fbc                stdio_usb_init
 .text.tud_descriptor_device_cb
                0x100060a8        0x8 CMakeFiles/test.dir/home/alex/pico/pico-sdk/src/rp2_common/pico_stdio_usb/stdio_usb_descriptors.c.o
                0x100060a8                tud_descriptor_device_cb
 .text.tud_descriptor_configuration_cb
                0x100060b0        0x8 CMakeFiles/test.dir/home/alex/pico/pico-sdk/src/rp2_common/pico_stdio_usb/stdio_usb_descriptors.c.o
                0x100060b0                tud_descriptor_configuration_cb
 .text.tud_descriptor_string_cb
                0x100060b8       0x78 CMakeFiles/test.dir/home/alex/pico/pico-sdk/src/rp2_common/pico_stdio_usb/stdio_usb_descriptors.c.o
                0x100060b8                tud_descriptor_string_cb
 .text.startup._retrieve_unique_id_on_boot
                0x10006130       0x10 CMakeFiles/test.dir/home/alex/pico/pico-sdk/src/rp2_common/pico_unique_id/unique_id.c.o
 .text.pico_get_unique_board_id_string
                0x10006140      0x1a8 CMakeFiles/test.dir/home/alex/pico/pico-sdk/src/rp2_common/pico_unique_id/unique_id.c.o
                0x10006140                pico_get_unique_board_id_string
 .text.flash_get_unique_id
                0x100062e8       0x3c CMakeFiles/test.dir/home/alex/pico/pico-sdk/src/rp2_common/hardware_flash/flash.c.o
                0x100062e8                flash_get_unique_id
 .text.dcd_init
                0x10006324       0x90 CMakeFiles/test.dir/home/alex/pico/pico-sdk/lib/tinyusb/src/portable/raspberrypi/rp2040/dcd_rp2040.c.o
                0x10006324                dcd_init
 .text.dcd_int_enable
                0x100063b4        0xc CMakeFiles/test.dir/home/alex/pico/pico-sdk/lib/tinyusb/src/portable/raspberrypi/rp2040/dcd_rp2040.c.o
                0x100063b4                dcd_int_enable
 .text.dcd_set_address
                0x100063c0       0x14 CMakeFiles/test.dir/home/alex/pico/pico-sdk/lib/tinyusb/src/portable/raspberrypi/rp2040/dcd_rp2040.c.o
                0x100063c0                dcd_set_address
 .text.dcd_sof_enable
                0x100063d4       0x1c CMakeFiles/test.dir/home/alex/pico/pico-sdk/lib/tinyusb/src/portable/raspberrypi/rp2040/dcd_rp2040.c.o
                0x100063d4                dcd_sof_enable
 .text.dcd_edpt0_status_complete
                0x100063f0       0x1c CMakeFiles/test.dir/home/alex/pico/pico-sdk/lib/tinyusb/src/portable/raspberrypi/rp2040/dcd_rp2040.c.o
                0x100063f0                dcd_edpt0_status_complete
 .text.dcd_edpt_open
                0x1000640c      0x114 CMakeFiles/test.dir/home/alex/pico/pico-sdk/lib/tinyusb/src/portable/raspberrypi/rp2040/dcd_rp2040.c.o
                0x1000640c                dcd_edpt_open
 .text.dcd_edpt_close_all
                0x10006520        0x8 CMakeFiles/test.dir/home/alex/pico/pico-sdk/lib/tinyusb/src/portable/raspberrypi/rp2040/dcd_rp2040.c.o
                0x10006520                dcd_edpt_close_all
 .text.dcd_edpt_xfer
                0x10006528       0x24 CMakeFiles/test.dir/home/alex/pico/pico-sdk/lib/tinyusb/src/portable/raspberrypi/rp2040/dcd_rp2040.c.o
                0x10006528                dcd_edpt_xfer
 .text.dcd_edpt_stall
                0x1000654c       0x34 CMakeFiles/test.dir/home/alex/pico/pico-sdk/lib/tinyusb/src/portable/raspberrypi/rp2040/dcd_rp2040.c.o
                0x1000654c                dcd_edpt_stall
 .text.dcd_edpt_clear_stall
                0x10006580       0x30 CMakeFiles/test.dir/home/alex/pico/pico-sdk/lib/tinyusb/src/portable/raspberrypi/rp2040/dcd_rp2040.c.o
                0x10006580                dcd_edpt_clear_stall
 .text.rp2040_usb_init
                0x100065b0       0x40 CMakeFiles/test.dir/home/alex/pico/pico-sdk/lib/tinyusb/src/portable/raspberrypi/rp2040/rp2040_usb.c.o
                0x100065b0                rp2040_usb_init
 .text.hw_endpoint_xfer_start
                0x100065f0       0x40 CMakeFiles/test.dir/home/alex/pico/pico-sdk/lib/tinyusb/src/portable/raspberrypi/rp2040/rp2040_usb.c.o
                0x100065f0                hw_endpoint_xfer_start
 .text.tud_event_hook_cb
                0x10006630        0x4 CMakeFiles/test.dir/home/alex/pico/pico-sdk/lib/tinyusb/src/device/usbd.c.o
                0x10006630                tud_event_hook_cb
 .text.tud_sof_cb
                0x10006634        0x4 CMakeFiles/test.dir/home/alex/pico/pico-sdk/lib/tinyusb/src/device/usbd.c.o
                0x10006634                tud_sof_cb
 .text.tud_descriptor_device_qualifier_cb
                0x10006638        0x4 CMakeFiles/test.dir/home/alex/pico/pico-sdk/lib/tinyusb/src/device/usbd.c.o
                0x10006638                tud_descriptor_device_qualifier_cb
 .text.tud_descriptor_other_speed_configuration_cb
                0x1000663c        0x4 CMakeFiles/test.dir/home/alex/pico/pico-sdk/lib/tinyusb/src/device/usbd.c.o
                0x1000663c                tud_descriptor_other_speed_configuration_cb
 .text.tud_mount_cb
                0x10006640        0x4 CMakeFiles/test.dir/home/alex/pico/pico-sdk/lib/tinyusb/src/device/usbd.c.o
                0x10006640                tud_mount_cb
 .text.tud_umount_cb
                0x10006644        0x4 CMakeFiles/test.dir/home/alex/pico/pico-sdk/lib/tinyusb/src/device/usbd.c.o
                0x10006644                tud_umount_cb
 .text.tud_suspend_cb
                0x10006648        0x4 CMakeFiles/test.dir/home/alex/pico/pico-sdk/lib/tinyusb/src/device/usbd.c.o
                0x10006648                tud_suspend_cb
 .text.tud_resume_cb
                0x1000664c        0x4 CMakeFiles/test.dir/home/alex/pico/pico-sdk/lib/tinyusb/src/device/usbd.c.o
                0x1000664c                tud_resume_cb
 .text.tud_mounted
                0x10006650       0x10 CMakeFiles/test.dir/home/alex/pico/pico-sdk/lib/tinyusb/src/device/usbd.c.o
                0x10006650                tud_mounted
 .text.tud_suspended
                0x10006660       0x10 CMakeFiles/test.dir/home/alex/pico/pico-sdk/lib/tinyusb/src/device/usbd.c.o
                0x10006660                tud_suspended
 .text.tud_rhport_init
                0x10006670       0xfc CMakeFiles/test.dir/home/alex/pico/pico-sdk/lib/tinyusb/src/device/usbd.c.o
                0x10006670                tud_rhport_init
 .text.tud_task_ext
                0x1000676c      0x800 CMakeFiles/test.dir/home/alex/pico/pico-sdk/lib/tinyusb/src/device/usbd.c.o
                0x1000676c                tud_task_ext
 .text.usbd_open_edpt_pair
                0x10006f6c       0x9c CMakeFiles/test.dir/home/alex/pico/pico-sdk/lib/tinyusb/src/device/usbd.c.o
                0x10006f6c                usbd_open_edpt_pair
 .text.usbd_edpt_open
                0x10007008       0x34 CMakeFiles/test.dir/home/alex/pico/pico-sdk/lib/tinyusb/src/device/usbd.c.o
                0x10007008                usbd_edpt_open
 .text.usbd_edpt_claim
                0x1000703c       0x28 CMakeFiles/test.dir/home/alex/pico/pico-sdk/lib/tinyusb/src/device/usbd.c.o
                0x1000703c                usbd_edpt_claim
 .text.usbd_edpt_release
                0x10007064       0x28 CMakeFiles/test.dir/home/alex/pico/pico-sdk/lib/tinyusb/src/device/usbd.c.o
                0x10007064                usbd_edpt_release
 .text.usbd_edpt_xfer
                0x1000708c       0x4c CMakeFiles/test.dir/home/alex/pico/pico-sdk/lib/tinyusb/src/device/usbd.c.o
                0x1000708c                usbd_edpt_xfer
 .text.tud_control_status
                0x100070d8       0x2c CMakeFiles/test.dir/home/alex/pico/pico-sdk/lib/tinyusb/src/device/usbd_control.c.o
                0x100070d8                tud_control_status
 .text.tud_control_xfer
                0x10007104       0xac CMakeFiles/test.dir/home/alex/pico/pico-sdk/lib/tinyusb/src/device/usbd_control.c.o
                0x10007104                tud_control_xfer
 .text.usbd_control_reset
                0x100071b0       0x14 CMakeFiles/test.dir/home/alex/pico/pico-sdk/lib/tinyusb/src/device/usbd_control.c.o
                0x100071b0                usbd_control_reset
 .text.usbd_control_set_complete_callback
                0x100071c4        0xc CMakeFiles/test.dir/home/alex/pico/pico-sdk/lib/tinyusb/src/device/usbd_control.c.o
                0x100071c4                usbd_control_set_complete_callback
 .text.usbd_control_set_request
                0x100071d0       0x1c CMakeFiles/test.dir/home/alex/pico/pico-sdk/lib/tinyusb/src/device/usbd_control.c.o
                0x100071d0                usbd_control_set_request
 .text.usbd_control_xfer_cb
                0x100071ec       0xec CMakeFiles/test.dir/home/alex/pico/pico-sdk/lib/tinyusb/src/device/usbd_control.c.o
                0x100071ec                usbd_control_xfer_cb
 .text._prep_out_transaction.isra.0
                0x100072d8       0x6c CMakeFiles/test.dir/home/alex/pico/pico-sdk/lib/tinyusb/src/class/cdc/cdc_device.c.o
 .text.tud_cdc_n_connected
                0x10007344       0x2c CMakeFiles/test.dir/home/alex/pico/pico-sdk/lib/tinyusb/src/class/cdc/cdc_device.c.o
                0x10007344                tud_cdc_n_connected
 .text.tud_cdc_n_available
                0x10007370       0x14 CMakeFiles/test.dir/home/alex/pico/pico-sdk/lib/tinyusb/src/class/cdc/cdc_device.c.o
                0x10007370                tud_cdc_n_available
 .text.tud_cdc_n_read
                0x10007384       0x94 CMakeFiles/test.dir/home/alex/pico/pico-sdk/lib/tinyusb/src/class/cdc/cdc_device.c.o
                0x10007384                tud_cdc_n_read
 .text.tud_cdc_n_write_flush
                0x10007418       0x74 CMakeFiles/test.dir/home/alex/pico/pico-sdk/lib/tinyusb/src/class/cdc/cdc_device.c.o
                0x10007418                tud_cdc_n_write_flush
 .text.tud_cdc_n_write
                0x1000748c       0x40 CMakeFiles/test.dir/home/alex/pico/pico-sdk/lib/tinyusb/src/class/cdc/cdc_device.c.o
                0x1000748c                tud_cdc_n_write
 .text.tud_cdc_n_write_available
                0x100074cc       0x14 CMakeFiles/test.dir/home/alex/pico/pico-sdk/lib/tinyusb/src/class/cdc/cdc_device.c.o
                0x100074cc                tud_cdc_n_write_available
 .text.cdcd_init
                0x100074e0       0x70 CMakeFiles/test.dir/home/alex/pico/pico-sdk/lib/tinyusb/src/class/cdc/cdc_device.c.o
                0x100074e0                cdcd_init
 .text.cdcd_deinit
                0x10007550       0x34 CMakeFiles/test.dir/home/alex/pico/pico-sdk/lib/tinyusb/src/class/cdc/cdc_device.c.o
                0x10007550                cdcd_deinit
 .text.cdcd_reset
                0x10007584       0x4c CMakeFiles/test.dir/home/alex/pico/pico-sdk/lib/tinyusb/src/class/cdc/cdc_device.c.o
                0x10007584                cdcd_reset
 .text.cdcd_open
                0x100075d0       0xa8 CMakeFiles/test.dir/home/alex/pico/pico-sdk/lib/tinyusb/src/class/cdc/cdc_device.c.o
                0x100075d0                cdcd_open
 .text.cdcd_control_xfer_cb
                0x10007678       0xe8 CMakeFiles/test.dir/home/alex/pico/pico-sdk/lib/tinyusb/src/class/cdc/cdc_device.c.o
                0x10007678                cdcd_control_xfer_cb
 .text.cdcd_xfer_cb
                0x10007760      0x100 CMakeFiles/test.dir/home/alex/pico/pico-sdk/lib/tinyusb/src/class/cdc/cdc_device.c.o
                0x10007760                cdcd_xfer_cb
 .text.vendord_init
                0x10007860       0x5c CMakeFiles/test.dir/home/alex/pico/pico-sdk/lib/tinyusb/src/class/vendor/vendor_device.c.o
                0x10007860                vendord_init
 .text.vendord_deinit
                0x100078bc       0x1c CMakeFiles/test.dir/home/alex/pico/pico-sdk/lib/tinyusb/src/class/vendor/vendor_device.c.o
                0x100078bc                vendord_deinit
 .text.vendord_reset
                0x100078d8       0x28 CMakeFiles/test.dir/home/alex/pico/pico-sdk/lib/tinyusb/src/class/vendor/vendor_device.c.o
                0x100078d8                vendord_reset
 .text.vendord_open
                0x10007900      0x128 CMakeFiles/test.dir/home/alex/pico/pico-sdk/lib/tinyusb/src/class/vendor/vendor_device.c.o
                0x10007900                vendord_open
 .text.vendord_xfer_cb
                0x10007a28       0x9c CMakeFiles/test.dir/home/alex/pico/pico-sdk/lib/tinyusb/src/class/vendor/vendor_device.c.o
                0x10007a28                vendord_xfer_cb
 .text.tusb_rhport_init
                0x10007ac4       0x48 CMakeFiles/test.dir/home/alex/pico/pico-sdk/lib/tinyusb/src/tusb.c.o
                0x10007ac4                tusb_rhport_init
 .text.tu_edpt_claim
                0x10007b0c       0x50 CMakeFiles/test.dir/home/alex/pico/pico-sdk/lib/tinyusb/src/tusb.c.o
                0x10007b0c                tu_edpt_claim
 .text.tu_edpt_release
                0x10007b5c       0x38 CMakeFiles/test.dir/home/alex/pico/pico-sdk/lib/tinyusb/src/tusb.c.o
                0x10007b5c                tu_edpt_release
 .text.tu_edpt_validate
                0x10007b94       0x7c CMakeFiles/test.dir/home/alex/pico/pico-sdk/lib/tinyusb/src/tusb.c.o
                0x10007b94                tu_edpt_validate
 .text.tu_edpt_bind_driver
                0x10007c10       0x34 CMakeFiles/test.dir/home/alex/pico/pico-sdk/lib/tinyusb/src/tusb.c.o
                0x10007c10                tu_edpt_bind_driver
 .text.tu_edpt_stream_init
                0x10007c44       0x6c CMakeFiles/test.dir/home/alex/pico/pico-sdk/lib/tinyusb/src/tusb.c.o
                0x10007c44                tu_edpt_stream_init
 .text.tu_edpt_stream_deinit
                0x10007cb0        0x4 CMakeFiles/test.dir/home/alex/pico/pico-sdk/lib/tinyusb/src/tusb.c.o
                0x10007cb0                tu_edpt_stream_deinit
 .text.tu_edpt_stream_write_zlp_if_needed
                0x10007cb4       0x68 CMakeFiles/test.dir/home/alex/pico/pico-sdk/lib/tinyusb/src/tusb.c.o
                0x10007cb4                tu_edpt_stream_write_zlp_if_needed
 .text.tu_edpt_stream_write_xfer
                0x10007d1c       0x64 CMakeFiles/test.dir/home/alex/pico/pico-sdk/lib/tinyusb/src/tusb.c.o
                0x10007d1c                tu_edpt_stream_write_xfer
 .text.tu_edpt_stream_read_xfer
                0x10007d80       0xdc CMakeFiles/test.dir/home/alex/pico/pico-sdk/lib/tinyusb/src/tusb.c.o
                0x10007d80                tu_edpt_stream_read_xfer
 .text.tu_fifo_config
                0x10007e5c       0x6c CMakeFiles/test.dir/home/alex/pico/pico-sdk/lib/tinyusb/src/common/tusb_fifo.c.o
                0x10007e5c                tu_fifo_config
 .text.tu_fifo_count
                0x10007ec8       0x2c CMakeFiles/test.dir/home/alex/pico/pico-sdk/lib/tinyusb/src/common/tusb_fifo.c.o
                0x10007ec8                tu_fifo_count
 .text.tu_fifo_empty
                0x10007ef4       0x10 CMakeFiles/test.dir/home/alex/pico/pico-sdk/lib/tinyusb/src/common/tusb_fifo.c.o
                0x10007ef4                tu_fifo_empty
 .text.tu_fifo_remaining
                0x10007f04       0x2c CMakeFiles/test.dir/home/alex/pico/pico-sdk/lib/tinyusb/src/common/tusb_fifo.c.o
                0x10007f04                tu_fifo_remaining
 .text.tu_fifo_read
                0x10007f30       0x9c CMakeFiles/test.dir/home/alex/pico/pico-sdk/lib/tinyusb/src/common/tusb_fifo.c.o
                0x10007f30                tu_fifo_read
 .text.tu_fifo_read_n
                0x10007fcc       0xe8 CMakeFiles/test.dir/home/alex/pico/pico-sdk/lib/tinyusb/src/common/tusb_fifo.c.o
                0x10007fcc                tu_fifo_read_n
 .text.tu_fifo_write
                0x100080b4       0xa8 CMakeFiles/test.dir/home/alex/pico/pico-sdk/lib/tinyusb/src/common/tusb_fifo.c.o
                0x100080b4                tu_fifo_write
 .text.tu_fifo_write_n
                0x1000815c      0x178 CMakeFiles/test.dir/home/alex/pico/pico-sdk/lib/tinyusb/src/common/tusb_fifo.c.o
                0x1000815c                tu_fifo_write_n
 .text.tu_fifo_clear
                0x100082d4       0x40 CMakeFiles/test.dir/home/alex/pico/pico-sdk/lib/tinyusb/src/common/tusb_fifo.c.o
                0x100082d4                tu_fifo_clear
 .text.tu_fifo_set_overwritable
                0x10008314       0x48 CMakeFiles/test.dir/home/alex/pico/pico-sdk/lib/tinyusb/src/common/tusb_fifo.c.o
                0x10008314                tu_fifo_set_overwritable
 .text.adc_init
                0x1000835c       0x38 CMakeFiles/test.dir/home/alex/pico/pico-sdk/src/rp2_common/hardware_adc/adc.c.o
                0x1000835c                adc_init
 .text.i2c_read_blocking_internal.constprop.0
                0x10008394       0x98 CMakeFiles/test.dir/home/alex/pico/pico-sdk/src/rp2_common/hardware_i2c/i2c.c.o
 .text.i2c_write_blocking_internal.constprop.0
                0x1000842c       0xd0 CMakeFiles/test.dir/home/alex/pico/pico-sdk/src/rp2_common/hardware_i2c/i2c.c.o
 .text.i2c_set_baudrate
                0x100084fc       0xc0 CMakeFiles/test.dir/home/alex/pico/pico-sdk/src/rp2_common/hardware_i2c/i2c.c.o
                0x100084fc                i2c_set_baudrate
 .text.i2c_init
                0x100085bc       0x50 CMakeFiles/test.dir/home/alex/pico/pico-sdk/src/rp2_common/hardware_i2c/i2c.c.o
                0x100085bc                i2c_init
 .text.i2c_write_blocking
                0x1000860c       0x14 CMakeFiles/test.dir/home/alex/pico/pico-sdk/src/rp2_common/hardware_i2c/i2c.c.o
                0x1000860c                i2c_write_blocking
 .text.i2c_read_blocking
                0x10008620       0x14 CMakeFiles/test.dir/home/alex/pico/pico-sdk/src/rp2_common/hardware_i2c/i2c.c.o
                0x10008620                i2c_read_blocking
 .text.ff_memalloc
                0x10008634        0x8 CMakeFiles/test.dir/lib/no-OS-FatFS-SD-SPI-RPi-Pico/FatFs_SPI/ff15/source/ffsystem.c.o
                0x10008634                ff_memalloc
 .text.ff_memfree
                0x1000863c        0x8 CMakeFiles/test.dir/lib/no-OS-FatFS-SD-SPI-RPi-Pico/FatFs_SPI/ff15/source/ffsystem.c.o
                0x1000863c                ff_memfree
 .text.ff_uni2oem
                0x10008644       0x40 CMakeFiles/test.dir/lib/no-OS-FatFS-SD-SPI-RPi-Pico/FatFs_SPI/ff15/source/ffunicode.c.o
                0x10008644                ff_uni2oem
 .text.ff_wtoupper
                0x10008684       0xb8 CMakeFiles/test.dir/lib/no-OS-FatFS-SD-SPI-RPi-Pico/FatFs_SPI/ff15/source/ffunicode.c.o
                0x10008684                ff_wtoupper
 .text.inc_share
                0x1000873c      0x37c CMakeFiles/test.dir/lib/no-OS-FatFS-SD-SPI-RPi-Pico/FatFs_SPI/ff15/source/ff.c.o
 .text.dir_clear
                0x10008ab8      0x1b4 CMakeFiles/test.dir/lib/no-OS-FatFS-SD-SPI-RPi-Pico/FatFs_SPI/ff15/source/ff.c.o
 .text.init_alloc_info.isra.0
                0x10008c6c       0x6c CMakeFiles/test.dir/lib/no-OS-FatFS-SD-SPI-RPi-Pico/FatFs_SPI/ff15/source/ff.c.o
 .text.sync_fs  0x10008cd8       0xfc CMakeFiles/test.dir/lib/no-OS-FatFS-SD-SPI-RPi-Pico/FatFs_SPI/ff15/source/ff.c.o
 .text.move_window
                0x10008dd4       0xc8 CMakeFiles/test.dir/lib/no-OS-FatFS-SD-SPI-RPi-Pico/FatFs_SPI/ff15/source/ff.c.o
 .text.put_fat.part.0
                0x10008e9c      0x160 CMakeFiles/test.dir/lib/no-OS-FatFS-SD-SPI-RPi-Pico/FatFs_SPI/ff15/source/ff.c.o
 .text.get_fat  0x10008ffc      0x1b0 CMakeFiles/test.dir/lib/no-OS-FatFS-SD-SPI-RPi-Pico/FatFs_SPI/ff15/source/ff.c.o
 .text.dir_next.constprop.0
                0x100091ac       0xc4 CMakeFiles/test.dir/lib/no-OS-FatFS-SD-SPI-RPi-Pico/FatFs_SPI/ff15/source/ff.c.o
 .text.check_fs
                0x10009270      0x188 CMakeFiles/test.dir/lib/no-OS-FatFS-SD-SPI-RPi-Pico/FatFs_SPI/ff15/source/ff.c.o
 .text.mount_volume
                0x100093f8      0xaac CMakeFiles/test.dir/lib/no-OS-FatFS-SD-SPI-RPi-Pico/FatFs_SPI/ff15/source/ff.c.o
 .text.load_xdir
                0x10009ea4      0x1c0 CMakeFiles/test.dir/lib/no-OS-FatFS-SD-SPI-RPi-Pico/FatFs_SPI/ff15/source/ff.c.o
 .text.dir_read.constprop.0
                0x1000a064      0x55c CMakeFiles/test.dir/lib/no-OS-FatFS-SD-SPI-RPi-Pico/FatFs_SPI/ff15/source/ff.c.o
 .text.dir_sdi  0x1000a5c0      0x2e0 CMakeFiles/test.dir/lib/no-OS-FatFS-SD-SPI-RPi-Pico/FatFs_SPI/ff15/source/ff.c.o
 .text.store_xdir
                0x1000a8a0      0x23c CMakeFiles/test.dir/lib/no-OS-FatFS-SD-SPI-RPi-Pico/FatFs_SPI/ff15/source/ff.c.o
 .text.dir_find
                0x1000aadc      0x47c CMakeFiles/test.dir/lib/no-OS-FatFS-SD-SPI-RPi-Pico/FatFs_SPI/ff15/source/ff.c.o
 .text.follow_path
                0x1000af58      0x5b8 CMakeFiles/test.dir/lib/no-OS-FatFS-SD-SPI-RPi-Pico/FatFs_SPI/ff15/source/ff.c.o
 .text.remove_chain
                0x1000b510      0x3e4 CMakeFiles/test.dir/lib/no-OS-FatFS-SD-SPI-RPi-Pico/FatFs_SPI/ff15/source/ff.c.o
 .text.create_chain
                0x1000b8f4      0x520 CMakeFiles/test.dir/lib/no-OS-FatFS-SD-SPI-RPi-Pico/FatFs_SPI/ff15/source/ff.c.o
 .text.dir_alloc
                0x1000be14      0x23c CMakeFiles/test.dir/lib/no-OS-FatFS-SD-SPI-RPi-Pico/FatFs_SPI/ff15/source/ff.c.o
 .text.dir_register
                0x1000c050      0xa48 CMakeFiles/test.dir/lib/no-OS-FatFS-SD-SPI-RPi-Pico/FatFs_SPI/ff15/source/ff.c.o
 .text.f_mount  0x1000ca98      0x1c8 CMakeFiles/test.dir/lib/no-OS-FatFS-SD-SPI-RPi-Pico/FatFs_SPI/ff15/source/ff.c.o
                0x1000ca98                f_mount
 .text.f_open   0x1000cc60      0x890 CMakeFiles/test.dir/lib/no-OS-FatFS-SD-SPI-RPi-Pico/FatFs_SPI/ff15/source/ff.c.o
                0x1000cc60                f_open
 .text.f_write  0x1000d4f0      0x2f8 CMakeFiles/test.dir/lib/no-OS-FatFS-SD-SPI-RPi-Pico/FatFs_SPI/ff15/source/ff.c.o
                0x1000d4f0                f_write
 .text.f_sync   0x1000d7e8      0x2c8 CMakeFiles/test.dir/lib/no-OS-FatFS-SD-SPI-RPi-Pico/FatFs_SPI/ff15/source/ff.c.o
                0x1000d7e8                f_sync
 .text.sd_spi_go_high_frequency
                0x1000dab0       0x10 CMakeFiles/test.dir/lib/no-OS-FatFS-SD-SPI-RPi-Pico/FatFs_SPI/sd_driver/sd_spi.c.o
                0x1000dab0                sd_spi_go_high_frequency
 .text.sd_spi_go_low_frequency
                0x1000dac0       0x14 CMakeFiles/test.dir/lib/no-OS-FatFS-SD-SPI-RPi-Pico/FatFs_SPI/sd_driver/sd_spi.c.o
                0x1000dac0                sd_spi_go_low_frequency
 .text.sd_spi_deselect_pulse
                0x1000dad4       0x44 CMakeFiles/test.dir/lib/no-OS-FatFS-SD-SPI-RPi-Pico/FatFs_SPI/sd_driver/sd_spi.c.o
                0x1000dad4                sd_spi_deselect_pulse
 .text.sd_spi_acquire
                0x1000db18       0x30 CMakeFiles/test.dir/lib/no-OS-FatFS-SD-SPI-RPi-Pico/FatFs_SPI/sd_driver/sd_spi.c.o
                0x1000db18                sd_spi_acquire
 .text.sd_spi_release
                0x1000db48       0x30 CMakeFiles/test.dir/lib/no-OS-FatFS-SD-SPI-RPi-Pico/FatFs_SPI/sd_driver/sd_spi.c.o
                0x1000db48                sd_spi_release
 .text.sd_spi_transfer
                0x1000db78        0xc CMakeFiles/test.dir/lib/no-OS-FatFS-SD-SPI-RPi-Pico/FatFs_SPI/sd_driver/sd_spi.c.o
                0x1000db78                sd_spi_transfer
 .text.sd_spi_write
                0x1000db84       0x24 CMakeFiles/test.dir/lib/no-OS-FatFS-SD-SPI-RPi-Pico/FatFs_SPI/sd_driver/sd_spi.c.o
                0x1000db84                sd_spi_write
 .text.sd_spi_send_initializing_sequence
                0x1000dba8       0x7c CMakeFiles/test.dir/lib/no-OS-FatFS-SD-SPI-RPi-Pico/FatFs_SPI/sd_driver/sd_spi.c.o
                0x1000dba8                sd_spi_send_initializing_sequence
 .text.spi_lock
                0x1000dc24        0xc CMakeFiles/test.dir/lib/no-OS-FatFS-SD-SPI-RPi-Pico/FatFs_SPI/sd_driver/spi.c.o
                0x1000dc24                spi_lock
 .text.spi_unlock
                0x1000dc30        0xc CMakeFiles/test.dir/lib/no-OS-FatFS-SD-SPI-RPi-Pico/FatFs_SPI/sd_driver/spi.c.o
                0x1000dc30                spi_unlock
 .text.my_spi_init
                0x1000dc3c      0x1b4 CMakeFiles/test.dir/lib/no-OS-FatFS-SD-SPI-RPi-Pico/FatFs_SPI/sd_driver/spi.c.o
                0x1000dc3c                my_spi_init
 .text.sd_test_com
                0x1000ddf0      0x1cc CMakeFiles/test.dir/lib/no-OS-FatFS-SD-SPI-RPi-Pico/FatFs_SPI/sd_driver/sd_card.c.o
 .text.sd_cmd   0x1000dfbc      0x380 CMakeFiles/test.dir/lib/no-OS-FatFS-SD-SPI-RPi-Pico/FatFs_SPI/sd_driver/sd_card.c.o
 .text.sd_sectors_nolock
                0x1000e33c      0x17c CMakeFiles/test.dir/lib/no-OS-FatFS-SD-SPI-RPi-Pico/FatFs_SPI/sd_driver/sd_card.c.o
 .text.sd_read_blocks
                0x1000e4b8      0x198 CMakeFiles/test.dir/lib/no-OS-FatFS-SD-SPI-RPi-Pico/FatFs_SPI/sd_driver/sd_card.c.o
                0x1000e4b8                sd_read_blocks
 .text.sd_write_blocks
                0x1000e650      0x204 CMakeFiles/test.dir/lib/no-OS-FatFS-SD-SPI-RPi-Pico/FatFs_SPI/sd_driver/sd_card.c.o
                0x1000e650                sd_write_blocks
 .text.sd_init  0x1000e854      0x230 CMakeFiles/test.dir/lib/no-OS-FatFS-SD-SPI-RPi-Pico/FatFs_SPI/sd_driver/sd_card.c.o
 .text.sd_card_detect
                0x1000ea84       0x44 CMakeFiles/test.dir/lib/no-OS-FatFS-SD-SPI-RPi-Pico/FatFs_SPI/sd_driver/sd_card.c.o
                0x1000ea84                sd_card_detect
 .text.sd_sectors
                0x1000eac8       0x30 CMakeFiles/test.dir/lib/no-OS-FatFS-SD-SPI-RPi-Pico/FatFs_SPI/sd_driver/sd_card.c.o
                0x1000eac8                sd_sectors
 .text.sd_init_driver
                0x1000eaf8      0x110 CMakeFiles/test.dir/lib/no-OS-FatFS-SD-SPI-RPi-Pico/FatFs_SPI/sd_driver/sd_card.c.o
                0x1000eaf8                sd_init_driver
 .text.crc7     0x1000ec08       0x28 CMakeFiles/test.dir/lib/no-OS-FatFS-SD-SPI-RPi-Pico/FatFs_SPI/sd_driver/crc.c.o
                0x1000ec08                crc7
 .text.crc16    0x1000ec30       0x30 CMakeFiles/test.dir/lib/no-OS-FatFS-SD-SPI-RPi-Pico/FatFs_SPI/sd_driver/crc.c.o
                0x1000ec30                crc16
 .text.disk_status
                0x1000ec60       0x18 CMakeFiles/test.dir/lib/no-OS-FatFS-SD-SPI-RPi-Pico/FatFs_SPI/src/glue.c.o
                0x1000ec60                disk_status
 .text.disk_initialize
                0x1000ec78       0x2c CMakeFiles/test.dir/lib/no-OS-FatFS-SD-SPI-RPi-Pico/FatFs_SPI/src/glue.c.o
                0x1000ec78                disk_initialize
 .text.disk_read
                0x1000eca4       0x74 CMakeFiles/test.dir/lib/no-OS-FatFS-SD-SPI-RPi-Pico/FatFs_SPI/src/glue.c.o
                0x1000eca4                disk_read
 .text.disk_write
                0x1000ed18       0x74 CMakeFiles/test.dir/lib/no-OS-FatFS-SD-SPI-RPi-Pico/FatFs_SPI/src/glue.c.o
                0x1000ed18                disk_write
 .text.disk_ioctl
                0x1000ed8c       0x3c CMakeFiles/test.dir/lib/no-OS-FatFS-SD-SPI-RPi-Pico/FatFs_SPI/src/glue.c.o
                0x1000ed8c                disk_ioctl
 .text.FRESULT_str
                0x1000edc8       0x18 CMakeFiles/test.dir/lib/no-OS-FatFS-SD-SPI-RPi-Pico/FatFs_SPI/src/f_util.c.o
                0x1000edc8                FRESULT_str
 .text.get_fattime
                0x1000ede0       0x6c CMakeFiles/test.dir/lib/no-OS-FatFS-SD-SPI-RPi-Pico/FatFs_SPI/src/rtc.c.o
                0x1000ede0                get_fattime
 .text.spi_init
                0x1000ee4c      0x13c CMakeFiles/test.dir/home/alex/pico/pico-sdk/src/rp2_common/hardware_spi/spi.c.o
                0x1000ee4c                spi_init
 .text.spi_set_baudrate
                0x1000ef88       0xdc CMakeFiles/test.dir/home/alex/pico/pico-sdk/src/rp2_common/hardware_spi/spi.c.o
                0x1000ef88                spi_set_baudrate
 .text.dma_claim_unused_channel
                0x1000f064       0x24 CMakeFiles/test.dir/home/alex/pico/pico-sdk/src/rp2_common/hardware_dma/dma.c.o
                0x1000f064                dma_claim_unused_channel
 .text.rtc_get_datetime
                0x1000f088       0x44 CMakeFiles/test.dir/home/alex/pico/pico-sdk/src/rp2_common/hardware_rtc/rtc.c.o
                0x1000f088                rtc_get_datetime
 .text          0x1000f0cc       0xc4 /usr/lib/gcc/arm-none-eabi/13.2.1/../../../arm-none-eabi/lib/thumb/v6-m/nofp/libg.a(libc_a-strchr.o)
                0x1000f0cc                strchr
 .text          0x1000f190        0xc /usr/lib/gcc/arm-none-eabi/13.2.1/../../../arm-none-eabi/lib/thumb/v6-m/nofp/libg.a(libc_a-errno.o)
                0x1000f190                __errno
 .text          0x1000f19c      0x5b4 /usr/lib/gcc/arm-none-eabi/13.2.1/../../../arm-none-eabi/lib/thumb/v6-m/nofp/libg.a(libc_a-mallocr.o)
                0x1000f19c                _malloc_r
 .text          0x1000f750      0x288 /usr/lib/gcc/arm-none-eabi/13.2.1/../../../arm-none-eabi/lib/thumb/v6-m/nofp/libg.a(libc_a-freer.o)
                0x1000f750                _malloc_trim_r
                0x1000f804                _free_r
 .text          0x1000f9d8       0x48 /usr/lib/gcc/arm-none-eabi/13.2.1/../../../arm-none-eabi/lib/thumb/v6-m/nofp/libg.a(libc_a-memcmp.o)
                0x1000f9d8                memcmp
 .text          0x1000fa20       0x28 /usr/lib/gcc/arm-none-eabi/13.2.1/../../../arm-none-eabi/lib/thumb/v6-m/nofp/libg.a(libc_a-malloc.o)
                0x1000fa20                malloc
                0x1000fa34                free
 .text          0x1000fa48       0x1c /usr/lib/gcc/arm-none-eabi/13.2.1/../../../arm-none-eabi/lib/thumb/v6-m/nofp/libg.a(libc_a-sysconf.o)
                0x1000fa48                sysconf
 .text          0x1000fa64        0x8 /usr/lib/gcc/arm-none-eabi/13.2.1/../../../arm-none-eabi/lib/thumb/v6-m/nofp/libg.a(libc_a-mlock.o)
                0x1000fa64                __malloc_lock
                0x1000fa68                __malloc_unlock
 .text          0x1000fa6c       0x10 /usr/lib/gcc/arm-none-eabi/13.2.1/../../../arm-none-eabi/lib/thumb/v6-m/nofp/libg.a(libc_a-atexit.o)
                0x1000fa6c                atexit
 .text          0x1000fa7c       0x5c /usr/lib/gcc/arm-none-eabi/13.2.1/../../../arm-none-eabi/lib/thumb/v6-m/nofp/libg.a(libc_a-strlen-stub.o)
                0x1000fa7c                strlen
 .text          0x1000fad8       0x24 /usr/lib/gcc/arm-none-eabi/13.2.1/../../../arm-none-eabi/lib/thumb/v6-m/nofp/libg.a(libc_a-sbrkr.o)
                0x1000fad8                _sbrk_r
 .text          0x1000fafc       0x28 /usr/lib/gcc/arm-none-eabi/13.2.1/../../../arm-none-eabi/lib/thumb/v6-m/nofp/libg.a(libc_a-fini.o)
                0x1000fafc                __libc_fini_array
 .text          0x1000fb24       0x78 /usr/lib/gcc/arm-none-eabi/13.2.1/../../../arm-none-eabi/lib/thumb/v6-m/nofp/libg.a(libc_a-__atexit.o)
                0x1000fb24                __register_exitproc
 .text.startup  0x1000fb9c       0x18 /usr/lib/gcc/arm-none-eabi/13.2.1/../../../arm-none-eabi/lib/thumb/v6-m/nofp/libg.a(libc_a-__call_atexit.o)
 *(.fini)
 .fini          0x1000fbb4        0x4 /usr/lib/gcc/arm-none-eabi/13.2.1/thumb/v6-m/nofp/crti.o
                0x1000fbb4                _fini
 .fini.__stub   0x1000fbb8       0xf0 linker stubs
 *crtbegin.o(.ctors)
 *crtbegin?.o(.ctors)
 *(EXCLUDE_FILE(*crtend.o *crtend?.o) .ctors)
 *(SORT_BY_NAME(.ctors.*))
 *(.ctors)
 *crtbegin.o(.dtors)
 *crtbegin?.o(.dtors)
 *(EXCLUDE_FILE(*crtend.o *crtend?.o) .dtors)
 *(SORT_BY_NAME(.dtors.*))
 *(.dtors)
                0x1000fca8                        . = ALIGN (0x4)
                0x1000fca8                        PROVIDE (__preinit_array_start = .)
 *(SORT_BY_NAME(.preinit_array.*))
 .preinit_array.00100
                0x1000fca8        0x4 CMakeFiles/test.dir/home/alex/pico/pico-sdk/src/rp2_common/pico_runtime_init/runtime_init.c.o
                0x1000fca8                __pre_init_runtime_init_early_resets
 .preinit_array.00101
                0x1000fcac        0x4 CMakeFiles/test.dir/home/alex/pico/pico-sdk/src/rp2_common/pico_runtime_init/runtime_init.c.o
                0x1000fcac                __pre_init_runtime_init_usb_power_down
 .preinit_array.00275
                0x1000fcb0        0x4 CMakeFiles/test.dir/home/alex/pico/pico-sdk/src/rp2_common/pico_bit_ops/bit_ops_aeabi.S.o
 .preinit_array.00300
                0x1000fcb4        0x4 CMakeFiles/test.dir/home/alex/pico/pico-sdk/src/rp2_common/pico_mem_ops/mem_ops_aeabi.S.o
 .preinit_array.00350
                0x1000fcb8        0x4 CMakeFiles/test.dir/home/alex/pico/pico-sdk/src/rp2_common/pico_double/double_aeabi_rp2040.S.o
 .preinit_array.00350
                0x1000fcbc        0x4 CMakeFiles/test.dir/home/alex/pico/pico-sdk/src/rp2_common/pico_float/float_aeabi_rp2040.S.o
 .preinit_array.00500
                0x1000fcc0        0x4 CMakeFiles/test.dir/home/alex/pico/pico-sdk/src/rp2_common/pico_runtime_init/runtime_init.c.o
                0x1000fcc0                __pre_init_runtime_init_clocks
 .preinit_array.00600
                0x1000fcc4        0x4 CMakeFiles/test.dir/home/alex/pico/pico-sdk/src/rp2_common/pico_runtime_init/runtime_init.c.o
                0x1000fcc4                __pre_init_runtime_init_post_clock_resets
 .preinit_array.00700
                0x1000fcc8        0x4 CMakeFiles/test.dir/home/alex/pico/pico-sdk/src/rp2_common/pico_runtime_init/runtime_init.c.o
                0x1000fcc8                __pre_init_runtime_init_rp2040_gpio_ie_disable
 .preinit_array.01000
                0x1000fccc        0x4 CMakeFiles/test.dir/home/alex/pico/pico-sdk/src/rp2_common/pico_runtime_init/runtime_init.c.o
                0x1000fccc                __pre_init_runtime_init_spin_locks_reset
 .preinit_array.01100
                0x1000fcd0        0x4 CMakeFiles/test.dir/home/alex/pico/pico-sdk/src/common/pico_sync/mutex.c.o
                0x1000fcd0                __pre_init_runtime_init_mutex
 .preinit_array.10080
                0x1000fcd4        0x4 CMakeFiles/test.dir/home/alex/pico/pico-sdk/src/rp2_common/pico_runtime_init/runtime_init.c.o
                0x1000fcd4                __pre_init_runtime_init_install_ram_vector_table
 .preinit_array.11000
                0x1000fcd8        0x4 CMakeFiles/test.dir/home/alex/pico/pico-sdk/src/common/pico_time/time.c.o
                0x1000fcd8                __pre_init_runtime_init_default_alarm_pool
 .preinit_array.YYYYY
                0x1000fcdc        0x4 CMakeFiles/test.dir/home/alex/pico/pico-sdk/src/rp2_common/pico_runtime/runtime.c.o
                0x1000fcdc                __pre_init_first_per_core_initializer
 .preinit_array.ZZZZZ.01200
                0x1000fce0        0x4 CMakeFiles/test.dir/home/alex/pico/pico-sdk/src/rp2_common/hardware_irq/irq.c.o
                0x1000fce0                __pre_init_runtime_init_per_core_irq_priorities
 *(.preinit_array)
                0x1000fce4                        PROVIDE (__preinit_array_end = .)
                0x1000fce4                        . = ALIGN (0x4)
                0x1000fce4                        PROVIDE (__init_array_start = .)
 *(SORT_BY_NAME(.init_array.*))
 .init_array.00000
                0x1000fce4        0x4 /usr/lib/gcc/arm-none-eabi/13.2.1/../../../arm-none-eabi/lib/thumb/v6-m/nofp/libg.a(libc_a-__call_atexit.o)
 .init_array.01000
                0x1000fce8        0x4 CMakeFiles/test.dir/home/alex/pico/pico-sdk/src/rp2_common/pico_unique_id/unique_id.c.o
 *(.init_array)
 .init_array    0x1000fcec        0x4 /usr/lib/gcc/arm-none-eabi/13.2.1/thumb/v6-m/nofp/crtbegin.o
                0x1000fcf0                        PROVIDE (__init_array_end = .)
                0x1000fcf0                        . = ALIGN (0x4)
                0x1000fcf0                        PROVIDE (__fini_array_start = .)
 *(SORT_BY_NAME(.fini_array.*))
 *(.fini_array)
                0x1000fcf0                        PROVIDE (__fini_array_end = .)
 *(.eh_frame*)
 .eh_frame      0x1000fcf0        0x0 /usr/lib/gcc/arm-none-eabi/13.2.1/thumb/v6-m/nofp/crtbegin.o
                0x1000fcf0                        . = ALIGN (0x4)

.glue_7         0x1000fcf0        0x0
 .glue_7        0x1000fcf0        0x0 linker stubs

.glue_7t        0x1000fcf0        0x0
 .glue_7t       0x1000fcf0        0x0 linker stubs

.vfp11_veneer   0x1000fcf0        0x0
 .vfp11_veneer  0x1000fcf0        0x0 linker stubs

.v4_bx          0x1000fcf0        0x0
 .v4_bx         0x1000fcf0        0x0 linker stubs

.iplt           0x1000fcf0        0x0
 .iplt          0x1000fcf0        0x0 /usr/lib/gcc/arm-none-eabi/13.2.1/thumb/v6-m/nofp/crtbegin.o

.rodata         0x1000fcf0     0x1598
 *(EXCLUDE_FILE(*libm.a: *libc.a:*lib_a-mem*.o *libgcc.a:) .rodata*)
 .rodata.main.str1.4
                0x1000fcf0      0x8fe CMakeFiles/test.dir/main.cpp.o
                                0x2b1 (size before relaxing)
 .rodata._ZN6Bmp2804initEv.str1.4
                0x100105ee       0x79 CMakeFiles/test.dir/Bmp280.cpp.o
 .rodata.str1.4
                0x100105ee        0x3 CMakeFiles/test.dir/hw_config.c.o
 .rodata._ZN8SDLogger4initEv.str1.4
                0x100105ee       0x35 CMakeFiles/test.dir/SDLogger.cpp.o
 .rodata._ZN8SDLogger8openFileEPKc.str1.4
                0x100105ee       0x4f CMakeFiles/test.dir/SDLogger.cpp.o
 .rodata._ZN8SDLogger9writeLineEPKc.str1.4
                0x100105ee       0x31 CMakeFiles/test.dir/SDLogger.cpp.o
 .rodata._ZN15LoRaTransmitter4initEv.str1.4
                0x100105ee       0x26 CMakeFiles/test.dir/LoRaE220Transmitter.cpp.o
 .rodata.panic.str1.4
                0x100105ee       0x12 CMakeFiles/test.dir/home/alex/pico/pico-sdk/src/rp2_common/pico_platform_panic/panic.c.o
 .rodata.spin_lock_claim_unused.str1.4
                0x100105ee       0x1b CMakeFiles/test.dir/home/alex/pico/pico-sdk/src/rp2_common/hardware_sync/sync.c.o
 .rodata.user_irq_claim_unused.str1.4
                0x100105ee       0x1b CMakeFiles/test.dir/home/alex/pico/pico-sdk/src/rp2_common/hardware_irq/irq.c.o
 .rodata.timer_hardware_alarm_claim.str1.4
                0x100105ee       0x22 CMakeFiles/test.dir/home/alex/pico/pico-sdk/src/rp2_common/hardware_timer/timer.c.o
 .rodata.hard_assertion_failure.str1.4
                0x100105ee        0xc CMakeFiles/test.dir/home/alex/pico/pico-sdk/src/rp2_common/pico_runtime/runtime.c.o
 .rodata.__wrap_malloc.str1.4
                0x100105ee        0xe CMakeFiles/test.dir/home/alex/pico/pico-sdk/src/rp2_common/pico_malloc/malloc.c.o
 .rodata.str1.4
                0x100105ee       0x3c CMakeFiles/test.dir/home/alex/pico/pico-sdk/src/rp2_common/pico_standard_binary_info/standard_binary_info.c.o
 *fill*         0x100105ee        0x2 
 .rodata.__bi_84
                0x100105f0        0xc CMakeFiles/test.dir/home/alex/pico/pico-sdk/src/rp2_common/pico_standard_binary_info/standard_binary_info.c.o
 .rodata.__bi_78
                0x100105fc        0xc CMakeFiles/test.dir/home/alex/pico/pico-sdk/src/rp2_common/pico_standard_binary_info/standard_binary_info.c.o
 .rodata.__bi_54
                0x10010608        0xc CMakeFiles/test.dir/home/alex/pico/pico-sdk/src/rp2_common/pico_standard_binary_info/standard_binary_info.c.o
 .rodata.__bi_48
                0x10010614        0xc CMakeFiles/test.dir/home/alex/pico/pico-sdk/src/rp2_common/pico_standard_binary_info/standard_binary_info.c.o
 .rodata.__bi_42
                0x10010620        0xc CMakeFiles/test.dir/home/alex/pico/pico-sdk/src/rp2_common/pico_standard_binary_info/standard_binary_info.c.o
 .rodata.__bi_34
                0x1001062c        0xc CMakeFiles/test.dir/home/alex/pico/pico-sdk/src/rp2_common/pico_standard_binary_info/standard_binary_info.c.o
 .rodata.__bi_26
                0x10010638        0xc CMakeFiles/test.dir/home/alex/pico/pico-sdk/src/rp2_common/pico_standard_binary_info/standard_binary_info.c.o
 .rodata._ftoa.str1.4
                0x10010644       0x15 CMakeFiles/test.dir/home/alex/pico/pico-sdk/src/rp2_common/pico_printf/printf.c.o
 .rodata._vsnprintf
                0x10010644      0x19c CMakeFiles/test.dir/home/alex/pico/pico-sdk/src/rp2_common/pico_printf/printf.c.o
 .rodata.pow10.0
                0x100107e0       0x50 CMakeFiles/test.dir/home/alex/pico/pico-sdk/src/rp2_common/pico_printf/printf.c.o
 .rodata.crlf_str.0
                0x10010830        0x2 CMakeFiles/test.dir/home/alex/pico/pico-sdk/src/rp2_common/pico_stdio/stdio.c.o
 *fill*         0x10010832        0x2 
 .rodata._resetd_driver
                0x10010834       0x20 CMakeFiles/test.dir/home/alex/pico/pico-sdk/src/rp2_common/pico_stdio_usb/reset_interface.c.o
 .rodata.desc_ms_os_20
                0x10010854       0xa6 CMakeFiles/test.dir/home/alex/pico/pico-sdk/src/rp2_common/pico_stdio_usb/reset_interface.c.o
 *fill*         0x100108fa        0x2 
 .rodata.desc_bos
                0x100108fc       0x21 CMakeFiles/test.dir/home/alex/pico/pico-sdk/src/rp2_common/pico_stdio_usb/reset_interface.c.o
                0x100108fc                desc_bos
 .rodata.str1.4
                0x1001091d       0x13 CMakeFiles/test.dir/home/alex/pico/pico-sdk/src/rp2_common/pico_stdio_usb/stdio_usb.c.o
 *fill*         0x1001091d        0x3 
 .rodata.__bi_202.0
                0x10010920        0xc CMakeFiles/test.dir/home/alex/pico/pico-sdk/src/rp2_common/pico_stdio_usb/stdio_usb.c.o
 .rodata.str1.4
                0x1001092c       0x2a CMakeFiles/test.dir/home/alex/pico/pico-sdk/src/rp2_common/pico_stdio_usb/stdio_usb_descriptors.c.o
 .rodata.usbd_desc_str
                0x1001092c       0x18 CMakeFiles/test.dir/home/alex/pico/pico-sdk/src/rp2_common/pico_stdio_usb/stdio_usb_descriptors.c.o
 .rodata.usbd_desc_cfg
                0x10010944       0x54 CMakeFiles/test.dir/home/alex/pico/pico-sdk/src/rp2_common/pico_stdio_usb/stdio_usb_descriptors.c.o
 .rodata.usbd_desc_device
                0x10010998       0x12 CMakeFiles/test.dir/home/alex/pico/pico-sdk/src/rp2_common/pico_stdio_usb/stdio_usb_descriptors.c.o
 .rodata.str1.4
                0x100109aa       0x14 CMakeFiles/test.dir/home/alex/pico/pico-sdk/lib/tinyusb/src/portable/raspberrypi/rp2040/dcd_rp2040.c.o
 .rodata.str1.4
                0x100109aa       0x48 CMakeFiles/test.dir/home/alex/pico/pico-sdk/lib/tinyusb/src/portable/raspberrypi/rp2040/rp2040_usb.c.o
 *fill*         0x100109aa        0x2 
 .rodata.tud_task_ext
                0x100109ac       0x8c CMakeFiles/test.dir/home/alex/pico/pico-sdk/lib/tinyusb/src/device/usbd.c.o
 .rodata        0x10010a38       0x1c CMakeFiles/test.dir/home/alex/pico/pico-sdk/lib/tinyusb/src/device/usbd.c.o
 .rodata._usbd_driver
                0x10010a54       0x40 CMakeFiles/test.dir/home/alex/pico/pico-sdk/lib/tinyusb/src/device/usbd.c.o
 .rodata.ff_wtoupper
                0x10010a94       0x24 CMakeFiles/test.dir/lib/no-OS-FatFS-SD-SPI-RPi-Pico/FatFs_SPI/ff15/source/ffunicode.c.o
 .rodata.cvt2.0
                0x10010ab8       0xbc CMakeFiles/test.dir/lib/no-OS-FatFS-SD-SPI-RPi-Pico/FatFs_SPI/ff15/source/ffunicode.c.o
 .rodata.cvt1.1
                0x10010b74      0x1f2 CMakeFiles/test.dir/lib/no-OS-FatFS-SD-SPI-RPi-Pico/FatFs_SPI/ff15/source/ffunicode.c.o
 *fill*         0x10010d66        0x2 
 .rodata.uc437  0x10010d68      0x100 CMakeFiles/test.dir/lib/no-OS-FatFS-SD-SPI-RPi-Pico/FatFs_SPI/ff15/source/ffunicode.c.o
 .rodata.check_fs.str1.4
                0x10010e68       0x15 CMakeFiles/test.dir/lib/no-OS-FatFS-SD-SPI-RPi-Pico/FatFs_SPI/ff15/source/ff.c.o
 .rodata.follow_path.str1.4
                0x10010e68       0x13 CMakeFiles/test.dir/lib/no-OS-FatFS-SD-SPI-RPi-Pico/FatFs_SPI/ff15/source/ff.c.o
 .rodata.ExCvt  0x10010e68       0x80 CMakeFiles/test.dir/lib/no-OS-FatFS-SD-SPI-RPi-Pico/FatFs_SPI/ff15/source/ff.c.o
 .rodata.LfnOfs
                0x10010ee8        0xd CMakeFiles/test.dir/lib/no-OS-FatFS-SD-SPI-RPi-Pico/FatFs_SPI/ff15/source/ff.c.o
 *fill*         0x10010ef5        0x3 
 .rodata.GUID_MS_Basic
                0x10010ef8       0x10 CMakeFiles/test.dir/lib/no-OS-FatFS-SD-SPI-RPi-Pico/FatFs_SPI/ff15/source/ff.c.o
 .rodata        0x10010f08       0x2c CMakeFiles/test.dir/lib/no-OS-FatFS-SD-SPI-RPi-Pico/FatFs_SPI/ff15/source/ff.c.o
 .rodata.dummy.2
                0x10010f34        0x1 CMakeFiles/test.dir/lib/no-OS-FatFS-SD-SPI-RPi-Pico/FatFs_SPI/sd_driver/spi.c.o
 .rodata.sd_init.str1.4
                0x10010f35       0x16 CMakeFiles/test.dir/lib/no-OS-FatFS-SD-SPI-RPi-Pico/FatFs_SPI/sd_driver/sd_card.c.o
 *fill*         0x10010f35        0x3 
 .rodata.m_Crc16Table
                0x10010f38      0x200 CMakeFiles/test.dir/lib/no-OS-FatFS-SD-SPI-RPi-Pico/FatFs_SPI/sd_driver/crc.c.o
 .rodata.m_Crc7Table
                0x10011138      0x100 CMakeFiles/test.dir/lib/no-OS-FatFS-SD-SPI-RPi-Pico/FatFs_SPI/sd_driver/crc.c.o
 .rodata.FRESULT_str.str1.4
                0x10011238        0x8 CMakeFiles/test.dir/lib/no-OS-FatFS-SD-SPI-RPi-Pico/FatFs_SPI/src/f_util.c.o
 .rodata.str1.4
                0x10011238      0x303 CMakeFiles/test.dir/lib/no-OS-FatFS-SD-SPI-RPi-Pico/FatFs_SPI/src/f_util.c.o
 .rodata.CSWTCH.3
                0x10011238       0x50 CMakeFiles/test.dir/lib/no-OS-FatFS-SD-SPI-RPi-Pico/FatFs_SPI/src/f_util.c.o
 .rodata.dma_claim_unused_channel.str1.4
                0x10011288       0x1e CMakeFiles/test.dir/home/alex/pico/pico-sdk/src/rp2_common/hardware_dma/dma.c.o
                0x1001153c                        . = ALIGN (0x4)
 *(SORT_BY_ALIGNMENT(SORT_BY_NAME(.flashdata*)))
                0x1001153c                        . = ALIGN (0x4)

.ARM.extab
 *(.ARM.extab* .gnu.linkonce.armextab.*)
                0x10011288                        __exidx_start = .

.ARM.exidx
 *(.ARM.exidx* .gnu.linkonce.armexidx.*)
                0x10011288                        __exidx_end = .
                0x1001153c                        . = ALIGN (0x4)
                0x10011288                        __binary_info_start = .

.binary_info    0x10011288       0x20
 *(.binary_info.keep.*)
 .binary_info.keep.__bi_ptr84
                0x10011288        0x4 CMakeFiles/test.dir/home/alex/pico/pico-sdk/src/rp2_common/pico_standard_binary_info/standard_binary_info.c.o
 .binary_info.keep.__bi_ptr78
                0x1001128c        0x4 CMakeFiles/test.dir/home/alex/pico/pico-sdk/src/rp2_common/pico_standard_binary_info/standard_binary_info.c.o
 .binary_info.keep.__bi_ptr54
                0x10011290        0x4 CMakeFiles/test.dir/home/alex/pico/pico-sdk/src/rp2_common/pico_standard_binary_info/standard_binary_info.c.o
 .binary_info.keep.__bi_ptr48
                0x10011294        0x4 CMakeFiles/test.dir/home/alex/pico/pico-sdk/src/rp2_common/pico_standard_binary_info/standard_binary_info.c.o
 .binary_info.keep.__bi_ptr42
                0x10011298        0x4 CMakeFiles/test.dir/home/alex/pico/pico-sdk/src/rp2_common/pico_standard_binary_info/standard_binary_info.c.o
 .binary_info.keep.__bi_ptr34
                0x1001129c        0x4 CMakeFiles/test.dir/home/alex/pico/pico-sdk/src/rp2_common/pico_standard_binary_info/standard_binary_info.c.o
 .binary_info.keep.__bi_ptr26
                0x100112a0        0x4 CMakeFiles/test.dir/home/alex/pico/pico-sdk/src/rp2_common/pico_standard_binary_info/standard_binary_info.c.o
 *(.binary_info.*)
 .binary_info.__bi_ptr202
                0x100112a4        0x4 CMakeFiles/test.dir/home/alex/pico/pico-sdk/src/rp2_common/pico_stdio_usb/stdio_usb.c.o
                0x100112a8                        __binary_info_end = .
                0x100112a8                        . = ALIGN (0x4)

.ram_vector_table
                0x20000000       0xc0
 *(.ram_vector_table)
 .ram_vector_table
                0x20000000       0xc0 CMakeFiles/test.dir/home/alex/pico/pico-sdk/src/rp2_common/pico_runtime_init/runtime_init.c.o
                0x20000000                ram_vector_table

.uninitialized_data