Archive member included to satisfy reference by file (symbol)

/usr/lib/gcc/arm-none-eabi/13.2.1/thumb/v6-m/nofp/libgcc.a(_dvmd_tls.o)
                              CMakeFiles/test.dir/home/alex/pico/pico-sdk/src/rp2_common/pico_divider/divider_hardware.S.o (__aeabi_idiv0)
/usr/lib/gcc/arm-none-eabi/13.2.1/../../../arm-none-eabi/lib/thumb/v6-m/nofp/libg.a(libc_a-strncpy.o)
                              CMakeFiles/test.dir/lib/no-OS-FatFS-SD-SPI-RPi-Pico/FatFs_SPI/src/ff_stdio.c.o (strncpy)
/usr/lib/gcc/arm-none-eabi/13.2.1/../../../arm-none-eabi/lib/thumb/v6-m/nofp/libg.a(libc_a-strchr.o)
                              CMakeFiles/test.dir/lib/no-OS-FatFS-SD-SPI-RPi-Pico/FatFs_SPI/ff15/source/ff.c.o (strchr)
/usr/lib/gcc/arm-none-eabi/13.2.1/../../../arm-none-eabi/lib/thumb/v6-m/nofp/libg.a(libc_a-strcmp.o)
                              CMakeFiles/test.dir/lib/no-OS-FatFS-SD-SPI-RPi-Pico/FatFs_SPI/src/ff_stdio.c.o (strcmp)
/usr/lib/gcc/arm-none-eabi/13.2.1/../../../arm-none-eabi/lib/thumb/v6-m/nofp/libg.a(libc_a-fflush.o)
                              CMakeFiles/test.dir/lib/no-OS-FatFS-SD-SPI-RPi-Pico/FatFs_SPI/sd_driver/demo_logging.c.o (fflush)
/usr/lib/gcc/arm-none-eabi/13.2.1/../../../arm-none-eabi/lib/thumb/v6-m/nofp/libg.a(libc_a-calloc.o)
                              CMakeFiles/test.dir/home/alex/pico/pico-sdk/src/rp2_common/pico_malloc/malloc.c.o (calloc)
/usr/lib/gcc/arm-none-eabi/13.2.1/../../../arm-none-eabi/lib/thumb/v6-m/nofp/libg.a(libc_a-errno.o)
                              CMakeFiles/test.dir/lib/no-OS-FatFS-SD-SPI-RPi-Pico/FatFs_SPI/src/ff_stdio.c.o (__errno)
/usr/lib/gcc/arm-none-eabi/13.2.1/../../../arm-none-eabi/lib/thumb/v6-m/nofp/libg.a(libc_a-impure.o)
                              CMakeFiles/test.dir/lib/no-OS-FatFS-SD-SPI-RPi-Pico/FatFs_SPI/sd_driver/demo_logging.c.o (_impure_ptr)
/usr/lib/gcc/arm-none-eabi/13.2.1/../../../arm-none-eabi/lib/thumb/v6-m/nofp/libg.a(libc_a-callocr.o)
                              /usr/lib/gcc/arm-none-eabi/13.2.1/../../../arm-none-eabi/lib/thumb/v6-m/nofp/libg.a(libc_a-calloc.o) (_calloc_r)
/usr/lib/gcc/arm-none-eabi/13.2.1/../../../arm-none-eabi/lib/thumb/v6-m/nofp/libg.a(libc_a-realloc.o)
                              CMakeFiles/test.dir/home/alex/pico/pico-sdk/src/rp2_common/pico_malloc/malloc.c.o (realloc)
/usr/lib/gcc/arm-none-eabi/13.2.1/../../../arm-none-eabi/lib/thumb/v6-m/nofp/libg.a(libc_a-mallocr.o)
                              /usr/lib/gcc/arm-none-eabi/13.2.1/../../../arm-none-eabi/lib/thumb/v6-m/nofp/libg.a(libc_a-callocr.o) (_malloc_r)
/usr/lib/gcc/arm-none-eabi/13.2.1/../../../arm-none-eabi/lib/thumb/v6-m/nofp/libg.a(libc_a-freer.o)
                              /usr/lib/gcc/arm-none-eabi/13.2.1/../../../arm-none-eabi/lib/thumb/v6-m/nofp/libg.a(libc_a-fflush.o) (_free_r)
/usr/lib/gcc/arm-none-eabi/13.2.1/../../../arm-none-eabi/lib/thumb/v6-m/nofp/libg.a(libc_a-memcmp.o)
                              CMakeFiles/test.dir/home/alex/pico/pico-sdk/src/rp2_common/pico_atomic/atomic.c.o (memcmp)
/usr/lib/gcc/arm-none-eabi/13.2.1/../../../arm-none-eabi/lib/thumb/v6-m/nofp/libg.a(libc_a-malloc.o)
                              CMakeFiles/test.dir/home/alex/pico/pico-sdk/src/rp2_common/pico_malloc/malloc.c.o (malloc)
/usr/lib/gcc/arm-none-eabi/13.2.1/../../../arm-none-eabi/lib/thumb/v6-m/nofp/libg.a(libc_a-sysconf.o)
                              /usr/lib/gcc/arm-none-eabi/13.2.1/../../../arm-none-eabi/lib/thumb/v6-m/nofp/libg.a(libc_a-mallocr.o) (sysconf)
/usr/lib/gcc/arm-none-eabi/13.2.1/../../../arm-none-eabi/lib/thumb/v6-m/nofp/libg.a(libc_a-init.o)
                              /usr/lib/gcc/arm-none-eabi/13.2.1/../../../arm-none-eabi/lib/thumb/v6-m/nofp/crt0.o (__libc_init_array)
/usr/lib/gcc/arm-none-eabi/13.2.1/../../../arm-none-eabi/lib/thumb/v6-m/nofp/libg.a(libc_a-reallocr.o)
                              /usr/lib/gcc/arm-none-eabi/13.2.1/../../../arm-none-eabi/lib/thumb/v6-m/nofp/libg.a(libc_a-realloc.o) (_realloc_r)
/usr/lib/gcc/arm-none-eabi/13.2.1/../../../arm-none-eabi/lib/thumb/v6-m/nofp/libg.a(libc_a-mktime.o)
                              CMakeFiles/test.dir/home/alex/pico/pico-sdk/src/common/pico_util/datetime.c.o (mktime)
/usr/lib/gcc/arm-none-eabi/13.2.1/../../../arm-none-eabi/lib/thumb/v6-m/nofp/libg.a(libc_a-mlock.o)
                              /usr/lib/gcc/arm-none-eabi/13.2.1/../../../arm-none-eabi/lib/thumb/v6-m/nofp/libg.a(libc_a-mallocr.o) (__malloc_lock)
/usr/lib/gcc/arm-none-eabi/13.2.1/../../../arm-none-eabi/lib/thumb/v6-m/nofp/libg.a(libc_a-findfp.o)
                              /usr/lib/gcc/arm-none-eabi/13.2.1/../../../arm-none-eabi/lib/thumb/v6-m/nofp/libg.a(libc_a-impure.o) (__sf)
/usr/lib/gcc/arm-none-eabi/13.2.1/../../../arm-none-eabi/lib/thumb/v6-m/nofp/libg.a(libc_a-tzlock.o)
                              /usr/lib/gcc/arm-none-eabi/13.2.1/../../../arm-none-eabi/lib/thumb/v6-m/nofp/libg.a(libc_a-mktime.o) (__tz_lock)
[...]
Memory Configuration

Name             Origin             Length             Attributes
FLASH            0x10000000         0x00200000         xr
RAM              0x20000000         0x00040000         xrw
SCRATCH_X        0x20040000         0x00001000         xrw
SCRATCH_Y        0x20041000         0x00001000         xrw
*default*        0x00000000         0xffffffff

Linker script and memory map

LOAD /usr/lib/gcc/arm-none-eabi/13.2.1/thumb/v6-m/nofp/crti.o
LOAD /usr/lib/gcc/arm-none-eabi/13.2.1/thumb/v6-m/nofp/crtbegin.o
LOAD /usr/lib/gcc/arm-none-eabi/13.2.1/../../../arm-none-eabi/lib/thumb/v6-m/nofp/crt0.o

.flash_begin    0x10000000        0x0
                0x10000000                        __flash_binary_start = .

.boot2          0x10000000      0x100
                0x10000000                        __boot2_start__ = .
 *(.boot2)
 .boot2         0x10000000      0x100 pico-sdk/src/rp2040/boot_stage2/CMakeFiles/bs2_default_library.dir/bs2_default_padded_checksummed.S.o
                0x10000100                        __boot2_end__ = .
                0x00000001                        ASSERT (((__boot2_end__ - __boot2_start__) == 0x100), ERROR: Pico second stage bootloader must be 256 bytes in size)

.text           0x10000100     0xfa10
                0x10000100                        __logical_binary_start = .
 *(.vectors)
 .vectors       0x10000100       0xd4 CMakeFiles/test.dir/home/alex/pico/pico-sdk/src/rp2_common/pico_crt0/crt0.S.o
                0x10000100                __vectors
                0x10000100                __VECTOR_TABLE
                0x100001c0                isr_irq30
                0x100001c0                __unhandled_user_irq
                0x100001c0                isr_irq13
                0x100001c0                isr_irq27
                0x100001c0                isr_irq31
                0x100001c0                isr_irq5
                0x100001c0                isr_irq11
                0x100001c0                isr_irq23
                0x100001c0                isr_irq18
                0x100001c0                isr_irq28
                0x100001c0                isr_irq19
                0x100001c0                isr_irq0
                0x100001c0                isr_irq6
                0x100001c0                isr_irq22
                0x100001c0                isr_irq17
                0x100001c0                isr_irq14
                0x100001c0                __vectors_end
                0x100001c0                __default_isrs_start
                0x100001c0                isr_irq2
                0x100001c0                isr_irq10
                0x100001c0                isr_irq8
                0x100001c0                isr_irq24
                0x100001c0                isr_irq1
                0x100001c0                isr_irq7
                0x100001c0                isr_irq21
                0x100001c0                isr_irq20
                0x100001c0                isr_irq15
                0x100001c0                isr_irq25
                0x100001c0                isr_irq4
                0x100001c0                isr_irq16
                0x100001c0                isr_irq29
                0x100001c0                isr_irq26
                0x100001c0                isr_irq3
                0x100001c0                isr_irq12
                0x100001c0                isr_irq9
                0x100001c6                unhandled_user_irq_num_in_r0
                0x100001c8                isr_invalid
                0x100001ca                isr_nmi
                0x100001cc                isr_hardfault
                0x100001ce                isr_svcall
                0x100001d0                isr_pendsv
                0x100001d2                isr_systick
                0x100001d4                __default_isrs_end
 *(.binary_info_header)
 .binary_info_header
                0x100001d4       0x14 CMakeFiles/test.dir/home/alex/pico/pico-sdk/src/rp2_common/pico_crt0/crt0.S.o
                0x100001e8                        __binary_info_header_end = .
 *(.embedded_block)
                0x100001e8                        __embedded_block_end = .
 *(.reset)
 .reset         0x100001e8       0x9c CMakeFiles/test.dir/home/alex/pico/pico-sdk/src/rp2_common/pico_crt0/crt0.S.o
                0x100001e8                _entry_point
 *(.init)
 .init          0x10000284        0x4 /usr/lib/gcc/arm-none-eabi/13.2.1/thumb/v6-m/nofp/crti.o
                0x10000284                _init
 *(EXCLUDE_FILE(*libm.a: *libc.a:*lib_a-mem*.o *libgcc.a:) .text*)
 .text          0x10000288       0x98 /usr/lib/gcc/arm-none-eabi/13.2.1/thumb/v6-m/nofp/crtbegin.o
 .text.startup.main
                0x10000320      0x2c4 CMakeFiles/test.dir/main.cpp.o
                0x10000320                main
 .text._ZN8JoystickC2Eii
                0x100005e4        0x8 CMakeFiles/test.dir/Joystick.cpp.o
                0x100005e4                Joystick::Joystick(int, int)
                0x100005e4                Joystick::Joystick(int, int)
 .text._ZN8Joystick4initEv
                0x100005ec       0x44 CMakeFiles/test.dir/Joystick.cpp.o
                0x100005ec                Joystick::init()
 .text._ZN8Joystick8getAngleEv
                0x10000630       0x3c CMakeFiles/test.dir/Joystick.cpp.o
                0x10000630                Joystick::getAngle()
 .text._ZN10ServoMotorC2Em
                0x1000066c        0xc CMakeFiles/test.dir/ServoMotor.cpp.o
                0x1000066c                ServoMotor::ServoMotor(unsigned long)
                0x1000066c                ServoMotor::ServoMotor(unsigned long)
 .text._ZN10ServoMotor4initEv
                0x10000678       0x50 CMakeFiles/test.dir/ServoMotor.cpp.o
                0x10000678                ServoMotor::init()
 .text._ZN10ServoMotor8setAngleEf
                0x100006c8       0xa0 CMakeFiles/test.dir/ServoMotor.cpp.o
                0x100006c8                ServoMotor::setAngle(float)
 .text._ZN8Qmc5883lC2Eh
                0x10000768       0x18 CMakeFiles/test.dir/Qmc5883l.cpp.o
                0x10000768                Qmc5883l::Qmc5883l(unsigned char)
                0x10000768                Qmc5883l::Qmc5883l(unsigned char)
 .text._ZN8Qmc5883l4initEv
                0x10000780       0x6c CMakeFiles/test.dir/Qmc5883l.cpp.o
                0x10000780                Qmc5883l::init()
 .text._ZN8Qmc5883l7readRawEv
                0x100007ec       0x44 CMakeFiles/test.dir/Qmc5883l.cpp.o
                0x100007ec                Qmc5883l::readRaw()
 .text._ZN8Qmc5883l10getHeadingEv
                0x10000830       0x80 CMakeFiles/test.dir/Qmc5883l.cpp.o
                0x10000830                Qmc5883l::getHeading()
 .text._ZN8Qmc5883l17updateCalibrationEv
                0x100008b0       0x68 CMakeFiles/test.dir/Qmc5883l.cpp.o
                0x100008b0                Qmc5883l::updateCalibration()
 .text._ZN8Qmc5883l21getCalibrationHeadingEv
                0x10000918       0xd8 CMakeFiles/test.dir/Qmc5883l.cpp.o
                0x10000918                Qmc5883l::getCalibrationHeading()
 .text._ZN6Bmp280C2Eh
                0x100009f0       0x10 CMakeFiles/test.dir/Bmp280.cpp.o
                0x100009f0                Bmp280::Bmp280(unsigned char)
                0x100009f0                Bmp280::Bmp280(unsigned char)
 .text._ZN6Bmp28019readCalibrationDataEv
                0x10000a00       0x68 CMakeFiles/test.dir/Bmp280.cpp.o
                0x10000a00                Bmp280::readCalibrationData()
 .text._ZN6Bmp2804initEv
                0x10000a68       0xb0 CMakeFiles/test.dir/Bmp280.cpp.o
                0x10000a68                Bmp280::init()
 .text._ZN6Bmp28018compensatePressureEm
                0x10000b18      0x1cc CMakeFiles/test.dir/Bmp280.cpp.o
                0x10000b18                Bmp280::compensatePressure(unsigned long)
 .text._ZN6Bmp28015readTemperatureEv
                0x10000ce4       0x80 CMakeFiles/test.dir/Bmp280.cpp.o
                0x10000ce4                Bmp280::readTemperature()
 .text._ZN6Bmp28012readPressureEv
                0x10000d64       0x80 CMakeFiles/test.dir/Bmp280.cpp.o
                0x10000d64                Bmp280::readPressure()
 .text._ZN6Bmp28012readAltitudeEv
                0x10000de4       0xa4 CMakeFiles/test.dir/Bmp280.cpp.o
                0x10000de4                Bmp280::readAltitude()
 .text.spi_get_num
                0x10000e88        0x4 CMakeFiles/test.dir/hw_config.c.o
                0x10000e88                spi_get_num
 .text.spi_get_by_num
                0x10000e8c       0x10 CMakeFiles/test.dir/hw_config.c.o
                0x10000e8c                spi_get_by_num
 .text.sd_get_num
                0x10000e9c        0x4 CMakeFiles/test.dir/hw_config.c.o
                0x10000e9c                sd_get_num
 .text.sd_get_by_num
                0x10000ea0       0x10 CMakeFiles/test.dir/hw_config.c.o
                0x10000ea0                sd_get_by_num
 .text._ZN8SDLoggerC2Ev
                0x10000eb0        0xc CMakeFiles/test.dir/SDLogger.cpp.o
                0x10000eb0                SDLogger::SDLogger()
                0x10000eb0                SDLogger::SDLogger()
 .text._ZN8SDLogger4initEv
                0x10000ebc       0x48 CMakeFiles/test.dir/SDLogger.cpp.o
                0x10000ebc                SDLogger::init()
 .text._ZN8SDLogger8openFileEPKc
                0x10000f04       0x5c CMakeFiles/test.dir/SDLogger.cpp.o
                0x10000f04                SDLogger::openFile(char const*)
 .text._ZN8SDLogger9writeLineEPKc
                0x10000f60       0x60 CMakeFiles/test.dir/SDLogger.cpp.o
                0x10000f60                SDLogger::writeLine(char const*)
 .text.gpio_set_function
                0x10000fc0       0x34 CMakeFiles/test.dir/home/alex/pico/pico-sdk/src/rp2_common/hardware_gpio/gpio.c.o
                0x10000fc0                gpio_set_function
 .text.gpio_set_pulls
                0x10000ff4       0x28 CMakeFiles/test.dir/home/alex/pico/pico-sdk/src/rp2_common/hardware_gpio/gpio.c.o
                0x10000ff4                gpio_set_pulls
 .text.gpio_set_drive_strength
                0x1000101c       0x24 CMakeFiles/test.dir/home/alex/pico/pico-sdk/src/rp2_common/hardware_gpio/gpio.c.o
                0x1000101c                gpio_set_drive_strength
 .text.gpio_set_input_enabled
                0x10001040       0x28 CMakeFiles/test.dir/home/alex/pico/pico-sdk/src/rp2_common/hardware_gpio/gpio.c.o
                0x10001040                gpio_set_input_enabled
 .text.gpio_init
                0x10001068       0x40 CMakeFiles/test.dir/home/alex/pico/pico-sdk/src/rp2_common/hardware_gpio/gpio.c.o
                0x10001068                gpio_init
 .text.rp2040_chip_version
                0x100010a8        0xc CMakeFiles/test.dir/home/alex/pico/pico-sdk/src/rp2040/pico_platform/platform.c.o
                0x100010a8                rp2040_chip_version
 .text.panic    0x100010b4       0x30 CMakeFiles/test.dir/home/alex/pico/pico-sdk/src/rp2_common/pico_platform_panic/panic.c.o
                0x100010b4                panic
 .text.hw_claim_or_assert
                0x100010e4       0x44 CMakeFiles/test.dir/home/alex/pico/pico-sdk/src/common/hardware_claim/claim.c.o
                0x100010e4                hw_claim_or_assert
 .text.hw_claim_unused_from_range
                0x10001128       0x9c CMakeFiles/test.dir/home/alex/pico/pico-sdk/src/common/hardware_claim/claim.c.o
                0x10001128                hw_claim_unused_from_range
 .text.next_striped_spin_lock_num
                0x100011c4       0x18 CMakeFiles/test.dir/home/alex/pico/pico-sdk/src/rp2_common/hardware_sync/sync.c.o
                0x100011c4                next_striped_spin_lock_num
 .text.spin_lock_claim_unused
                0x100011dc       0x24 CMakeFiles/test.dir/home/alex/pico/pico-sdk/src/rp2_common/hardware_sync/sync.c.o
                0x100011dc                spin_lock_claim_unused
 .text.spin_locks_reset
                0x10001200       0x1c CMakeFiles/test.dir/home/alex/pico/pico-sdk/src/rp2_common/hardware_sync_spin_lock/sync_spin_lock.c.o
                0x10001200                spin_locks_reset
 .text.runtime_init_per_core_irq_priorities
                0x1000121c       0x24 CMakeFiles/test.dir/home/alex/pico/pico-sdk/src/rp2_common/hardware_irq/irq.c.o
                0x1000121c                runtime_init_per_core_irq_priorities
 .text.irq_set_enabled
                0x10001240       0x24 CMakeFiles/test.dir/home/alex/pico/pico-sdk/src/rp2_common/hardware_irq/irq.c.o
                0x10001240                irq_set_enabled
 .text.irq_is_enabled
                0x10001264       0x18 CMakeFiles/test.dir/home/alex/pico/pico-sdk/src/rp2_common/hardware_irq/irq.c.o
                0x10001264                irq_is_enabled
 .text.irq_set_pending
                0x1000127c       0x10 CMakeFiles/test.dir/home/alex/pico/pico-sdk/src/rp2_common/hardware_irq/irq.c.o
                0x1000127c                irq_set_pending
 .text.irq_has_shared_handler
                0x1000128c       0x24 CMakeFiles/test.dir/home/alex/pico/pico-sdk/src/rp2_common/hardware_irq/irq.c.o
                0x1000128c                irq_has_shared_handler
 .text.irq_set_exclusive_handler
                0x100012b0       0x54 CMakeFiles/test.dir/home/alex/pico/pico-sdk/src/rp2_common/hardware_irq/irq.c.o
                0x100012b0                irq_set_exclusive_handler
 .text.irq_add_shared_handler
                0x10001304      0x1f4 CMakeFiles/test.dir/home/alex/pico/pico-sdk/src/rp2_common/hardware_irq/irq.c.o
                0x10001304                irq_add_shared_handler
 .text.irq_add_tail_to_free_list
                0x100014f8       0xb4 CMakeFiles/test.dir/home/alex/pico/pico-sdk/src/rp2_common/hardware_irq/irq.c.o
                0x100014f8                irq_add_tail_to_free_list
 .text.user_irq_claim_unused
                0x100015ac       0x2c CMakeFiles/test.dir/home/alex/pico/pico-sdk/src/rp2_common/hardware_irq/irq.c.o
                0x100015ac                user_irq_claim_unused
 .text.sem_init
                0x100015d8       0x20 CMakeFiles/test.dir/home/alex/pico/pico-sdk/src/common/pico_sync/sem.c.o
                0x100015d8                sem_init
 .text.lock_init
                0x100015f8       0x10 CMakeFiles/test.dir/home/alex/pico/pico-sdk/src/common/pico_sync/lock_core.c.o
                0x100015f8                lock_init
 .text.runtime_init_mutex
                0x10001608       0x50 CMakeFiles/test.dir/home/alex/pico/pico-sdk/src/common/pico_sync/mutex.c.o
                0x10001608                runtime_init_mutex
 .text.mutex_init
                0x10001658       0x1c CMakeFiles/test.dir/home/alex/pico/pico-sdk/src/common/pico_sync/mutex.c.o
                0x10001658                mutex_init
 .text.critical_section_init
                0x10001674       0x1c CMakeFiles/test.dir/home/alex/pico/pico-sdk/src/common/pico_sync/critical_section.c.o
                0x10001674                critical_section_init
 .text.critical_section_init_with_lock_num
                0x10001690       0x14 CMakeFiles/test.dir/home/alex/pico/pico-sdk/src/common/pico_sync/critical_section.c.o
                0x10001690                critical_section_init_with_lock_num
 .text.sleep_until_callback
                0x100016a4       0x30 CMakeFiles/test.dir/home/alex/pico/pico-sdk/src/common/pico_time/time.c.o
 .text.alarm_pool_irq_handler
                0x100016d4      0x2fc CMakeFiles/test.dir/home/alex/pico/pico-sdk/src/common/pico_time/time.c.o
 .text.runtime_init_default_alarm_pool
                0x100019d0       0xdc CMakeFiles/test.dir/home/alex/pico/pico-sdk/src/common/pico_time/time.c.o
                0x100019d0                runtime_init_default_alarm_pool
 .text.alarm_pool_get_default
                0x10001aac        0x8 CMakeFiles/test.dir/home/alex/pico/pico-sdk/src/common/pico_time/time.c.o
                0x10001aac                alarm_pool_get_default
 .text.alarm_pool_add_alarm_at
                0x10001ab4       0xd4 CMakeFiles/test.dir/home/alex/pico/pico-sdk/src/common/pico_time/time.c.o
                0x10001ab4                alarm_pool_add_alarm_at
 .text.alarm_pool_add_alarm_at_force_in_context
                0x10001b88       0xb0 CMakeFiles/test.dir/home/alex/pico/pico-sdk/src/common/pico_time/time.c.o
                0x10001b88                alarm_pool_add_alarm_at_force_in_context
 .text.alarm_pool_cancel_alarm
                0x10001c38       0x74 CMakeFiles/test.dir/home/alex/pico/pico-sdk/src/common/pico_time/time.c.o
                0x10001c38                alarm_pool_cancel_alarm
 .text.alarm_pool_core_num
                0x10001cac        0x4 CMakeFiles/test.dir/home/alex/pico/pico-sdk/src/common/pico_time/time.c.o
                0x10001cac                alarm_pool_core_num
 .text.sleep_until
                0x10001cb0       0xd8 CMakeFiles/test.dir/home/alex/pico/pico-sdk/src/common/pico_time/time.c.o
                0x10001cb0                sleep_until
 .text.sleep_ms
                0x10001d88       0x38 CMakeFiles/test.dir/home/alex/pico/pico-sdk/src/common/pico_time/time.c.o
                0x10001d88                sleep_ms
 .text.best_effort_wfe_or_timeout
                0x10001dc0       0xf8 CMakeFiles/test.dir/home/alex/pico/pico-sdk/src/common/pico_time/time.c.o
                0x10001dc0                best_effort_wfe_or_timeout
 .text.timer_hardware_alarm_claim
                0x10001eb8       0x14 CMakeFiles/test.dir/home/alex/pico/pico-sdk/src/rp2_common/hardware_timer/timer.c.o
                0x10001eb8                timer_hardware_alarm_claim
 .text.timer_time_us_64
                0x10001ecc       0x10 CMakeFiles/test.dir/home/alex/pico/pico-sdk/src/rp2_common/hardware_timer/timer.c.o
                0x10001ecc                timer_time_us_64
 .text.time_us_64
                0x10001edc       0x14 CMakeFiles/test.dir/home/alex/pico/pico-sdk/src/rp2_common/hardware_timer/timer.c.o
                0x10001edc                time_us_64
 .text.busy_wait_us
                0x10001ef0       0x68 CMakeFiles/test.dir/home/alex/pico/pico-sdk/src/rp2_common/hardware_timer/timer.c.o
                0x10001ef0                busy_wait_us
 .text.busy_wait_until
                0x10001f58       0x20 CMakeFiles/test.dir/home/alex/pico/pico-sdk/src/rp2_common/hardware_timer/timer.c.o
                0x10001f58                busy_wait_until
 .text.clock_configure_int_divider
                0x10001f78       0xf4 CMakeFiles/test.dir/home/alex/pico/pico-sdk/src/rp2_common/hardware_clocks/clocks.c.o
                0x10001f78                clock_configure_int_divider
 .text.clock_configure_undivided
                0x1000206c       0xe8 CMakeFiles/test.dir/home/alex/pico/pico-sdk/src/rp2_common/hardware_clocks/clocks.c.o
                0x1000206c                clock_configure_undivided
 .text.clock_get_hz
                0x10002154        0xc CMakeFiles/test.dir/home/alex/pico/pico-sdk/src/rp2_common/hardware_clocks/clocks.c.o
                0x10002154                clock_get_hz
 .text.pll_init
                0x10002160       0xa4 CMakeFiles/test.dir/home/alex/pico/pico-sdk/src/rp2_common/hardware_pll/pll.c.o
                0x10002160                pll_init
 .text.watchdog_reboot
                0x10002204       0x9c CMakeFiles/test.dir/home/alex/pico/pico-sdk/src/rp2_common/hardware_watchdog/watchdog.c.o
                0x10002204                watchdog_reboot
 .text.tick_start
                0x100022a0       0x10 CMakeFiles/test.dir/home/alex/pico/pico-sdk/src/rp2_common/hardware_ticks/ticks.c.o
                0x100022a0                tick_start
 .text.rom_func_lookup
                0x100022b0       0x10 CMakeFiles/test.dir/home/alex/pico/pico-sdk/src/rp2_common/pico_bootrom/bootrom.c.o
                0x100022b0                rom_func_lookup
 .text.rom_data_lookup
                0x100022c0       0x10 CMakeFiles/test.dir/home/alex/pico/pico-sdk/src/rp2_common/pico_bootrom/bootrom.c.o
                0x100022c0                rom_data_lookup
 .text.rom_funcs_lookup
                0x100022d0       0x44 CMakeFiles/test.dir/home/alex/pico/pico-sdk/src/rp2_common/pico_bootrom/bootrom.c.o
                0x100022d0                rom_funcs_lookup
 .text.rom_reset_usb_boot_extra
                0x10002314       0x28 CMakeFiles/test.dir/home/alex/pico/pico-sdk/src/rp2_common/pico_bootrom/bootrom.c.o
                0x10002314                rom_reset_usb_boot_extra
 .text.xosc_init
                0x1000233c       0x28 CMakeFiles/test.dir/home/alex/pico/pico-sdk/src/rp2_common/hardware_xosc/xosc.c.o
                0x1000233c                xosc_init
 .text.first_per_core_initializer
                0x10002364        0x4 CMakeFiles/test.dir/home/alex/pico/pico-sdk/src/rp2_common/pico_runtime/runtime.c.o
 .text.hard_assertion_failure
                0x10002368        0xc CMakeFiles/test.dir/home/alex/pico/pico-sdk/src/rp2_common/pico_runtime/runtime.c.o
                0x10002368                hard_assertion_failure
 .text.runtime_run_initializers
                0x10002374       0x28 CMakeFiles/test.dir/home/alex/pico/pico-sdk/src/rp2_common/pico_runtime/runtime.c.o
                0x10002374                runtime_run_initializers
 .text.runtime_init_early_resets
                0x1000239c       0x2c CMakeFiles/test.dir/home/alex/pico/pico-sdk/src/rp2_common/pico_runtime_init/runtime_init.c.o
                0x1000239c                runtime_init_early_resets
 .text.runtime_init_usb_power_down
                0x100023c8       0x1c CMakeFiles/test.dir/home/alex/pico/pico-sdk/src/rp2_common/pico_runtime_init/runtime_init.c.o
                0x100023c8                runtime_init_usb_power_down
 .text.runtime_init_post_clock_resets
                0x100023e4       0x20 CMakeFiles/test.dir/home/alex/pico/pico-sdk/src/rp2_common/pico_runtime_init/runtime_init.c.o
                0x100023e4                runtime_init_post_clock_resets
 .text.runtime_init_rp2040_gpio_ie_disable
                0x10002404       0x14 CMakeFiles/test.dir/home/alex/pico/pico-sdk/src/rp2_common/pico_runtime_init/runtime_init.c.o
                0x10002404                runtime_init_rp2040_gpio_ie_disable
 .text.runtime_init_spin_locks_reset
                0x10002418        0x8 CMakeFiles/test.dir/home/alex/pico/pico-sdk/src/rp2_common/pico_runtime_init/runtime_init.c.o
                0x10002418                runtime_init_spin_locks_reset
 .text.runtime_init_install_ram_vector_table
                0x10002420       0xb4 CMakeFiles/test.dir/home/alex/pico/pico-sdk/src/rp2_common/pico_runtime_init/runtime_init.c.o
                0x10002420                runtime_init_install_ram_vector_table
 .text.runtime_init_clocks
                0x100024d4       0xd8 CMakeFiles/test.dir/home/alex/pico/pico-sdk/src/rp2_common/pico_runtime_init/runtime_init_clocks.c.o
                0x100024d4                runtime_init_clocks
 .text          0x100025ac       0x10 CMakeFiles/test.dir/home/alex/pico/pico-sdk/src/rp2_common/pico_bit_ops/bit_ops_aeabi.S.o
 .text.__wrap___aeabi_idiv
                0x100025bc       0x50 CMakeFiles/test.dir/home/alex/pico/pico-sdk/src/rp2_common/pico_divider/divider_hardware.S.o
                0x100025bc                __wrap___aeabi_idivmod
                0x100025bc                divmod_s32s32
                0x100025bc                div_s32s32
                0x100025bc                __wrap___aeabi_idiv
                0x100025c4                divmod_s32s32_unsafe
                0x100025f0                divmod_s32s32_savestate
 .text.__wrap___aeabi_uidiv
                0x1000260c       0x4c CMakeFiles/test.dir/home/alex/pico/pico-sdk/src/rp2_common/pico_divider/divider_hardware.S.o
                0x1000260c                __wrap___aeabi_uidiv
                0x1000260c                __wrap___aeabi_uidivmod
                0x1000260c                div_u32u32
                0x1000260c                divmod_u32u32
                0x10002614                divmod_u32u32_unsafe
                0x1000263c                divmod_u32u32_savestate
 .text.__wrap___aeabi_ldiv
                0x10002658      0x424 CMakeFiles/test.dir/home/alex/pico/pico-sdk/src/rp2_common/pico_divider/divider_hardware.S.o
                0x10002658                div_s64s64
                0x10002658                divmod_s64s64
                0x10002658                __wrap___aeabi_ldivmod
                0x10002688                div_u64u64
                0x10002688                divmod_u64u64
                0x10002688                __wrap___aeabi_uldivmod
                0x10002698                divmod_u64u64_savestate
                0x100026b8                divmod_s64s64_unsafe
                0x10002740                divmod_u64u64_unsafe
 .text.__wrap___aeabi_darithmetic
                0x10002a7c       0x80 CMakeFiles/test.dir/home/alex/pico/pico-sdk/src/rp2_common/pico_double/double_aeabi_rp2040.S.o
                0x10002a7c                __wrap___aeabi_drsub
                0x10002a82                __wrap___aeabi_dsub
                0x10002a94                __wrap___aeabi_dadd
                0x10002aa6                __wrap___aeabi_ddiv
                0x10002ae2                __wrap___aeabi_dmul
 .text.__wrap___aeabi_cdcmple
                0x10002afc       0x6c CMakeFiles/test.dir/home/alex/pico/pico-sdk/src/rp2_common/pico_double/double_aeabi_rp2040.S.o
                0x10002afc                __wrap___aeabi_cdrcmple
                0x10002b0c                __wrap___aeabi_cdcmple
                0x10002b0c                __wrap___aeabi_cdcmpeq
 .text.__wrap___aeabi_dcmplt
                0x10002b68        0xc CMakeFiles/test.dir/home/alex/pico/pico-sdk/src/rp2_common/pico_double/double_aeabi_rp2040.S.o
                0x10002b68                __wrap___aeabi_dcmplt
 .text.__wrap___aeabi_dcmpge
                0x10002b74       0x10 CMakeFiles/test.dir/home/alex/pico/pico-sdk/src/rp2_common/pico_double/double_aeabi_rp2040.S.o
                0x10002b74                __wrap___aeabi_dcmpge
 .text.__wrap___aeabi_dcmpgt
                0x10002b84        0xa CMakeFiles/test.dir/home/alex/pico/pico-sdk/src/rp2_common/pico_double/double_aeabi_rp2040.S.o
                0x10002b84                __wrap___aeabi_dcmpgt
 .text.__wrap___aeabi_dcmpun
                0x10002b8e       0x18 CMakeFiles/test.dir/home/alex/pico/pico-sdk/src/rp2_common/pico_double/double_aeabi_rp2040.S.o
                0x10002b8e                __wrap___aeabi_dcmpun
 *fill*         0x10002ba6        0x2 
 .text.__wrap___aeabi_i2d
                0x10002ba8       0x38 CMakeFiles/test.dir/home/alex/pico/pico-sdk/src/rp2_common/pico_double/double_aeabi_rp2040.S.o
                0x10002ba8                __wrap___aeabi_ui2d
                0x10002ba8                uint2double
                0x10002bb0                __wrap___aeabi_i2d
                0x10002bb0                int2double
 .text.__wrap___aeabi_d2iz
                0x10002be0       0x48 CMakeFiles/test.dir/home/alex/pico/pico-sdk/src/rp2_common/pico_double/double_aeabi_rp2040.S.o
                0x10002be0                __wrap___aeabi_d2iz
                0x10002be0                double2int_z
 .text.__wrap___aeabi_d2uiz
                0x10002c28       0x18 CMakeFiles/test.dir/home/alex/pico/pico-sdk/src/rp2_common/pico_double/double_aeabi_rp2040.S.o
                0x10002c28                double2uint_z
                0x10002c28                double2uint
                0x10002c28                __wrap___aeabi_d2uiz
 .text.__wrap___aeabi_d2f
                0x10002c40       0x18 CMakeFiles/test.dir/home/alex/pico/pico-sdk/src/rp2_common/pico_double/double_aeabi_rp2040.S.o
                0x10002c40                __wrap___aeabi_d2f
 .text.__wrap_exp
                0x10002c58       0x18 CMakeFiles/test.dir/home/alex/pico/pico-sdk/src/rp2_common/pico_double/double_aeabi_rp2040.S.o
                0x10002c58                __wrap_exp
 .text.__wrap_log
                0x10002c70       0x18 CMakeFiles/test.dir/home/alex/pico/pico-sdk/src/rp2_common/pico_double/double_aeabi_rp2040.S.o
                0x10002c70                __wrap_log
 .text.__aeabi_double_init
                0x10002c88       0xa4 CMakeFiles/test.dir/home/alex/pico/pico-sdk/src/rp2_common/pico_double/double_init_rom_rp2040.c.o
                0x10002c88                __aeabi_double_init
 .text.double_table_shim_on_use_helper
                0x10002d2c       0x2c CMakeFiles/test.dir/home/alex/pico/pico-sdk/src/rp2_common/pico_double/double_v1_rom_shim_rp2040.S.o
                0x10002d2c                double_table_shim_on_use_helper
 .text.__wrap___aeabi_dsub
                0x10002d58       0x10 CMakeFiles/test.dir/home/alex/pico/pico-sdk/src/rp2_common/pico_double/double_v1_rom_shim_rp2040.S.o
                0x10002d58                drsub_shim
                0x10002d5e                dsub_shim
 .text.dadd_shim
                0x10002d68      0x15c CMakeFiles/test.dir/home/alex/pico/pico-sdk/src/rp2_common/pico_double/double_v1_rom_shim_rp2040.S.o
                0x10002d68                dadd_shim
 .text.dmul_shim
                0x10002ec4      0x15c CMakeFiles/test.dir/home/alex/pico/pico-sdk/src/rp2_common/pico_double/double_v1_rom_shim_rp2040.S.o
                0x10002ec4                dmul_shim
 .text.ddiv_shim
                0x10003020      0x1b0 CMakeFiles/test.dir/home/alex/pico/pico-sdk/src/rp2_common/pico_double/double_v1_rom_shim_rp2040.S.o
                0x10003020                ddiv_shim
 .text.double2uint_shim
                0x100031d0        0xe CMakeFiles/test.dir/home/alex/pico/pico-sdk/src/rp2_common/pico_double/double_v1_rom_shim_rp2040.S.o
                0x100031d0                double2uint_shim
                0x100031d2                double2ufix_shim
 *fill*         0x100031de        0x2 
 .text.double2uint64_shim
                0x100031e0       0x70 CMakeFiles/test.dir/home/alex/pico/pico-sdk/src/rp2_common/pico_double/double_v1_rom_shim_rp2040.S.o
                0x100031e0                double2uint64_shim
                0x100031e2                double2ufix64_shim
                0x10003202                d2fix_a
 .text.double2float_shim
                0x10003250       0x5c CMakeFiles/test.dir/home/alex/pico/pico-sdk/src/rp2_common/pico_double/double_v1_rom_shim_rp2040.S.o
                0x10003250                double2float_shim
 .text.x2double_shims
                0x100032ac       0x90 CMakeFiles/test.dir/home/alex/pico/pico-sdk/src/rp2_common/pico_double/double_v1_rom_shim_rp2040.S.o
                0x100032ac                uint2double_shim
                0x100032ae                ufix2double_shim
                0x100032b4                int2double_shim
                0x100032b6                fix2double_shim
                0x100032bc                uint642double_shim
                0x100032be                ufix642double_shim
                0x100032c4                int642double_shim
                0x100032c6                fix642double_shim
 .text.dunpacks
                0x1000333c       0x3c CMakeFiles/test.dir/home/alex/pico/pico-sdk/src/rp2_common/pico_double/double_v1_rom_shim_rp2040.S.o
                0x1000333c                dunpacks
 .text.dreduce  0x10003378       0x82 CMakeFiles/test.dir/home/alex/pico/pico-sdk/src/rp2_common/pico_double/double_v1_rom_shim_rp2040.S.o
                0x10003378                dreduce
 *fill*         0x100033fa        0x2 
 .text.dexp_guts
                0x100033fc      0x268 CMakeFiles/test.dir/home/alex/pico/pico-sdk/src/rp2_common/pico_double/double_v1_rom_shim_rp2040.S.o
                0x100033fc                dexp_shim
                0x10003498                dln_shim
 .text.__aeabi_lmul
                0x10003664       0x32 CMakeFiles/test.dir/home/alex/pico/pico-sdk/src/rp2_common/pico_int64_ops/pico_int64_ops_aeabi.S.o
                0x10003664                __wrap___aeabi_lmul
 *fill*         0x10003696        0x2 
 .text.__wrap___aeabi_farithmetic
                0x10003698       0x48 CMakeFiles/test.dir/home/alex/pico/pico-sdk/src/rp2_common/pico_float/float_aeabi_rp2040.S.o
                0x10003698                __wrap___aeabi_frsub
                0x1000369e                __wrap___aeabi_fsub
                0x100036a4                __wrap___aeabi_fadd
                0x100036aa                __wrap___aeabi_fdiv
                0x100036d2                __wrap___aeabi_fmul
 .text.__wrap___aeabi_cfcmple
                0x100036e0       0x50 CMakeFiles/test.dir/home/alex/pico/pico-sdk/src/rp2_common/pico_float/float_aeabi_rp2040.S.o
                0x100036e0                __wrap___aeabi_cfrcmple
                0x100036ec                __wrap___aeabi_cfcmpeq
                0x100036ec                __wrap___aeabi_cfcmple
 .text.__wrap___aeabi_fcmpeq
                0x10003730       0x10 CMakeFiles/test.dir/home/alex/pico/pico-sdk/src/rp2_common/pico_float/float_aeabi_rp2040.S.o
                0x10003730                __wrap___aeabi_fcmpeq
 .text.__wrap___aeabi_fcmplt
                0x10003740        0xc CMakeFiles/test.dir/home/alex/pico/pico-sdk/src/rp2_common/pico_float/float_aeabi_rp2040.S.o
                0x10003740                __wrap___aeabi_fcmplt
 .text.__wrap___aeabi_fcmpgt
                0x1000374c        0xa CMakeFiles/test.dir/home/alex/pico/pico-sdk/src/rp2_common/pico_float/float_aeabi_rp2040.S.o
                0x1000374c                __wrap___aeabi_fcmpgt
 .text.__wrap___aeabi_ui2f
                0x10003756        0xa CMakeFiles/test.dir/home/alex/pico/pico-sdk/src/rp2_common/pico_float/float_aeabi_rp2040.S.o
                0x10003756                uint2float
                0x10003756                __wrap___aeabi_ui2f
 .text.__wrap___aeabi_i2f
                0x10003760       0x44 CMakeFiles/test.dir/home/alex/pico/pico-sdk/src/rp2_common/pico_float/float_aeabi_rp2040.S.o
                0x10003760                int2float
                0x10003760                __wrap___aeabi_i2f
 .text.__wrap___aeabi_f2iz
                0x100037a4       0x4e CMakeFiles/test.dir/home/alex/pico/pico-sdk/src/rp2_common/pico_float/float_aeabi_rp2040.S.o
                0x100037a4                __wrap___aeabi_f2iz
                0x100037a4                float2int_z
 *fill*         0x100037f2        0x2 
 .text.float2int
                0x100037f4       0x14 CMakeFiles/test.dir/home/alex/pico/pico-sdk/src/rp2_common/pico_float/float_aeabi_rp2040.S.o
                0x100037f4                float2int
 .text.__wrap___aeabi_f2uiz
                0x10003808        0xc CMakeFiles/test.dir/home/alex/pico/pico-sdk/src/rp2_common/pico_float/float_aeabi_rp2040.S.o
                0x10003808                float2uint
                0x10003808                float2uint_z
                0x10003808                __wrap___aeabi_f2uiz
 .text.__wrap___aeabi_l2f
                0x10003814       0x20 CMakeFiles/test.dir/home/alex/pico/pico-sdk/src/rp2_common/pico_float/float_aeabi_rp2040.S.o
                0x10003818                int642float
                0x10003818                __wrap___aeabi_l2f
 .text.__wrap___aeabi_f2d
                0x10003834       0x14 CMakeFiles/test.dir/home/alex/pico/pico-sdk/src/rp2_common/pico_float/float_aeabi_rp2040.S.o
                0x10003834                __wrap___aeabi_f2d
 .text.__wrap_atan2f
                0x10003848       0x14 CMakeFiles/test.dir/home/alex/pico/pico-sdk/src/rp2_common/pico_float/float_aeabi_rp2040.S.o
                0x10003848                __wrap_atan2f
 .text.__aeabi_float_init
                0x1000385c       0x64 CMakeFiles/test.dir/home/alex/pico/pico-sdk/src/rp2_common/pico_float/float_init_rom_rp2040.c.o
                0x1000385c                __aeabi_float_init
 .text.fpow_int2
                0x100038c0       0xb8 CMakeFiles/test.dir/home/alex/pico/pico-sdk/src/rp2_common/pico_float/float_math.c.o
 .text.fpow_0   0x10003978       0xfc CMakeFiles/test.dir/home/alex/pico/pico-sdk/src/rp2_common/pico_float/float_math.c.o
 .text.__wrap_powf
                0x10003a74      0x198 CMakeFiles/test.dir/home/alex/pico/pico-sdk/src/rp2_common/pico_float/float_math.c.o
                0x10003a74                __wrap_powf
 .text.float_table_shim_on_use_helper
                0x10003c0c       0x2c CMakeFiles/test.dir/home/alex/pico/pico-sdk/src/rp2_common/pico_float/float_v1_rom_shim_rp2040.S.o
                0x10003c0c                float_table_shim_on_use_helper
 .text.642float_shims
                0x10003c38       0x44 CMakeFiles/test.dir/home/alex/pico/pico-sdk/src/rp2_common/pico_float/float_v1_rom_shim_rp2040.S.o
                0x10003c38                uint642float_shim
                0x10003c3a                ufix642float_shim
                0x10003c4a                int642float_shim
                0x10003c4c                fix642float_shim
 .text.fatan2_shim
                0x10003c7c       0x88 CMakeFiles/test.dir/home/alex/pico/pico-sdk/src/rp2_common/pico_float/float_v1_rom_shim_rp2040.S.o
                0x10003c7c                fatan2_shim
 .text.float232_shims
                0x10003d04       0x18 CMakeFiles/test.dir/home/alex/pico/pico-sdk/src/rp2_common/pico_float/float_v1_rom_shim_rp2040.S.o
                0x10003d04                float2int_shim
                0x10003d06                float2fix_shim
 .text.float2double_shim
                0x10003d1c       0x30 CMakeFiles/test.dir/home/alex/pico/pico-sdk/src/rp2_common/pico_float/float_v1_rom_shim_rp2040.S.o
                0x10003d1c                float2double_shim
 .text.__wrap_malloc
                0x10003d4c       0x24 CMakeFiles/test.dir/home/alex/pico/pico-sdk/src/rp2_common/pico_malloc/malloc.c.o
                0x10003d4c                __wrap_malloc
 .text.__wrap_free
                0x10003d70        0x8 CMakeFiles/test.dir/home/alex/pico/pico-sdk/src/rp2_common/pico_malloc/malloc.c.o
                0x10003d70                __wrap_free
 .text          0x10003d78       0x10 CMakeFiles/test.dir/home/alex/pico/pico-sdk/src/rp2_common/pico_mem_ops/mem_ops_aeabi.S.o
                0x10003d78                __aeabi_mem_init
 .text.memset   0x10003d88        0xc CMakeFiles/test.dir/home/alex/pico/pico-sdk/src/rp2_common/pico_mem_ops/mem_ops_aeabi.S.o
                0x10003d88                __wrap_memset
 .text.memcpy   0x10003d94        0xc CMakeFiles/test.dir/home/alex/pico/pico-sdk/src/rp2_common/pico_mem_ops/mem_ops_aeabi.S.o
                0x10003d94                __wrap___aeabi_memcpy
                0x10003d94                __wrap_memcpy
 .text._out_buffer
                0x10003da0        0x8 CMakeFiles/test.dir/home/alex/pico/pico-sdk/src/rp2_common/pico_printf/printf.c.o
 .text._out_null
                0x10003da8        0x4 CMakeFiles/test.dir/home/alex/pico/pico-sdk/src/rp2_common/pico_printf/printf.c.o
 .text._out_rev
                0x10003dac       0xac CMakeFiles/test.dir/home/alex/pico/pico-sdk/src/rp2_common/pico_printf/printf.c.o
 .text._ntoa_format
                0x10003e58      0x250 CMakeFiles/test.dir/home/alex/pico/pico-sdk/src/rp2_common/pico_printf/printf.c.o
 .text._out_char
                0x100040a8       0x10 CMakeFiles/test.dir/home/alex/pico/pico-sdk/src/rp2_common/pico_printf/printf.c.o
 .text._out_fct
                0x100040b8       0x10 CMakeFiles/test.dir/home/alex/pico/pico-sdk/src/rp2_common/pico_printf/printf.c.o
 .text._etoa    0x100040c8      0x464 CMakeFiles/test.dir/home/alex/pico/pico-sdk/src/rp2_common/pico_printf/printf.c.o
 .text._ftoa    0x1000452c      0x3c0 CMakeFiles/test.dir/home/alex/pico/pico-sdk/src/rp2_common/pico_printf/printf.c.o
 .text._vsnprintf
                0x100048ec      0xbc8 CMakeFiles/test.dir/home/alex/pico/pico-sdk/src/rp2_common/pico_printf/printf.c.o
 .text.__wrap_snprintf
                0x100054b4       0x28 CMakeFiles/test.dir/home/alex/pico/pico-sdk/src/rp2_common/pico_printf/printf.c.o
                0x100054b4                __wrap_snprintf
 .text.vfctprintf
                0x100054dc       0x20 CMakeFiles/test.dir/home/alex/pico/pico-sdk/src/rp2_common/pico_printf/printf.c.o
                0x100054dc                vfctprintf
 .text.weak_raw_vprintf
                0x100054fc       0x30 CMakeFiles/test.dir/home/alex/pico/pico-sdk/src/rp2_common/pico_printf/printf.c.o
                0x100054fc                weak_raw_vprintf
 .text._exit    0x1000552c        0x4 CMakeFiles/test.dir/home/alex/pico/pico-sdk/src/rp2_common/pico_clib_interface/newlib_interface.c.o
                0x1000552c                _exit
 .text._sbrk    0x10005530       0x34 CMakeFiles/test.dir/home/alex/pico/pico-sdk/src/rp2_common/pico_clib_interface/newlib_interface.c.o
                0x10005530                _sbrk
 .text.exit     0x10005564        0x8 CMakeFiles/test.dir/home/alex/pico/pico-sdk/src/rp2_common/pico_clib_interface/newlib_interface.c.o
                0x10005564                exit
 .text.runtime_init
                0x1000556c       0x2c CMakeFiles/test.dir/home/alex/pico/pico-sdk/src/rp2_common/pico_clib_interface/newlib_interface.c.o
                0x1000556c                runtime_init
 .text.stdio_out_chars_no_crlf
                0x10005598       0x10 CMakeFiles/test.dir/home/alex/pico/pico-sdk/src/rp2_common/pico_stdio/stdio.c.o
 .text.stdio_out_chars_crlf
                0x100055a8       0x94 CMakeFiles/test.dir/home/alex/pico/pico-sdk/src/rp2_common/pico_stdio/stdio.c.o
 .text.stdio_buffered_printer
                0x1000563c       0x64 CMakeFiles/test.dir/home/alex/pico/pico-sdk/src/rp2_common/pico_stdio/stdio.c.o
 .text.stdio_put_string
                0x100056a0      0x100 CMakeFiles/test.dir/home/alex/pico/pico-sdk/src/rp2_common/pico_stdio/stdio.c.o
                0x100056a0                stdio_put_string
 .text.stdio_set_driver_enabled
                0x100057a0       0x30 CMakeFiles/test.dir/home/alex/pico/pico-sdk/src/rp2_common/pico_stdio/stdio.c.o
                0x100057a0                stdio_set_driver_enabled
 .text.stdio_init_all
                0x100057d0        0x8 CMakeFiles/test.dir/home/alex/pico/pico-sdk/src/rp2_common/pico_stdio/stdio.c.o
                0x100057d0                stdio_init_all
 .text.__wrap_putchar
                0x100057d8       0x98 CMakeFiles/test.dir/home/alex/pico/pico-sdk/src/rp2_common/pico_stdio/stdio.c.o
                0x100057d8                stdio_putchar
                0x100057d8                __wrap_putchar
 .text.__wrap_puts
                0x10005870       0x3c CMakeFiles/test.dir/home/alex/pico/pico-sdk/src/rp2_common/pico_stdio/stdio.c.o
                0x10005870                __wrap_puts
                0x10005870                stdio_puts
 .text.__wrap_vprintf
                0x100058ac       0xd4 CMakeFiles/test.dir/home/alex/pico/pico-sdk/src/rp2_common/pico_stdio/stdio.c.o
                0x100058ac                __wrap_vprintf
                0x100058ac                stdio_vprintf
 .text.__wrap_printf
                0x10005980       0x18 CMakeFiles/test.dir/home/alex/pico/pico-sdk/src/rp2_common/pico_stdio/stdio.c.o
                0x10005980                stdio_printf
                0x10005980                __wrap_printf
 .text.resetd_init
                0x10005998        0x4 CMakeFiles/test.dir/home/alex/pico/pico-sdk/src/rp2_common/pico_stdio_usb/reset_interface.c.o
 .text.resetd_reset
                0x1000599c        0xc CMakeFiles/test.dir/home/alex/pico/pico-sdk/src/rp2_common/pico_stdio_usb/reset_interface.c.o
 .text.resetd_open
                0x100059a8       0x28 CMakeFiles/test.dir/home/alex/pico/pico-sdk/src/rp2_common/pico_stdio_usb/reset_interface.c.o
 .text.resetd_xfer_cb
                0x100059d0        0x4 CMakeFiles/test.dir/home/alex/pico/pico-sdk/src/rp2_common/pico_stdio_usb/reset_interface.c.o
 .text.resetd_control_xfer_cb
                0x100059d4       0x5c CMakeFiles/test.dir/home/alex/pico/pico-sdk/src/rp2_common/pico_stdio_usb/reset_interface.c.o
 .text.tud_descriptor_bos_cb
                0x10005a30        0x8 CMakeFiles/test.dir/home/alex/pico/pico-sdk/src/rp2_common/pico_stdio_usb/reset_interface.c.o
                0x10005a30                tud_descriptor_bos_cb
 .text.tud_vendor_control_xfer_cb
                0x10005a38       0x34 CMakeFiles/test.dir/home/alex/pico/pico-sdk/src/rp2_common/pico_stdio_usb/reset_interface.c.o
                0x10005a38                tud_vendor_control_xfer_cb
 .text.usbd_app_driver_get_cb
                0x10005a6c        0xc CMakeFiles/test.dir/home/alex/pico/pico-sdk/src/rp2_common/pico_stdio_usb/reset_interface.c.o
                0x10005a6c                usbd_app_driver_get_cb
 .text.tud_cdc_line_coding_cb
                0x10005a78       0x2c CMakeFiles/test.dir/home/alex/pico/pico-sdk/src/rp2_common/pico_stdio_usb/reset_interface.c.o
                0x10005a78                tud_cdc_line_coding_cb
 .text.stdio_usb_set_chars_available_callback
                0x10005aa4       0x14 CMakeFiles/test.dir/home/alex/pico/pico-sdk/src/rp2_common/pico_stdio_usb/stdio_usb.c.o
                0x10005aa4                stdio_usb_set_chars_available_callback
 .text.usb_irq  0x10005ab8       0x10 CMakeFiles/test.dir/home/alex/pico/pico-sdk/src/rp2_common/pico_stdio_usb/stdio_usb.c.o
 .text.timer_task
                0x10005ac8       0x64 CMakeFiles/test.dir/home/alex/pico/pico-sdk/src/rp2_common/pico_stdio_usb/stdio_usb.c.o
 .text.stdio_usb_in_chars
                0x10005b2c       0x90 CMakeFiles/test.dir/home/alex/pico/pico-sdk/src/rp2_common/pico_stdio_usb/stdio_usb.c.o
                0x10005b2c                stdio_usb_in_chars
 .text.stdio_usb_out_flush
                0x10005bbc       0x50 CMakeFiles/test.dir/home/alex/pico/pico-sdk/src/rp2_common/pico_stdio_usb/stdio_usb.c.o
 .text.stdio_usb_out_chars
                0x10005c0c      0x104 CMakeFiles/test.dir/home/alex/pico/pico-sdk/src/rp2_common/pico_stdio_usb/stdio_usb.c.o
 .text.low_priority_worker_irq
                0x10005d10       0xcc CMakeFiles/test.dir/home/alex/pico/pico-sdk/src/rp2_common/pico_stdio_usb/stdio_usb.c.o
 .text.stdio_usb_init
                0x10005ddc       0xec CMakeFiles/test.dir/home/alex/pico/pico-sdk/src/rp2_common/pico_stdio_usb/stdio_usb.c.o
                0x10005ddc                stdio_usb_init
 .text.tud_descriptor_device_cb
                0x10005ec8        0x8 CMakeFiles/test.dir/home/alex/pico/pico-sdk/src/rp2_common/pico_stdio_usb/stdio_usb_descriptors.c.o
                0x10005ec8                tud_descriptor_device_cb
 .text.tud_descriptor_configuration_cb
                0x10005ed0        0x8 CMakeFiles/test.dir/home/alex/pico/pico-sdk/src/rp2_common/pico_stdio_usb/stdio_usb_descriptors.c.o
                0x10005ed0                tud_descriptor_configuration_cb
 .text.tud_descriptor_string_cb
                0x10005ed8       0x78 CMakeFiles/test.dir/home/alex/pico/pico-sdk/src/rp2_common/pico_stdio_usb/stdio_usb_descriptors.c.o
                0x10005ed8                tud_descriptor_string_cb
 .text.startup._retrieve_unique_id_on_boot
                0x10005f50       0x10 CMakeFiles/test.dir/home/alex/pico/pico-sdk/src/rp2_common/pico_unique_id/unique_id.c.o
 .text.pico_get_unique_board_id_string
                0x10005f60      0x1a8 CMakeFiles/test.dir/home/alex/pico/pico-sdk/src/rp2_common/pico_unique_id/unique_id.c.o
                0x10005f60                pico_get_unique_board_id_string
 .text.flash_get_unique_id
                0x10006108       0x3c CMakeFiles/test.dir/home/alex/pico/pico-sdk/src/rp2_common/hardware_flash/flash.c.o
                0x10006108                flash_get_unique_id
 .text.dcd_init
                0x10006144       0x90 CMakeFiles/test.dir/home/alex/pico/pico-sdk/lib/tinyusb/src/portable/raspberrypi/rp2040/dcd_rp2040.c.o
                0x10006144                dcd_init
 .text.dcd_int_enable
                0x100061d4        0xc CMakeFiles/test.dir/home/alex/pico/pico-sdk/lib/tinyusb/src/portable/raspberrypi/rp2040/dcd_rp2040.c.o
                0x100061d4                dcd_int_enable
 .text.dcd_set_address
                0x100061e0       0x14 CMakeFiles/test.dir/home/alex/pico/pico-sdk/lib/tinyusb/src/portable/raspberrypi/rp2040/dcd_rp2040.c.o
                0x100061e0                dcd_set_address
 .text.dcd_sof_enable
                0x100061f4       0x1c CMakeFiles/test.dir/home/alex/pico/pico-sdk/lib/tinyusb/src/portable/raspberrypi/rp2040/dcd_rp2040.c.o
                0x100061f4                dcd_sof_enable
 .text.dcd_edpt0_status_complete
                0x10006210       0x1c CMakeFiles/test.dir/home/alex/pico/pico-sdk/lib/tinyusb/src/portable/raspberrypi/rp2040/dcd_rp2040.c.o
                0x10006210                dcd_edpt0_status_complete
 .text.dcd_edpt_open
                0x1000622c      0x114 CMakeFiles/test.dir/home/alex/pico/pico-sdk/lib/tinyusb/src/portable/raspberrypi/rp2040/dcd_rp2040.c.o
                0x1000622c                dcd_edpt_open
 .text.dcd_edpt_close_all
                0x10006340        0x8 CMakeFiles/test.dir/home/alex/pico/pico-sdk/lib/tinyusb/src/portable/raspberrypi/rp2040/dcd_rp2040.c.o
                0x10006340                dcd_edpt_close_all
 .text.dcd_edpt_xfer
                0x10006348       0x24 CMakeFiles/test.dir/home/alex/pico/pico-sdk/lib/tinyusb/src/portable/raspberrypi/rp2040/dcd_rp2040.c.o
                0x10006348                dcd_edpt_xfer
 .text.dcd_edpt_stall
                0x1000636c       0x34 CMakeFiles/test.dir/home/alex/pico/pico-sdk/lib/tinyusb/src/portable/raspberrypi/rp2040/dcd_rp2040.c.o
                0x1000636c                dcd_edpt_stall
 .text.dcd_edpt_clear_stall
                0x100063a0       0x30 CMakeFiles/test.dir/home/alex/pico/pico-sdk/lib/tinyusb/src/portable/raspberrypi/rp2040/dcd_rp2040.c.o
                0x100063a0                dcd_edpt_clear_stall
 .text.rp2040_usb_init
                0x100063d0       0x40 CMakeFiles/test.dir/home/alex/pico/pico-sdk/lib/tinyusb/src/portable/raspberrypi/rp2040/rp2040_usb.c.o
                0x100063d0                rp2040_usb_init
 .text.hw_endpoint_xfer_start
                0x10006410       0x40 CMakeFiles/test.dir/home/alex/pico/pico-sdk/lib/tinyusb/src/portable/raspberrypi/rp2040/rp2040_usb.c.o
                0x10006410                hw_endpoint_xfer_start
 .text.tud_event_hook_cb
                0x10006450        0x4 CMakeFiles/test.dir/home/alex/pico/pico-sdk/lib/tinyusb/src/device/usbd.c.o
                0x10006450                tud_event_hook_cb
 .text.tud_sof_cb
                0x10006454        0x4 CMakeFiles/test.dir/home/alex/pico/pico-sdk/lib/tinyusb/src/device/usbd.c.o
                0x10006454                tud_sof_cb
 .text.tud_descriptor_device_qualifier_cb
                0x10006458        0x4 CMakeFiles/test.dir/home/alex/pico/pico-sdk/lib/tinyusb/src/device/usbd.c.o
                0x10006458                tud_descriptor_device_qualifier_cb
 .text.tud_descriptor_other_speed_configuration_cb
                0x1000645c        0x4 CMakeFiles/test.dir/home/alex/pico/pico-sdk/lib/tinyusb/src/device/usbd.c.o
                0x1000645c                tud_descriptor_other_speed_configuration_cb
 .text.tud_mount_cb
                0x10006460        0x4 CMakeFiles/test.dir/home/alex/pico/pico-sdk/lib/tinyusb/src/device/usbd.c.o
                0x10006460                tud_mount_cb
 .text.tud_umount_cb
                0x10006464        0x4 CMakeFiles/test.dir/home/alex/pico/pico-sdk/lib/tinyusb/src/device/usbd.c.o
                0x10006464                tud_umount_cb
 .text.tud_suspend_cb
                0x10006468        0x4 CMakeFiles/test.dir/home/alex/pico/pico-sdk/lib/tinyusb/src/device/usbd.c.o
                0x10006468                tud_suspend_cb
 .text.tud_resume_cb
                0x1000646c        0x4 CMakeFiles/test.dir/home/alex/pico/pico-sdk/lib/tinyusb/src/device/usbd.c.o
                0x1000646c                tud_resume_cb
 .text.tud_mounted
                0x10006470       0x10 CMakeFiles/test.dir/home/alex/pico/pico-sdk/lib/tinyusb/src/device/usbd.c.o
                0x10006470                tud_mounted
 .text.tud_suspended
                0x10006480       0x10 CMakeFiles/test.dir/home/alex/pico/pico-sdk/lib/tinyusb/src/device/usbd.c.o
                0x10006480                tud_suspended
 .text.tud_rhport_init
                0x10006490       0xfc CMakeFiles/test.dir/home/alex/pico/pico-sdk/lib/tinyusb/src/device/usbd.c.o
                0x10006490                tud_rhport_init
 .text.tud_task_ext
                0x1000658c      0x800 CMakeFiles/test.dir/home/alex/pico/pico-sdk/lib/tinyusb/src/device/usbd.c.o
                0x1000658c                tud_task_ext
 .text.usbd_open_edpt_pair
                0x10006d8c       0x9c CMakeFiles/test.dir/home/alex/pico/pico-sdk/lib/tinyusb/src/device/usbd.c.o
                0x10006d8c                usbd_open_edpt_pair
 .text.usbd_edpt_open
                0x10006e28       0x34 CMakeFiles/test.dir/home/alex/pico/pico-sdk/lib/tinyusb/src/device/usbd.c.o
                0x10006e28                usbd_edpt_open
 .text.usbd_edpt_claim
                0x10006e5c       0x28 CMakeFiles/test.dir/home/alex/pico/pico-sdk/lib/tinyusb/src/device/usbd.c.o
                0x10006e5c                usbd_edpt_claim
 .text.usbd_edpt_release
                0x10006e84       0x28 CMakeFiles/test.dir/home/alex/pico/pico-sdk/lib/tinyusb/src/device/usbd.c.o
                0x10006e84                usbd_edpt_release
 .text.usbd_edpt_xfer
                0x10006eac       0x4c CMakeFiles/test.dir/home/alex/pico/pico-sdk/lib/tinyusb/src/device/usbd.c.o
                0x10006eac                usbd_edpt_xfer
 .text.tud_control_status
                0x10006ef8       0x2c CMakeFiles/test.dir/home/alex/pico/pico-sdk/lib/tinyusb/src/device/usbd_control.c.o
                0x10006ef8                tud_control_status
 .text.tud_control_xfer
                0x10006f24       0xac CMakeFiles/test.dir/home/alex/pico/pico-sdk/lib/tinyusb/src/device/usbd_control.c.o
                0x10006f24                tud_control_xfer
 .text.usbd_control_reset
                0x10006fd0       0x14 CMakeFiles/test.dir/home/alex/pico/pico-sdk/lib/tinyusb/src/device/usbd_control.c.o
                0x10006fd0                usbd_control_reset
 .text.usbd_control_set_complete_callback
                0x10006fe4        0xc CMakeFiles/test.dir/home/alex/pico/pico-sdk/lib/tinyusb/src/device/usbd_control.c.o
                0x10006fe4                usbd_control_set_complete_callback
 .text.usbd_control_set_request
                0x10006ff0       0x1c CMakeFiles/test.dir/home/alex/pico/pico-sdk/lib/tinyusb/src/device/usbd_control.c.o
                0x10006ff0                usbd_control_set_request
 .text.usbd_control_xfer_cb
                0x1000700c       0xec CMakeFiles/test.dir/home/alex/pico/pico-sdk/lib/tinyusb/src/device/usbd_control.c.o
                0x1000700c                usbd_control_xfer_cb
 .text._prep_out_transaction.isra.0
                0x100070f8       0x6c CMakeFiles/test.dir/home/alex/pico/pico-sdk/lib/tinyusb/src/class/cdc/cdc_device.c.o
 .text.tud_cdc_n_connected
                0x10007164       0x2c CMakeFiles/test.dir/home/alex/pico/pico-sdk/lib/tinyusb/src/class/cdc/cdc_device.c.o
                0x10007164                tud_cdc_n_connected
 .text.tud_cdc_n_available
                0x10007190       0x14 CMakeFiles/test.dir/home/alex/pico/pico-sdk/lib/tinyusb/src/class/cdc/cdc_device.c.o
                0x10007190                tud_cdc_n_available
 .text.tud_cdc_n_read
                0x100071a4       0x94 CMakeFiles/test.dir/home/alex/pico/pico-sdk/lib/tinyusb/src/class/cdc/cdc_device.c.o
                0x100071a4                tud_cdc_n_read
 .text.tud_cdc_n_write_flush
                0x10007238       0x74 CMakeFiles/test.dir/home/alex/pico/pico-sdk/lib/tinyusb/src/class/cdc/cdc_device.c.o
                0x10007238                tud_cdc_n_write_flush
 .text.tud_cdc_n_write
                0x100072ac       0x40 CMakeFiles/test.dir/home/alex/pico/pico-sdk/lib/tinyusb/src/class/cdc/cdc_device.c.o
                0x100072ac                tud_cdc_n_write
 .text.tud_cdc_n_write_available
                0x100072ec       0x14 CMakeFiles/test.dir/home/alex/pico/pico-sdk/lib/tinyusb/src/class/cdc/cdc_device.c.o
                0x100072ec                tud_cdc_n_write_available
 .text.cdcd_init
                0x10007300       0x70 CMakeFiles/test.dir/home/alex/pico/pico-sdk/lib/tinyusb/src/class/cdc/cdc_device.c.o
                0x10007300                cdcd_init
 .text.cdcd_deinit
                0x10007370       0x34 CMakeFiles/test.dir/home/alex/pico/pico-sdk/lib/tinyusb/src/class/cdc/cdc_device.c.o
                0x10007370                cdcd_deinit
 .text.cdcd_reset
                0x100073a4       0x4c CMakeFiles/test.dir/home/alex/pico/pico-sdk/lib/tinyusb/src/class/cdc/cdc_device.c.o
                0x100073a4                cdcd_reset
 .text.cdcd_open
                0x100073f0       0xa8 CMakeFiles/test.dir/home/alex/pico/pico-sdk/lib/tinyusb/src/class/cdc/cdc_device.c.o
                0x100073f0                cdcd_open
 .text.cdcd_control_xfer_cb
                0x10007498       0xe8 CMakeFiles/test.dir/home/alex/pico/pico-sdk/lib/tinyusb/src/class/cdc/cdc_device.c.o
                0x10007498                cdcd_control_xfer_cb
 .text.cdcd_xfer_cb
                0x10007580      0x100 CMakeFiles/test.dir/home/alex/pico/pico-sdk/lib/tinyusb/src/class/cdc/cdc_device.c.o
                0x10007580                cdcd_xfer_cb
 .text.vendord_init
                0x10007680       0x5c CMakeFiles/test.dir/home/alex/pico/pico-sdk/lib/tinyusb/src/class/vendor/vendor_device.c.o
                0x10007680                vendord_init
 .text.vendord_deinit
                0x100076dc       0x1c CMakeFiles/test.dir/home/alex/pico/pico-sdk/lib/tinyusb/src/class/vendor/vendor_device.c.o
                0x100076dc                vendord_deinit
 .text.vendord_reset
                0x100076f8       0x28 CMakeFiles/test.dir/home/alex/pico/pico-sdk/lib/tinyusb/src/class/vendor/vendor_device.c.o
                0x100076f8                vendord_reset
 .text.vendord_open
                0x10007720      0x128 CMakeFiles/test.dir/home/alex/pico/pico-sdk/lib/tinyusb/src/class/vendor/vendor_device.c.o
                0x10007720                vendord_open
 .text.vendord_xfer_cb
                0x10007848       0x9c CMakeFiles/test.dir/home/alex/pico/pico-sdk/lib/tinyusb/src/class/vendor/vendor_device.c.o
                0x10007848                vendord_xfer_cb
 .text.tusb_rhport_init
                0x100078e4       0x48 CMakeFiles/test.dir/home/alex/pico/pico-sdk/lib/tinyusb/src/tusb.c.o
                0x100078e4                tusb_rhport_init
 .text.tu_edpt_claim
                0x1000792c       0x50 CMakeFiles/test.dir/home/alex/pico/pico-sdk/lib/tinyusb/src/tusb.c.o
                0x1000792c                tu_edpt_claim
 .text.tu_edpt_release
                0x1000797c       0x38 CMakeFiles/test.dir/home/alex/pico/pico-sdk/lib/tinyusb/src/tusb.c.o
                0x1000797c                tu_edpt_release
 .text.tu_edpt_validate
                0x100079b4       0x7c CMakeFiles/test.dir/home/alex/pico/pico-sdk/lib/tinyusb/src/tusb.c.o
                0x100079b4                tu_edpt_validate
 .text.tu_edpt_bind_driver
                0x10007a30       0x34 CMakeFiles/test.dir/home/alex/pico/pico-sdk/lib/tinyusb/src/tusb.c.o
                0x10007a30                tu_edpt_bind_driver
 .text.tu_edpt_stream_init
                0x10007a64       0x6c CMakeFiles/test.dir/home/alex/pico/pico-sdk/lib/tinyusb/src/tusb.c.o
                0x10007a64                tu_edpt_stream_init
 .text.tu_edpt_stream_deinit
                0x10007ad0        0x4 CMakeFiles/test.dir/home/alex/pico/pico-sdk/lib/tinyusb/src/tusb.c.o
                0x10007ad0                tu_edpt_stream_deinit
 .text.tu_edpt_stream_write_zlp_if_needed
                0x10007ad4       0x68 CMakeFiles/test.dir/home/alex/pico/pico-sdk/lib/tinyusb/src/tusb.c.o
                0x10007ad4                tu_edpt_stream_write_zlp_if_needed
 .text.tu_edpt_stream_write_xfer
                0x10007b3c       0x64 CMakeFiles/test.dir/home/alex/pico/pico-sdk/lib/tinyusb/src/tusb.c.o
                0x10007b3c                tu_edpt_stream_write_xfer
 .text.tu_edpt_stream_read_xfer
                0x10007ba0       0xdc CMakeFiles/test.dir/home/alex/pico/pico-sdk/lib/tinyusb/src/tusb.c.o
                0x10007ba0                tu_edpt_stream_read_xfer
 .text.tu_fifo_config
                0x10007c7c       0x6c CMakeFiles/test.dir/home/alex/pico/pico-sdk/lib/tinyusb/src/common/tusb_fifo.c.o
                0x10007c7c                tu_fifo_config
 .text.tu_fifo_count
                0x10007ce8       0x2c CMakeFiles/test.dir/home/alex/pico/pico-sdk/lib/tinyusb/src/common/tusb_fifo.c.o
                0x10007ce8                tu_fifo_count
 .text.tu_fifo_empty
                0x10007d14       0x10 CMakeFiles/test.dir/home/alex/pico/pico-sdk/lib/tinyusb/src/common/tusb_fifo.c.o
                0x10007d14                tu_fifo_empty
 .text.tu_fifo_remaining
                0x10007d24       0x2c CMakeFiles/test.dir/home/alex/pico/pico-sdk/lib/tinyusb/src/common/tusb_fifo.c.o
                0x10007d24                tu_fifo_remaining
 .text.tu_fifo_read
                0x10007d50       0x9c CMakeFiles/test.dir/home/alex/pico/pico-sdk/lib/tinyusb/src/common/tusb_fifo.c.o
                0x10007d50                tu_fifo_read
 .text.tu_fifo_read_n
                0x10007dec       0xe8 CMakeFiles/test.dir/home/alex/pico/pico-sdk/lib/tinyusb/src/common/tusb_fifo.c.o
                0x10007dec                tu_fifo_read_n
 .text.tu_fifo_write
                0x10007ed4       0xa8 CMakeFiles/test.dir/home/alex/pico/pico-sdk/lib/tinyusb/src/common/tusb_fifo.c.o
                0x10007ed4                tu_fifo_write
 .text.tu_fifo_write_n
                0x10007f7c      0x178 CMakeFiles/test.dir/home/alex/pico/pico-sdk/lib/tinyusb/src/common/tusb_fifo.c.o
                0x10007f7c                tu_fifo_write_n
 .text.tu_fifo_clear
                0x100080f4       0x40 CMakeFiles/test.dir/home/alex/pico/pico-sdk/lib/tinyusb/src/common/tusb_fifo.c.o
                0x100080f4                tu_fifo_clear
 .text.tu_fifo_set_overwritable
                0x10008134       0x48 CMakeFiles/test.dir/home/alex/pico/pico-sdk/lib/tinyusb/src/common/tusb_fifo.c.o
                0x10008134                tu_fifo_set_overwritable
 .text.adc_init
                0x1000817c       0x38 CMakeFiles/test.dir/home/alex/pico/pico-sdk/src/rp2_common/hardware_adc/adc.c.o
                0x1000817c                adc_init
 .text.i2c_read_blocking_internal.constprop.0
                0x100081b4       0x98 CMakeFiles/test.dir/home/alex/pico/pico-sdk/src/rp2_common/hardware_i2c/i2c.c.o
 .text.i2c_write_blocking_internal.constprop.0
                0x1000824c       0xd0 CMakeFiles/test.dir/home/alex/pico/pico-sdk/src/rp2_common/hardware_i2c/i2c.c.o
 .text.i2c_set_baudrate
                0x1000831c       0xc0 CMakeFiles/test.dir/home/alex/pico/pico-sdk/src/rp2_common/hardware_i2c/i2c.c.o
                0x1000831c                i2c_set_baudrate
 .text.i2c_init
                0x100083dc       0x50 CMakeFiles/test.dir/home/alex/pico/pico-sdk/src/rp2_common/hardware_i2c/i2c.c.o
                0x100083dc                i2c_init
 .text.i2c_write_blocking
                0x1000842c       0x14 CMakeFiles/test.dir/home/alex/pico/pico-sdk/src/rp2_common/hardware_i2c/i2c.c.o
                0x1000842c                i2c_write_blocking
 .text.i2c_read_blocking
                0x10008440       0x14 CMakeFiles/test.dir/home/alex/pico/pico-sdk/src/rp2_common/hardware_i2c/i2c.c.o
                0x10008440                i2c_read_blocking
 .text.ff_memalloc
                0x10008454        0x8 CMakeFiles/test.dir/lib/no-OS-FatFS-SD-SPI-RPi-Pico/FatFs_SPI/ff15/source/ffsystem.c.o
                0x10008454                ff_memalloc
 .text.ff_memfree
                0x1000845c        0x8 CMakeFiles/test.dir/lib/no-OS-FatFS-SD-SPI-RPi-Pico/FatFs_SPI/ff15/source/ffsystem.c.o
                0x1000845c                ff_memfree
 .text.ff_uni2oem
                0x10008464       0x40 CMakeFiles/test.dir/lib/no-OS-FatFS-SD-SPI-RPi-Pico/FatFs_SPI/ff15/source/ffunicode.c.o
                0x10008464                ff_uni2oem
 .text.ff_wtoupper
                0x100084a4       0xb8 CMakeFiles/test.dir/lib/no-OS-FatFS-SD-SPI-RPi-Pico/FatFs_SPI/ff15/source/ffunicode.c.o
                0x100084a4                ff_wtoupper
 .text.inc_share
                0x1000855c      0x37c CMakeFiles/test.dir/lib/no-OS-FatFS-SD-SPI-RPi-Pico/FatFs_SPI/ff15/source/ff.c.o
 .text.dir_clear
                0x100088d8      0x1b4 CMakeFiles/test.dir/lib/no-OS-FatFS-SD-SPI-RPi-Pico/FatFs_SPI/ff15/source/ff.c.o
 .text.init_alloc_info.isra.0
                0x10008a8c       0x6c CMakeFiles/test.dir/lib/no-OS-FatFS-SD-SPI-RPi-Pico/FatFs_SPI/ff15/source/ff.c.o
 .text.sync_fs  0x10008af8       0xfc CMakeFiles/test.dir/lib/no-OS-FatFS-SD-SPI-RPi-Pico/FatFs_SPI/ff15/source/ff.c.o
 .text.move_window
                0x10008bf4       0xc8 CMakeFiles/test.dir/lib/no-OS-FatFS-SD-SPI-RPi-Pico/FatFs_SPI/ff15/source/ff.c.o
 .text.put_fat.part.0
                0x10008cbc      0x160 CMakeFiles/test.dir/lib/no-OS-FatFS-SD-SPI-RPi-Pico/FatFs_SPI/ff15/source/ff.c.o
 .text.get_fat  0x10008e1c      0x1b0 CMakeFiles/test.dir/lib/no-OS-FatFS-SD-SPI-RPi-Pico/FatFs_SPI/ff15/source/ff.c.o
 .text.dir_next.constprop.0
                0x10008fcc       0xc4 CMakeFiles/test.dir/lib/no-OS-FatFS-SD-SPI-RPi-Pico/FatFs_SPI/ff15/source/ff.c.o
 .text.check_fs
                0x10009090      0x188 CMakeFiles/test.dir/lib/no-OS-FatFS-SD-SPI-RPi-Pico/FatFs_SPI/ff15/source/ff.c.o
 .text.mount_volume
                0x10009218      0xaac CMakeFiles/test.dir/lib/no-OS-FatFS-SD-SPI-RPi-Pico/FatFs_SPI/ff15/source/ff.c.o
 .text.load_xdir
                0x10009cc4      0x1c0 CMakeFiles/test.dir/lib/no-OS-FatFS-SD-SPI-RPi-Pico/FatFs_SPI/ff15/source/ff.c.o
 .text.dir_read.constprop.0
                0x10009e84      0x55c CMakeFiles/test.dir/lib/no-OS-FatFS-SD-SPI-RPi-Pico/FatFs_SPI/ff15/source/ff.c.o
 .text.dir_sdi  0x1000a3e0      0x2e0 CMakeFiles/test.dir/lib/no-OS-FatFS-SD-SPI-RPi-Pico/FatFs_SPI/ff15/source/ff.c.o
 .text.store_xdir
                0x1000a6c0      0x23c CMakeFiles/test.dir/lib/no-OS-FatFS-SD-SPI-RPi-Pico/FatFs_SPI/ff15/source/ff.c.o
 .text.dir_find
                0x1000a8fc      0x47c CMakeFiles/test.dir/lib/no-OS-FatFS-SD-SPI-RPi-Pico/FatFs_SPI/ff15/source/ff.c.o
 .text.follow_path
                0x1000ad78      0x5b8 CMakeFiles/test.dir/lib/no-OS-FatFS-SD-SPI-RPi-Pico/FatFs_SPI/ff15/source/ff.c.o
 .text.remove_chain
                0x1000b330      0x3e4 CMakeFiles/test.dir/lib/no-OS-FatFS-SD-SPI-RPi-Pico/FatFs_SPI/ff15/source/ff.c.o
 .text.create_chain
                0x1000b714      0x520 CMakeFiles/test.dir/lib/no-OS-FatFS-SD-SPI-RPi-Pico/FatFs_SPI/ff15/source/ff.c.o
 .text.dir_alloc
                0x1000bc34      0x23c CMakeFiles/test.dir/lib/no-OS-FatFS-SD-SPI-RPi-Pico/FatFs_SPI/ff15/source/ff.c.o
 .text.dir_register
                0x1000be70      0xa48 CMakeFiles/test.dir/lib/no-OS-FatFS-SD-SPI-RPi-Pico/FatFs_SPI/ff15/source/ff.c.o
 .text.f_mount  0x1000c8b8      0x1c8 CMakeFiles/test.dir/lib/no-OS-FatFS-SD-SPI-RPi-Pico/FatFs_SPI/ff15/source/ff.c.o
                0x1000c8b8                f_mount
 .text.f_open   0x1000ca80      0x890 CMakeFiles/test.dir/lib/no-OS-FatFS-SD-SPI-RPi-Pico/FatFs_SPI/ff15/source/ff.c.o
                0x1000ca80                f_open
 .text.f_write  0x1000d310      0x2f8 CMakeFiles/test.dir/lib/no-OS-FatFS-SD-SPI-RPi-Pico/FatFs_SPI/ff15/source/ff.c.o
                0x1000d310                f_write
 .text.f_sync   0x1000d608      0x2c8 CMakeFiles/test.dir/lib/no-OS-FatFS-SD-SPI-RPi-Pico/FatFs_SPI/ff15/source/ff.c.o
                0x1000d608                f_sync
 .text.sd_spi_go_high_frequency
                0x1000d8d0       0x10 CMakeFiles/test.dir/lib/no-OS-FatFS-SD-SPI-RPi-Pico/FatFs_SPI/sd_driver/sd_spi.c.o
                0x1000d8d0                sd_spi_go_high_frequency
 .text.sd_spi_go_low_frequency
                0x1000d8e0       0x14 CMakeFiles/test.dir/lib/no-OS-FatFS-SD-SPI-RPi-Pico/FatFs_SPI/sd_driver/sd_spi.c.o
                0x1000d8e0                sd_spi_go_low_frequency
 .text.sd_spi_deselect_pulse
                0x1000d8f4       0x44 CMakeFiles/test.dir/lib/no-OS-FatFS-SD-SPI-RPi-Pico/FatFs_SPI/sd_driver/sd_spi.c.o
                0x1000d8f4                sd_spi_deselect_pulse
 .text.sd_spi_acquire
                0x1000d938       0x30 CMakeFiles/test.dir/lib/no-OS-FatFS-SD-SPI-RPi-Pico/FatFs_SPI/sd_driver/sd_spi.c.o
                0x1000d938                sd_spi_acquire
 .text.sd_spi_release
                0x1000d968       0x30 CMakeFiles/test.dir/lib/no-OS-FatFS-SD-SPI-RPi-Pico/FatFs_SPI/sd_driver/sd_spi.c.o
                0x1000d968                sd_spi_release
 .text.sd_spi_transfer
                0x1000d998        0xc CMakeFiles/test.dir/lib/no-OS-FatFS-SD-SPI-RPi-Pico/FatFs_SPI/sd_driver/sd_spi.c.o
                0x1000d998                sd_spi_transfer
 .text.sd_spi_write
                0x1000d9a4       0x24 CMakeFiles/test.dir/lib/no-OS-FatFS-SD-SPI-RPi-Pico/FatFs_SPI/sd_driver/sd_spi.c.o
                0x1000d9a4                sd_spi_write
 .text.sd_spi_send_initializing_sequence
                0x1000d9c8       0x7c CMakeFiles/test.dir/lib/no-OS-FatFS-SD-SPI-RPi-Pico/FatFs_SPI/sd_driver/sd_spi.c.o
                0x1000d9c8                sd_spi_send_initializing_sequence
 .text.spi_lock
                0x1000da44        0xc CMakeFiles/test.dir/lib/no-OS-FatFS-SD-SPI-RPi-Pico/FatFs_SPI/sd_driver/spi.c.o
                0x1000da44                spi_lock
 .text.spi_unlock
                0x1000da50        0xc CMakeFiles/test.dir/lib/no-OS-FatFS-SD-SPI-RPi-Pico/FatFs_SPI/sd_driver/spi.c.o
                0x1000da50                spi_unlock
 .text.my_spi_init
                0x1000da5c      0x1b4 CMakeFiles/test.dir/lib/no-OS-FatFS-SD-SPI-RPi-Pico/FatFs_SPI/sd_driver/spi.c.o
                0x1000da5c                my_spi_init
 .text.sd_test_com
                0x1000dc10      0x1cc CMakeFiles/test.dir/lib/no-OS-FatFS-SD-SPI-RPi-Pico/FatFs_SPI/sd_driver/sd_card.c.o
 .text.sd_cmd   0x1000dddc      0x380 CMakeFiles/test.dir/lib/no-OS-FatFS-SD-SPI-RPi-Pico/FatFs_SPI/sd_driver/sd_card.c.o
 .text.sd_sectors_nolock
                0x1000e15c      0x17c CMakeFiles/test.dir/lib/no-OS-FatFS-SD-SPI-RPi-Pico/FatFs_SPI/sd_driver/sd_card.c.o
 .text.sd_read_blocks
                0x1000e2d8      0x198 CMakeFiles/test.dir/lib/no-OS-FatFS-SD-SPI-RPi-Pico/FatFs_SPI/sd_driver/sd_card.c.o
                0x1000e2d8                sd_read_blocks
 .text.sd_write_blocks
                0x1000e470      0x204 CMakeFiles/test.dir/lib/no-OS-FatFS-SD-SPI-RPi-Pico/FatFs_SPI/sd_driver/sd_card.c.o
                0x1000e470                sd_write_blocks
 .text.sd_init  0x1000e674      0x230 CMakeFiles/test.dir/lib/no-OS-FatFS-SD-SPI-RPi-Pico/FatFs_SPI/sd_driver/sd_card.c.o
 .text.sd_card_detect
                0x1000e8a4       0x44 CMakeFiles/test.dir/lib/no-OS-FatFS-SD-SPI-RPi-Pico/FatFs_SPI/sd_driver/sd_card.c.o
                0x1000e8a4                sd_card_detect
 .text.sd_sectors
                0x1000e8e8       0x30 CMakeFiles/test.dir/lib/no-OS-FatFS-SD-SPI-RPi-Pico/FatFs_SPI/sd_driver/sd_card.c.o
                0x1000e8e8                sd_sectors
 .text.sd_init_driver
                0x1000e918      0x110 CMakeFiles/test.dir/lib/no-OS-FatFS-SD-SPI-RPi-Pico/FatFs_SPI/sd_driver/sd_card.c.o
                0x1000e918                sd_init_driver
 .text.crc7     0x1000ea28       0x28 CMakeFiles/test.dir/lib/no-OS-FatFS-SD-SPI-RPi-Pico/FatFs_SPI/sd_driver/crc.c.o
                0x1000ea28                crc7
 .text.crc16    0x1000ea50       0x30 CMakeFiles/test.dir/lib/no-OS-FatFS-SD-SPI-RPi-Pico/FatFs_SPI/sd_driver/crc.c.o
                0x1000ea50                crc16
 .text.disk_status
                0x1000ea80       0x18 CMakeFiles/test.dir/lib/no-OS-FatFS-SD-SPI-RPi-Pico/FatFs_SPI/src/glue.c.o
                0x1000ea80                disk_status
 .text.disk_initialize
                0x1000ea98       0x2c CMakeFiles/test.dir/lib/no-OS-FatFS-SD-SPI-RPi-Pico/FatFs_SPI/src/glue.c.o
                0x1000ea98                disk_initialize
 .text.disk_read
                0x1000eac4       0x74 CMakeFiles/test.dir/lib/no-OS-FatFS-SD-SPI-RPi-Pico/FatFs_SPI/src/glue.c.o
                0x1000eac4                disk_read
 .text.disk_write
                0x1000eb38       0x74 CMakeFiles/test.dir/lib/no-OS-FatFS-SD-SPI-RPi-Pico/FatFs_SPI/src/glue.c.o
                0x1000eb38                disk_write
 .text.disk_ioctl
                0x1000ebac       0x3c CMakeFiles/test.dir/lib/no-OS-FatFS-SD-SPI-RPi-Pico/FatFs_SPI/src/glue.c.o
                0x1000ebac                disk_ioctl
 .text.FRESULT_str
                0x1000ebe8       0x18 CMakeFiles/test.dir/lib/no-OS-FatFS-SD-SPI-RPi-Pico/FatFs_SPI/src/f_util.c.o
                0x1000ebe8                FRESULT_str
 .text.get_fattime
                0x1000ec00       0x6c CMakeFiles/test.dir/lib/no-OS-FatFS-SD-SPI-RPi-Pico/FatFs_SPI/src/rtc.c.o
                0x1000ec00                get_fattime
 .text.spi_init
                0x1000ec6c      0x13c CMakeFiles/test.dir/home/alex/pico/pico-sdk/src/rp2_common/hardware_spi/spi.c.o
                0x1000ec6c                spi_init
 .text.spi_set_baudrate
                0x1000eda8       0xdc CMakeFiles/test.dir/home/alex/pico/pico-sdk/src/rp2_common/hardware_spi/spi.c.o
                0x1000eda8                spi_set_baudrate
 .text.dma_claim_unused_channel
                0x1000ee84       0x24 CMakeFiles/test.dir/home/alex/pico/pico-sdk/src/rp2_common/hardware_dma/dma.c.o
                0x1000ee84                dma_claim_unused_channel
 .text.rtc_get_datetime
                0x1000eea8       0x44 CMakeFiles/test.dir/home/alex/pico/pico-sdk/src/rp2_common/hardware_rtc/rtc.c.o
                0x1000eea8                rtc_get_datetime
 .text          0x1000eeec       0xc4 /usr/lib/gcc/arm-none-eabi/13.2.1/../../../arm-none-eabi/lib/thumb/v6-m/nofp/libg.a(libc_a-strchr.o)
                0x1000eeec                strchr
 .text          0x1000efb0        0xc /usr/lib/gcc/arm-none-eabi/13.2.1/../../../arm-none-eabi/lib/thumb/v6-m/nofp/libg.a(libc_a-errno.o)
                0x1000efb0                __errno
 .text          0x1000efbc      0x5b4 /usr/lib/gcc/arm-none-eabi/13.2.1/../../../arm-none-eabi/lib/thumb/v6-m/nofp/libg.a(libc_a-mallocr.o)
                0x1000efbc                _malloc_r
 .text          0x1000f570      0x288 /usr/lib/gcc/arm-none-eabi/13.2.1/../../../arm-none-eabi/lib/thumb/v6-m/nofp/libg.a(libc_a-freer.o)
                0x1000f570                _malloc_trim_r
                0x1000f624                _free_r
 .text          0x1000f7f8       0x48 /usr/lib/gcc/arm-none-eabi/13.2.1/../../../arm-none-eabi/lib/thumb/v6-m/nofp/libg.a(libc_a-memcmp.o)
                0x1000f7f8                memcmp
 .text          0x1000f840       0x28 /usr/lib/gcc/arm-none-eabi/13.2.1/../../../arm-none-eabi/lib/thumb/v6-m/nofp/libg.a(libc_a-malloc.o)
                0x1000f840                malloc
                0x1000f854                free
 .text          0x1000f868       0x1c /usr/lib/gcc/arm-none-eabi/13.2.1/../../../arm-none-eabi/lib/thumb/v6-m/nofp/libg.a(libc_a-sysconf.o)
                0x1000f868                sysconf
 .text          0x1000f884        0x8 /usr/lib/gcc/arm-none-eabi/13.2.1/../../../arm-none-eabi/lib/thumb/v6-m/nofp/libg.a(libc_a-mlock.o)
                0x1000f884                __malloc_lock
                0x1000f888                __malloc_unlock
 .text          0x1000f88c       0x10 /usr/lib/gcc/arm-none-eabi/13.2.1/../../../arm-none-eabi/lib/thumb/v6-m/nofp/libg.a(libc_a-atexit.o)
                0x1000f88c                atexit
 .text          0x1000f89c       0x5c /usr/lib/gcc/arm-none-eabi/13.2.1/../../../arm-none-eabi/lib/thumb/v6-m/nofp/libg.a(libc_a-strlen-stub.o)
                0x1000f89c                strlen
 .text          0x1000f8f8       0x24 /usr/lib/gcc/arm-none-eabi/13.2.1/../../../arm-none-eabi/lib/thumb/v6-m/nofp/libg.a(libc_a-sbrkr.o)
                0x1000f8f8                _sbrk_r
 .text          0x1000f91c       0x28 /usr/lib/gcc/arm-none-eabi/13.2.1/../../../arm-none-eabi/lib/thumb/v6-m/nofp/libg.a(libc_a-fini.o)
                0x1000f91c                __libc_fini_array
 .text          0x1000f944       0x78 /usr/lib/gcc/arm-none-eabi/13.2.1/../../../arm-none-eabi/lib/thumb/v6-m/nofp/libg.a(libc_a-__atexit.o)
                0x1000f944                __register_exitproc
 .text.startup  0x1000f9bc       0x18 /usr/lib/gcc/arm-none-eabi/13.2.1/../../../arm-none-eabi/lib/thumb/v6-m/nofp/libg.a(libc_a-__call_atexit.o)
 *(.fini)
 .fini          0x1000f9d4        0x4 /usr/lib/gcc/arm-none-eabi/13.2.1/thumb/v6-m/nofp/crti.o
                0x1000f9d4                _fini
 .fini.__stub   0x1000f9d8       0xf0 linker stubs
 *crtbegin.o(.ctors)
 *crtbegin?.o(.ctors)
 *(EXCLUDE_FILE(*crtend.o *crtend?.o) .ctors)
 *(SORT_BY_NAME(.ctors.*))
 *(.ctors)
 *crtbegin.o(.dtors)
 *crtbegin?.o(.dtors)
 *(EXCLUDE_FILE(*crtend.o *crtend?.o) .dtors)
 *(SORT_BY_NAME(.dtors.*))
 *(.dtors)
                0x1000fac8                        . = ALIGN (0x4)
                0x1000fac8                        PROVIDE (__preinit_array_start = .)
 *(SORT_BY_NAME(.preinit_array.*))
 .preinit_array.00100
                0x1000fac8        0x4 CMakeFiles/test.dir/home/alex/pico/pico-sdk/src/rp2_common/pico_runtime_init/runtime_init.c.o
                0x1000fac8                __pre_init_runtime_init_early_resets
 .preinit_array.00101
                0x1000facc        0x4 CMakeFiles/test.dir/home/alex/pico/pico-sdk/src/rp2_common/pico_runtime_init/runtime_init.c.o
                0x1000facc                __pre_init_runtime_init_usb_power_down
 .preinit_array.00275
                0x1000fad0        0x4 CMakeFiles/test.dir/home/alex/pico/pico-sdk/src/rp2_common/pico_bit_ops/bit_ops_aeabi.S.o
 .preinit_array.00300
                0x1000fad4        0x4 CMakeFiles/test.dir/home/alex/pico/pico-sdk/src/rp2_common/pico_mem_ops/mem_ops_aeabi.S.o
 .preinit_array.00350
                0x1000fad8        0x4 CMakeFiles/test.dir/home/alex/pico/pico-sdk/src/rp2_common/pico_double/double_aeabi_rp2040.S.o
 .preinit_array.00350
                0x1000fadc        0x4 CMakeFiles/test.dir/home/alex/pico/pico-sdk/src/rp2_common/pico_float/float_aeabi_rp2040.S.o
 .preinit_array.00500
                0x1000fae0        0x4 CMakeFiles/test.dir/home/alex/pico/pico-sdk/src/rp2_common/pico_runtime_init/runtime_init.c.o
                0x1000fae0                __pre_init_runtime_init_clocks
 .preinit_array.00600
                0x1000fae4        0x4 CMakeFiles/test.dir/home/alex/pico/pico-sdk/src/rp2_common/pico_runtime_init/runtime_init.c.o
                0x1000fae4                __pre_init_runtime_init_post_clock_resets
 .preinit_array.00700
                0x1000fae8        0x4 CMakeFiles/test.dir/home/alex/pico/pico-sdk/src/rp2_common/pico_runtime_init/runtime_init.c.o
                0x1000fae8                __pre_init_runtime_init_rp2040_gpio_ie_disable
 .preinit_array.01000
                0x1000faec        0x4 CMakeFiles/test.dir/home/alex/pico/pico-sdk/src/rp2_common/pico_runtime_init/runtime_init.c.o
                0x1000faec                __pre_init_runtime_init_spin_locks_reset
 .preinit_array.01100
                0x1000faf0        0x4 CMakeFiles/test.dir/home/alex/pico/pico-sdk/src/common/pico_sync/mutex.c.o
                0x1000faf0                __pre_init_runtime_init_mutex
 .preinit_array.10080
                0x1000faf4        0x4 CMakeFiles/test.dir/home/alex/pico/pico-sdk/src/rp2_common/pico_runtime_init/runtime_init.c.o
                0x1000faf4                __pre_init_runtime_init_install_ram_vector_table
 .preinit_array.11000
                0x1000faf8        0x4 CMakeFiles/test.dir/home/alex/pico/pico-sdk/src/common/pico_time/time.c.o
                0x1000faf8                __pre_init_runtime_init_default_alarm_pool
 .preinit_array.YYYYY
                0x1000fafc        0x4 CMakeFiles/test.dir/home/alex/pico/pico-sdk/src/rp2_common/pico_runtime/runtime.c.o
                0x1000fafc                __pre_init_first_per_core_initializer
 .preinit_array.ZZZZZ.01200
                0x1000fb00        0x4 CMakeFiles/test.dir/home/alex/pico/pico-sdk/src/rp2_common/hardware_irq/irq.c.o
                0x1000fb00                __pre_init_runtime_init_per_core_irq_priorities
 *(.preinit_array)
                0x1000fb04                        PROVIDE (__preinit_array_end = .)
                0x1000fb04                        . = ALIGN (0x4)
                0x1000fb04                        PROVIDE (__init_array_start = .)
 *(SORT_BY_NAME(.init_array.*))
 .init_array.00000
                0x1000fb04        0x4 /usr/lib/gcc/arm-none-eabi/13.2.1/../../../arm-none-eabi/lib/thumb/v6-m/nofp/libg.a(libc_a-__call_atexit.o)
 .init_array.01000
                0x1000fb08        0x4 CMakeFiles/test.dir/home/alex/pico/pico-sdk/src/rp2_common/pico_unique_id/unique_id.c.o
 *(.init_array)
 .init_array    0x1000fb0c        0x4 /usr/lib/gcc/arm-none-eabi/13.2.1/thumb/v6-m/nofp/crtbegin.o
                0x1000fb10                        PROVIDE (__init_array_end = .)
                0x1000fb10                        . = ALIGN (0x4)
                0x1000fb10                        PROVIDE (__fini_array_start = .)
 *(SORT_BY_NAME(.fini_array.*))
 *(.fini_array)
                0x1000fb10                        PROVIDE (__fini_array_end = .)
 *(.eh_frame*)
 .eh_frame      0x1000fb10        0x0 /usr/lib/gcc/arm-none-eabi/13.2.1/thumb/v6-m/nofp/crtbegin.o
                0x1000fb10                        . = ALIGN (0x4)

.glue_7         0x1000fb10        0x0
 .glue_7        0x1000fb10        0x0 linker stubs

.glue_7t        0x1000fb10        0x0
 .glue_7t       0x1000fb10        0x0 linker stubs

.vfp11_veneer   0x1000fb10        0x0
 .vfp11_veneer  0x1000fb10        0x0 linker stubs

.v4_bx          0x1000fb10        0x0
 .v4_bx         0x1000fb10        0x0 linker stubs

.iplt           0x1000fb10        0x0
 .iplt          0x1000fb10        0x0 /usr/lib/gcc/arm-none-eabi/13.2.1/thumb/v6-m/nofp/crtbegin.o

.rodata         0x1000fb10     0x1560
 *(EXCLUDE_FILE(*libm.a: *libc.a:*lib_a-mem*.o *libgcc.a:) .rodata*)
 .rodata.main.str1.4
                0x1000fb10      0x8c2 CMakeFiles/test.dir/main.cpp.o
                                0x29d (size before relaxing)
 .rodata._ZN6Bmp2804initEv.str1.4
                0x100103d2       0x79 CMakeFiles/test.dir/Bmp280.cpp.o
 .rodata.str1.4
                0x100103d2        0x3 CMakeFiles/test.dir/hw_config.c.o
 .rodata._ZN8SDLogger4initEv.str1.4
                0x100103d2       0x35 CMakeFiles/test.dir/SDLogger.cpp.o
 .rodata._ZN8SDLogger8openFileEPKc.str1.4
                0x100103d2       0x4f CMakeFiles/test.dir/SDLogger.cpp.o
 .rodata._ZN8SDLogger9writeLineEPKc.str1.4
                0x100103d2       0x31 CMakeFiles/test.dir/SDLogger.cpp.o
 .rodata.panic.str1.4
                0x100103d2       0x12 CMakeFiles/test.dir/home/alex/pico/pico-sdk/src/rp2_common/pico_platform_panic/panic.c.o
 .rodata.spin_lock_claim_unused.str1.4
                0x100103d2       0x1b CMakeFiles/test.dir/home/alex/pico/pico-sdk/src/rp2_common/hardware_sync/sync.c.o
 .rodata.user_irq_claim_unused.str1.4
                0x100103d2       0x1b CMakeFiles/test.dir/home/alex/pico/pico-sdk/src/rp2_common/hardware_irq/irq.c.o
 .rodata.timer_hardware_alarm_claim.str1.4
                0x100103d2       0x22 CMakeFiles/test.dir/home/alex/pico/pico-sdk/src/rp2_common/hardware_timer/timer.c.o
 .rodata.hard_assertion_failure.str1.4
                0x100103d2        0xc CMakeFiles/test.dir/home/alex/pico/pico-sdk/src/rp2_common/pico_runtime/runtime.c.o
 .rodata.__wrap_malloc.str1.4
                0x100103d2        0xe CMakeFiles/test.dir/home/alex/pico/pico-sdk/src/rp2_common/pico_malloc/malloc.c.o
 .rodata.str1.4
                0x100103d2       0x3c CMakeFiles/test.dir/home/alex/pico/pico-sdk/src/rp2_common/pico_standard_binary_info/standard_binary_info.c.o
 *fill*         0x100103d2        0x2 
 .rodata.__bi_84
                0x100103d4        0xc CMakeFiles/test.dir/home/alex/pico/pico-sdk/src/rp2_common/pico_standard_binary_info/standard_binary_info.c.o
 .rodata.__bi_78
                0x100103e0        0xc CMakeFiles/test.dir/home/alex/pico/pico-sdk/src/rp2_common/pico_standard_binary_info/standard_binary_info.c.o
 .rodata.__bi_54
                0x100103ec        0xc CMakeFiles/test.dir/home/alex/pico/pico-sdk/src/rp2_common/pico_standard_binary_info/standard_binary_info.c.o
 .rodata.__bi_48
                0x100103f8        0xc CMakeFiles/test.dir/home/alex/pico/pico-sdk/src/rp2_common/pico_standard_binary_info/standard_binary_info.c.o
 .rodata.__bi_42
                0x10010404        0xc CMakeFiles/test.dir/home/alex/pico/pico-sdk/src/rp2_common/pico_standard_binary_info/standard_binary_info.c.o
 .rodata.__bi_34
                0x10010410        0xc CMakeFiles/test.dir/home/alex/pico/pico-sdk/src/rp2_common/pico_standard_binary_info/standard_binary_info.c.o
 .rodata.__bi_26
                0x1001041c        0xc CMakeFiles/test.dir/home/alex/pico/pico-sdk/src/rp2_common/pico_standard_binary_info/standard_binary_info.c.o
 .rodata._ftoa.str1.4
                0x10010428       0x15 CMakeFiles/test.dir/home/alex/pico/pico-sdk/src/rp2_common/pico_printf/printf.c.o
 .rodata._vsnprintf
                0x10010428      0x19c CMakeFiles/test.dir/home/alex/pico/pico-sdk/src/rp2_common/pico_printf/printf.c.o
 *fill*         0x100105c4        0x4 
 .rodata.pow10.0
                0x100105c8       0x50 CMakeFiles/test.dir/home/alex/pico/pico-sdk/src/rp2_common/pico_printf/printf.c.o
 .rodata.crlf_str.0
                0x10010618        0x2 CMakeFiles/test.dir/home/alex/pico/pico-sdk/src/rp2_common/pico_stdio/stdio.c.o
 *fill*         0x1001061a        0x2 
 .rodata._resetd_driver
                0x1001061c       0x20 CMakeFiles/test.dir/home/alex/pico/pico-sdk/src/rp2_common/pico_stdio_usb/reset_interface.c.o
 .rodata.desc_ms_os_20
                0x1001063c       0xa6 CMakeFiles/test.dir/home/alex/pico/pico-sdk/src/rp2_common/pico_stdio_usb/reset_interface.c.o
 *fill*         0x100106e2        0x2 
 .rodata.desc_bos
                0x100106e4       0x21 CMakeFiles/test.dir/home/alex/pico/pico-sdk/src/rp2_common/pico_stdio_usb/reset_interface.c.o
                0x100106e4                desc_bos
 .rodata.str1.4
                0x10010705       0x13 CMakeFiles/test.dir/home/alex/pico/pico-sdk/src/rp2_common/pico_stdio_usb/stdio_usb.c.o
 *fill*         0x10010705        0x3 
 .rodata.__bi_202.0
                0x10010708        0xc CMakeFiles/test.dir/home/alex/pico/pico-sdk/src/rp2_common/pico_stdio_usb/stdio_usb.c.o
 .rodata.str1.4
                0x10010714       0x2a CMakeFiles/test.dir/home/alex/pico/pico-sdk/src/rp2_common/pico_stdio_usb/stdio_usb_descriptors.c.o
 .rodata.usbd_desc_str
                0x10010714       0x18 CMakeFiles/test.dir/home/alex/pico/pico-sdk/src/rp2_common/pico_stdio_usb/stdio_usb_descriptors.c.o
 .rodata.usbd_desc_cfg
                0x1001072c       0x54 CMakeFiles/test.dir/home/alex/pico/pico-sdk/src/rp2_common/pico_stdio_usb/stdio_usb_descriptors.c.o
 .rodata.usbd_desc_device
                0x10010780       0x12 CMakeFiles/test.dir/home/alex/pico/pico-sdk/src/rp2_common/pico_stdio_usb/stdio_usb_descriptors.c.o
 .rodata.str1.4
                0x10010792       0x14 CMakeFiles/test.dir/home/alex/pico/pico-sdk/lib/tinyusb/src/portable/raspberrypi/rp2040/dcd_rp2040.c.o
 .rodata.str1.4
                0x10010792       0x48 CMakeFiles/test.dir/home/alex/pico/pico-sdk/lib/tinyusb/src/portable/raspberrypi/rp2040/rp2040_usb.c.o
 *fill*         0x10010792        0x2 
 .rodata.tud_task_ext
                0x10010794       0x8c CMakeFiles/test.dir/home/alex/pico/pico-sdk/lib/tinyusb/src/device/usbd.c.o
 .rodata        0x10010820       0x1c CMakeFiles/test.dir/home/alex/pico/pico-sdk/lib/tinyusb/src/device/usbd.c.o
 .rodata._usbd_driver
                0x1001083c       0x40 CMakeFiles/test.dir/home/alex/pico/pico-sdk/lib/tinyusb/src/device/usbd.c.o
 .rodata.ff_wtoupper
                0x1001087c       0x24 CMakeFiles/test.dir/lib/no-OS-FatFS-SD-SPI-RPi-Pico/FatFs_SPI/ff15/source/ffunicode.c.o
 .rodata.cvt2.0
                0x100108a0       0xbc CMakeFiles/test.dir/lib/no-OS-FatFS-SD-SPI-RPi-Pico/FatFs_SPI/ff15/source/ffunicode.c.o
 .rodata.cvt1.1
                0x1001095c      0x1f2 CMakeFiles/test.dir/lib/no-OS-FatFS-SD-SPI-RPi-Pico/FatFs_SPI/ff15/source/ffunicode.c.o
 *fill*         0x10010b4e        0x2 
 .rodata.uc437  0x10010b50      0x100 CMakeFiles/test.dir/lib/no-OS-FatFS-SD-SPI-RPi-Pico/FatFs_SPI/ff15/source/ffunicode.c.o
 .rodata.check_fs.str1.4
                0x10010c50       0x15 CMakeFiles/test.dir/lib/no-OS-FatFS-SD-SPI-RPi-Pico/FatFs_SPI/ff15/source/ff.c.o
 .rodata.follow_path.str1.4
                0x10010c50       0x13 CMakeFiles/test.dir/lib/no-OS-FatFS-SD-SPI-RPi-Pico/FatFs_SPI/ff15/source/ff.c.o
 .rodata.ExCvt  0x10010c50       0x80 CMakeFiles/test.dir/lib/no-OS-FatFS-SD-SPI-RPi-Pico/FatFs_SPI/ff15/source/ff.c.o
 .rodata.LfnOfs
                0x10010cd0        0xd CMakeFiles/test.dir/lib/no-OS-FatFS-SD-SPI-RPi-Pico/FatFs_SPI/ff15/source/ff.c.o
 *fill*         0x10010cdd        0x3 
 .rodata.GUID_MS_Basic
                0x10010ce0       0x10 CMakeFiles/test.dir/lib/no-OS-FatFS-SD-SPI-RPi-Pico/FatFs_SPI/ff15/source/ff.c.o
 .rodata        0x10010cf0       0x2c CMakeFiles/test.dir/lib/no-OS-FatFS-SD-SPI-RPi-Pico/FatFs_SPI/ff15/source/ff.c.o
 .rodata.dummy.2
                0x10010d1c        0x1 CMakeFiles/test.dir/lib/no-OS-FatFS-SD-SPI-RPi-Pico/FatFs_SPI/sd_driver/spi.c.o
 .rodata.sd_init.str1.4
                0x10010d1d       0x16 CMakeFiles/test.dir/lib/no-OS-FatFS-SD-SPI-RPi-Pico/FatFs_SPI/sd_driver/sd_card.c.o
 *fill*         0x10010d1d        0x3 
 .rodata.m_Crc16Table
                0x10010d20      0x200 CMakeFiles/test.dir/lib/no-OS-FatFS-SD-SPI-RPi-Pico/FatFs_SPI/sd_driver/crc.c.o
 .rodata.m_Crc7Table
                0x10010f20      0x100 CMakeFiles/test.dir/lib/no-OS-FatFS-SD-SPI-RPi-Pico/FatFs_SPI/sd_driver/crc.c.o
 .rodata.FRESULT_str.str1.4
                0x10011020        0x8 CMakeFiles/test.dir/lib/no-OS-FatFS-SD-SPI-RPi-Pico/FatFs_SPI/src/f_util.c.o
 .rodata.str1.4
                0x10011020      0x303 CMakeFiles/test.dir/lib/no-OS-FatFS-SD-SPI-RPi-Pico/FatFs_SPI/src/f_util.c.o
 .rodata.CSWTCH.3
                0x10011020       0x50 CMakeFiles/test.dir/lib/no-OS-FatFS-SD-SPI-RPi-Pico/FatFs_SPI/src/f_util.c.o
 .rodata.dma_claim_unused_channel.str1.4
                0x10011070       0x1e CMakeFiles/test.dir/home/alex/pico/pico-sdk/src/rp2_common/hardware_dma/dma.c.o
                0x10011324                        . = ALIGN (0x4)
 *(SORT_BY_ALIGNMENT(SORT_BY_NAME(.flashdata*)))
                0x10011324                        . = ALIGN (0x4)

.ARM.extab
 *(.ARM.extab* .gnu.linkonce.armextab.*)
                0x10011070                        __exidx_start = .

.ARM.exidx
 *(.ARM.exidx* .gnu.linkonce.armexidx.*)
                0x10011070                        __exidx_end = .
                0x10011324                        . = ALIGN (0x4)
                0x10011070                        __binary_info_start = .

.binary_info    0x10011070       0x20
 *(.binary_info.keep.*)
 .binary_info.keep.__bi_ptr84
                0x10011070        0x4 CMakeFiles/test.dir/home/alex/pico/pico-sdk/src/rp2_common/pico_standard_binary_info/standard_binary_info.c.o
 .binary_info.keep.__bi_ptr78
                0x10011074        0x4 CMakeFiles/test.dir/home/alex/pico/pico-sdk/src/rp2_common/pico_standard_binary_info/standard_binary_info.c.o
 .binary_info.keep.__bi_ptr54
                0x10011078        0x4 CMakeFiles/test.dir/home/alex/pico/pico-sdk/src/rp2_common/pico_standard_binary_info/standard_binary_info.c.o
 .binary_info.keep.__bi_ptr48
                0x1001107c        0x4 CMakeFiles/test.dir/home/alex/pico/pico-sdk/src/rp2_common/pico_standard_binary_info/standard_binary_info.c.o
 .binary_info.keep.__bi_ptr42
                0x10011080        0x4 CMakeFiles/test.dir/home/alex/pico/pico-sdk/src/rp2_common/pico_standard_binary_info/standard_binary_info.c.o
 .binary_info.keep.__bi_ptr34
                0x10011084        0x4 CMakeFiles/test.dir/home/alex/pico/pico-sdk/src/rp2_common/pico_standard_binary_info/standard_binary_info.c.o
 .binary_info.keep.__bi_ptr26
                0x10011088        0x4 CMakeFiles/test.dir/home/alex/pico/pico-sdk/src/rp2_common/pico_standard_binary_info/standard_binary_info.c.o
 *(.binary_info.*)
 .binary_info.__bi_ptr202
                0x1001108c        0x4 CMakeFiles/test.dir/home/alex/pico/pico-sdk/src/rp2_common/pico_stdio_usb/stdio_usb.c.o
                0x10011090                        __binary_info_end = .
                0x10011090                        . = ALIGN (0x4)

.ram_vector_table
                0x20000000       0xc0
 *(.ram_vector_table)
 .ram_vector_table
                0x20000000       0xc0 CMakeFiles/test.dir/home/alex/pico/pico-sdk/src/rp2_common/pico_runtime_init/runtime_init.c.o
                0x20000000                ram_vector_table

.uninitialized_data
                0x200000c0        0x0
                0x200000c0                        . = ALIGN (0x4)
 *(.uninitialized_data*)

.data           0x200000c0     0x1b18 load address 0x10011090
                0x200000c0                        __data_start__ = .
 *(vtable)
 *(.time_critical*)
 .time_critical.sem_acquire_timeout_ms
                0x200000c0       0x84 CMakeFiles/test.dir/home/alex/pico/pico-sdk/src/common/pico_sync/sem.c.o
                0x200000c0                sem_acquire_timeout_ms
 .time_critical.sem_release
                0x20000144       0x4c CMakeFiles/test.dir/home/alex/pico/pico-sdk/src/common/pico_sync/sem.c.o
                0x20000144                sem_release
 .time_critical.sem_reset
                0x20000190       0x40 CMakeFiles/test.dir/home/alex/pico/pico-sdk/src/common/pico_sync/sem.c.o
                0x20000190                sem_reset
 .time_critical.mutex_enter_blocking